Component: ARM Compiler 5.06 update 7 (build 960) Tool: armlink [4d3601]

==============================================================================

Section Cross References

    main.o(i.main) refers to stm32f10x_pwr.o(i.PWR_WakeUpPinCmd) for PWR_WakeUpPinCmd
    main.o(i.main) refers to misc.o(i.NVIC_PriorityGroupConfig) for NVIC_PriorityGroupConfig
    main.o(i.main) refers to delay.o(i.Delay_init) for Delay_init
    main.o(i.main) refers to ocep.o(i.OCEP_Init) for OCEP_Init
    main.o(i.main) refers to scio.o(i.SCIO_Init) for SCIO_Init
    main.o(i.main) refers to key.o(i.Key_Init) for Key_Init
    main.o(i.main) refers to 24cxx.o(i.AT24CXX_Init) for AT24CXX_Init
    main.o(i.main) refers to usart.o(i.Load_USART_Param) for Load_USART_Param
    main.o(i.main) refers to usart.o(i.USART1_Init) for USART1_Init
    main.o(i.main) refers to usart.o(i.USART2_Init) for USART2_Init
    main.o(i.main) refers to usart.o(i.USART3_Init) for USART3_Init
    main.o(i.main) refers to usart.o(i.UART4_Init) for UART4_Init
    main.o(i.main) refers to usart.o(i.UART5_Init) for UART5_Init
    main.o(i.main) refers to remote.o(i.Remote_Reciv_Init) for Remote_Reciv_Init
    main.o(i.main) refers to remote.o(i.Remote_Send1_Init) for Remote_Send1_Init
    main.o(i.main) refers to remote.o(i.Remote_Send2_Init) for Remote_Send2_Init
    main.o(i.main) refers to w5500.o(i.SPI_Configuration) for SPI_Configuration
    main.o(i.main) refers to w5500.o(i.W5500_GPIO_Configuration) for W5500_GPIO_Configuration
    main.o(i.main) refers to w5500.o(i.Load_Net_Parameters) for Load_Net_Parameters
    main.o(i.main) refers to w5500.o(i.W5500_Hardware_Reset) for W5500_Hardware_Reset
    main.o(i.main) refers to w5500.o(i.W5500_Init) for W5500_Init
    main.o(i.main) refers to w5500.o(i.Detect_Gateway) for Detect_Gateway
    main.o(i.main) refers to w5500.o(i.Socket_Init) for Socket_Init
    main.o(i.main) refers to datapackage.o(i.Online_Reminder) for Online_Reminder
    main.o(i.main) refers to 24cxx.o(i.AT24C512_Read2Byte) for AT24C512_Read2Byte
    main.o(i.main) refers to key.o(i.Key_State) for Key_State
    main.o(i.main) refers to w5500.o(i.W5500_Socket_Set) for W5500_Socket_Set
    main.o(i.main) refers to w5500.o(i.W5500_Interrupt_Process) for W5500_Interrupt_Process
    main.o(i.main) refers to datapackage.o(i.Address_Check) for Address_Check
    main.o(i.main) refers to scio.o(i.SCIO_Ctr) for SCIO_Ctr
    main.o(i.main) refers to key.o(i.Device_Init) for Device_Init
    main.o(i.main) refers to w5500.o(i.Process_Socket_Data) for Process_Socket_Data
    main.o(i.main) refers to rt_memcpy_v6.o(.text) for __aeabi_memcpy
    main.o(i.main) refers to w5500.o(i.Write_SOCK_Data_Buffer) for Write_SOCK_Data_Buffer
    main.o(i.main) refers to datapackage.o(i.Set_NetParam) for Set_NetParam
    main.o(i.main) refers to datapackage.o(i.funcNet_OCEPCtrl) for funcNet_OCEPCtrl
    main.o(i.main) refers to remote.o(i.funcNet_StartLearn) for funcNet_StartLearn
    main.o(i.main) refers to remote.o(i.funcNet_StarSend) for funcNet_StarSend
    main.o(i.main) refers to datapackage.o(i.funcNet_MesgToRS) for funcNet_MesgToRS
    main.o(i.main) refers to datapackage.o(i.funcRS_MesgToUDP) for funcRS_MesgToUDP
    main.o(i.main) refers to datapackage.o(i.funcNet_SetUARTParam) for funcNet_SetUARTParam
    main.o(i.main) refers to datapackage.o(i.Get_NetParam) for Get_NetParam
    main.o(i.main) refers to datapackage.o(i.Get_USARTParam) for Get_USARTParam
    main.o(i.main) refers to rt_memclr.o(.text) for __aeabi_memclr
    main.o(i.main) refers to usart.o(i.USART_Proce) for USART_Proce
    main.o(i.main) refers to usart.o(.data) for Buad_Tab
    main.o(i.main) refers to remote.o(.data) for Last_DataEAddr
    main.o(i.main) refers to key.o(.data) for Key_Time
    main.o(i.main) refers to w5500.o(.data) for S0_Data
    main.o(i.main) refers to datapackage.o(.data) for check
    main.o(i.main) refers to w5500.o(.bss) for Tx_Buffer
    system_stm32f10x.o(i.SetSysClock) refers to system_stm32f10x.o(i.SetSysClockTo72) for SetSysClockTo72
    system_stm32f10x.o(i.SystemCoreClockUpdate) refers to system_stm32f10x.o(.data) for SystemCoreClock
    system_stm32f10x.o(i.SystemInit) refers to system_stm32f10x.o(i.SetSysClock) for SetSysClock
    startup_stm32f10x_hd.o(STACK) refers (Special) to heapauxi.o(.text) for __use_two_region_memory
    startup_stm32f10x_hd.o(HEAP) refers (Special) to heapauxi.o(.text) for __use_two_region_memory
    startup_stm32f10x_hd.o(RESET) refers (Special) to heapauxi.o(.text) for __use_two_region_memory
    startup_stm32f10x_hd.o(RESET) refers to startup_stm32f10x_hd.o(STACK) for __initial_sp
    startup_stm32f10x_hd.o(RESET) refers to startup_stm32f10x_hd.o(.text) for Reset_Handler
    startup_stm32f10x_hd.o(RESET) refers to stm32f10x_it.o(i.NMI_Handler) for NMI_Handler
    startup_stm32f10x_hd.o(RESET) refers to stm32f10x_it.o(i.HardFault_Handler) for HardFault_Handler
[...]
    __rt_lib_init_user_alloc_1               0x080001bf   Thumb Code     0  libinit2.o(.ARM.Collect$$libinit$$0000000C)
    __rt_lib_init_lc_collate_1               0x080001c5   Thumb Code     0  libinit2.o(.ARM.Collect$$libinit$$00000011)
    __rt_lib_init_lc_ctype_2                 0x080001c5   Thumb Code     0  libinit2.o(.ARM.Collect$$libinit$$00000012)
    __rt_lib_init_lc_ctype_1                 0x080001d1   Thumb Code     0  libinit2.o(.ARM.Collect$$libinit$$00000013)
    __rt_lib_init_lc_monetary_1              0x080001d1   Thumb Code     0  libinit2.o(.ARM.Collect$$libinit$$00000015)
    __rt_lib_init_lc_numeric_2               0x080001d1   Thumb Code     0  libinit2.o(.ARM.Collect$$libinit$$00000016)
    __rt_lib_init_alloca_1                   0x080001db   Thumb Code     0  libinit2.o(.ARM.Collect$$libinit$$0000002E)
    __rt_lib_init_argv_1                     0x080001db   Thumb Code     0  libinit2.o(.ARM.Collect$$libinit$$0000002C)
    __rt_lib_init_atexit_1                   0x080001db   Thumb Code     0  libinit2.o(.ARM.Collect$$libinit$$0000001B)
    __rt_lib_init_clock_1                    0x080001db   Thumb Code     0  libinit2.o(.ARM.Collect$$libinit$$00000021)
    __rt_lib_init_cpp_1                      0x080001db   Thumb Code     0  libinit2.o(.ARM.Collect$$libinit$$00000032)
    __rt_lib_init_exceptions_1               0x080001db   Thumb Code     0  libinit2.o(.ARM.Collect$$libinit$$00000030)
    __rt_lib_init_fp_trap_1                  0x080001db   Thumb Code     0  libinit2.o(.ARM.Collect$$libinit$$0000001F)
    __rt_lib_init_getenv_1                   0x080001db   Thumb Code     0  libinit2.o(.ARM.Collect$$libinit$$00000023)
    __rt_lib_init_lc_numeric_1               0x080001db   Thumb Code     0  libinit2.o(.ARM.Collect$$libinit$$00000017)
    __rt_lib_init_lc_time_1                  0x080001db   Thumb Code     0  libinit2.o(.ARM.Collect$$libinit$$00000019)
    __rt_lib_init_return                     0x080001db   Thumb Code     0  libinit2.o(.ARM.Collect$$libinit$$00000033)
    __rt_lib_init_signal_1                   0x080001db   Thumb Code     0  libinit2.o(.ARM.Collect$$libinit$$0000001D)
    __rt_lib_init_stdio_1                    0x080001db   Thumb Code     0  libinit2.o(.ARM.Collect$$libinit$$00000025)
    __rt_lib_shutdown                        0x080001dd   Thumb Code     0  libshutdown.o(.ARM.Collect$$libshutdown$$00000000)
    __rt_lib_shutdown_cpp_1                  0x080001df   Thumb Code     0  libshutdown2.o(.ARM.Collect$$libshutdown$$00000004)
    __rt_lib_shutdown_fini_1                 0x080001df   Thumb Code     0  libshutdown2.o(.ARM.Collect$$libshutdown$$00000002)
    __rt_lib_shutdown_fp_trap_1              0x080001df   Thumb Code     0  libshutdown2.o(.ARM.Collect$$libshutdown$$00000009)
    __rt_lib_shutdown_heap_1                 0x080001df   Thumb Code     0  libshutdown2.o(.ARM.Collect$$libshutdown$$00000011)
    __rt_lib_shutdown_return                 0x080001df   Thumb Code     0  libshutdown2.o(.ARM.Collect$$libshutdown$$00000012)
    __rt_lib_shutdown_signal_1               0x080001df   Thumb Code     0  libshutdown2.o(.ARM.Collect$$libshutdown$$0000000C)
    __rt_lib_shutdown_stdio_1                0x080001df   Thumb Code     0  libshutdown2.o(.ARM.Collect$$libshutdown$$00000006)
    __rt_lib_shutdown_user_alloc_1           0x080001df   Thumb Code     0  libshutdown2.o(.ARM.Collect$$libshutdown$$0000000E)
    __rt_entry                               0x080001e1   Thumb Code     0  __rtentry.o(.ARM.Collect$$rtentry$$00000000)
    __rt_entry_presh_1                       0x080001e1   Thumb Code     0  __rtentry2.o(.ARM.Collect$$rtentry$$00000002)
    __rt_entry_sh                            0x080001e1   Thumb Code     0  __rtentry4.o(.ARM.Collect$$rtentry$$00000004)
    __rt_entry_li                            0x080001e7   Thumb Code     0  __rtentry2.o(.ARM.Collect$$rtentry$$0000000A)
    __rt_entry_postsh_1                      0x080001e7   Thumb Code     0  __rtentry2.o(.ARM.Collect$$rtentry$$00000009)
    __rt_entry_main                          0x080001eb   Thumb Code     0  __rtentry2.o(.ARM.Collect$$rtentry$$0000000D)
    __rt_entry_postli_1                      0x080001eb   Thumb Code     0  __rtentry2.o(.ARM.Collect$$rtentry$$0000000C)
    __rt_exit                                0x080001f3   Thumb Code     0  rtexit.o(.ARM.Collect$$rtexit$$00000000)
    __rt_exit_ls                             0x080001f5   Thumb Code     0  rtexit2.o(.ARM.Collect$$rtexit$$00000003)
    __rt_exit_prels_1                        0x080001f5   Thumb Code     0  rtexit2.o(.ARM.Collect$$rtexit$$00000002)
    __rt_exit_exit                           0x080001f9   Thumb Code     0  rtexit2.o(.ARM.Collect$$rtexit$$00000004)
    Reset_Handler                            0x08000201   Thumb Code     8  startup_stm32f10x_hd.o(.text)
    _maybe_terminate_alloc                   0x08000201   Thumb Code     0  maybetermalloc1.o(.emb_text)
    ADC1_2_IRQHandler                        0x0800021b   Thumb Code     0  startup_stm32f10x_hd.o(.text)
    ADC3_IRQHandler                          0x0800021b   Thumb Code     0  startup_stm32f10x_hd.o(.text)
    CAN1_RX1_IRQHandler                      0x0800021b   Thumb Code     0  startup_stm32f10x_hd.o(.text)
    CAN1_SCE_IRQHandler                      0x0800021b   Thumb Code     0  startup_stm32f10x_hd.o(.text)
    DMA1_Channel1_IRQHandler                 0x0800021b   Thumb Code     0  startup_stm32f10x_hd.o(.text)
    DMA1_Channel2_IRQHandler                 0x0800021b   Thumb Code     0  startup_stm32f10x_hd.o(.text)
    DMA1_Channel3_IRQHandler                 0x0800021b   Thumb Code     0  startup_stm32f10x_hd.o(.text)
    DMA1_Channel4_IRQHandler                 0x0800021b   Thumb Code     0  startup_stm32f10x_hd.o(.text)
    DMA1_Channel5_IRQHandler                 0x0800021b   Thumb Code     0  startup_stm32f10x_hd.o(.text)
    DMA1_Channel6_IRQHandler                 0x0800021b   Thumb Code     0  startup_stm32f10x_hd.o(.text)
    DMA1_Channel7_IRQHandler                 0x0800021b   Thumb Code     0  startup_stm32f10x_hd.o(.text)
    DMA2_Channel1_IRQHandler                 0x0800021b   Thumb Code     0  startup_stm32f10x_hd.o(.text)
    DMA2_Channel2_IRQHandler                 0x0800021b   Thumb Code     0  startup_stm32f10x_hd.o(.text)
    DMA2_Channel3_IRQHandler                 0x0800021b   Thumb Code     0  startup_stm32f10x_hd.o(.text)
    DMA2_Channel4_5_IRQHandler               0x0800021b   Thumb Code     0  startup_stm32f10x_hd.o(.text)
    EXTI0_IRQHandler                         0x0800021b   Thumb Code     0  startup_stm32f10x_hd.o(.text)
    EXTI15_10_IRQHandler                     0x0800021b   Thumb Code     0  startup_stm32f10x_hd.o(.text)
    EXTI1_IRQHandler                         0x0800021b   Thumb Code     0  startup_stm32f10x_hd.o(.text)
    EXTI2_IRQHandler                         0x0800021b   Thumb Code     0  startup_stm32f10x_hd.o(.text)
    EXTI3_IRQHandler                         0x0800021b   Thumb Code     0  startup_stm32f10x_hd.o(.text)
    EXTI4_IRQHandler                         0x0800021b   Thumb Code     0  startup_stm32f10x_hd.o(.text)
    FLASH_IRQHandler                         0x0800021b   Thumb Code     0  startup_stm32f10x_hd.o(.text)
    FSMC_IRQHandler                          0x0800021b   Thumb Code     0  startup_stm32f10x_hd.o(.text)
    I2C1_ER_IRQHandler                       0x0800021b   Thumb Code     0  startup_stm32f10x_hd.o(.text)
    I2C1_EV_IRQHandler                       0x0800021b   Thumb Code     0  startup_stm32f10x_hd.o(.text)
    I2C2_ER_IRQHandler                       0x0800021b   Thumb Code     0  startup_stm32f10x_hd.o(.text)
    I2C2_EV_IRQHandler                       0x0800021b   Thumb Code     0  startup_stm32f10x_hd.o(.text)
    PVD_IRQHandler                           0x0800021b   Thumb Code     0  startup_stm32f10x_hd.o(.text)
    RCC_IRQHandler                           0x0800021b   Thumb Code     0  startup_stm32f10x_hd.o(.text)
    RTCAlarm_IRQHandler                      0x0800021b   Thumb Code     0  startup_stm32f10x_hd.o(.text)
    RTC_IRQHandler                           0x0800021b   Thumb Code     0  startup_stm32f10x_hd.o(.text)
    SDIO_IRQHandler                          0x0800021b   Thumb Code     0  startup_stm32f10x_hd.o(.text)
    SPI1_IRQHandler                          0x0800021b   Thumb Code     0  startup_stm32f10x_hd.o(.text)
    SPI2_IRQHandler                          0x0800021b   Thumb Code     0  startup_stm32f10x_hd.o(.text)
    SPI3_IRQHandler                          0x0800021b   Thumb Code     0  startup_stm32f10x_hd.o(.text)
    TAMPER_IRQHandler                        0x0800021b   Thumb Code     0  startup_stm32f10x_hd.o(.text)
    TIM1_BRK_IRQHandler                      0x0800021b   Thumb Code     0  startup_stm32f10x_hd.o(.text)
    TIM1_CC_IRQHandler                       0x0800021b   Thumb Code     0  startup_stm32f10x_hd.o(.text)
    TIM1_TRG_COM_IRQHandler                  0x0800021b   Thumb Code     0  startup_stm32f10x_hd.o(.text)
    TIM1_UP_IRQHandler                       0x0800021b   Thumb Code     0  startup_stm32f10x_hd.o(.text)
    TIM2_IRQHandler                          0x0800021b   Thumb Code     0  startup_stm32f10x_hd.o(.text)
    TIM4_IRQHandler                          0x0800021b   Thumb Code     0  startup_stm32f10x_hd.o(.text)
    TIM5_IRQHandler                          0x0800021b   Thumb Code     0  startup_stm32f10x_hd.o(.text)
    TIM6_IRQHandler                          0x0800021b   Thumb Code     0  startup_stm32f10x_hd.o(.text)
    TIM7_IRQHandler                          0x0800021b   Thumb Code     0  startup_stm32f10x_hd.o(.text)
    TIM8_BRK_IRQHandler                      0x0800021b   Thumb Code     0  startup_stm32f10x_hd.o(.text)
    TIM8_CC_IRQHandler                       0x0800021b   Thumb Code     0  startup_stm32f10x_hd.o(.text)
    TIM8_TRG_COM_IRQHandler                  0x0800021b   Thumb Code     0  startup_stm32f10x_hd.o(.text)
    TIM8_UP_IRQHandler                       0x0800021b   Thumb Code     0  startup_stm32f10x_hd.o(.text)
    USBWakeUp_IRQHandler                     0x0800021b   Thumb Code     0  startup_stm32f10x_hd.o(.text)
    USB_HP_CAN1_TX_IRQHandler                0x0800021b   Thumb Code     0  startup_stm32f10x_hd.o(.text)
    USB_LP_CAN1_RX0_IRQHandler               0x0800021b   Thumb Code     0  startup_stm32f10x_hd.o(.text)
    WWDG_IRQHandler                          0x0800021b   Thumb Code     0  startup_stm32f10x_hd.o(.text)
    __user_initial_stackheap                 0x0800021d   Thumb Code     0  startup_stm32f10x_hd.o(.text)
    malloc                                   0x08000241   Thumb Code    94  h1_alloc.o(.text)
    free                                     0x0800029f   Thumb Code    78  h1_free.o(.text)
    __2sprintf                               0x080002ed   Thumb Code    38  __2sprintf.o(.text)
    _printf_pre_padding                      0x08000319   Thumb Code    44  _printf_pad.o(.text)
    _printf_post_padding                     0x08000345   Thumb Code    34  _printf_pad.o(.text)
    _printf_int_dec                          0x08000369   Thumb Code   104  _printf_dec.o(.text)
    _printf_longlong_hex                     0x080003e1   Thumb Code    86  _printf_hex_int_ll_ptr.o(.text)
    _printf_int_hex                          0x08000437   Thumb Code    28  _printf_hex_int_ll_ptr.o(.text)
    _printf_ll_hex                           0x08000453   Thumb Code    12  _printf_hex_int_ll_ptr.o(.text)
    _printf_hex_ptr                          0x0800045f   Thumb Code    18  _printf_hex_int_ll_ptr.o(.text)
    __printf                                 0x08000475   Thumb Code   388  __printf_flags_ss_wp.o(.text)
    atoi                                     0x080005fd   Thumb Code    26  atoi.o(.text)
    strstr                                   0x08000617   Thumb Code    36  strstr.o(.text)
    strlen                                   0x0800063b   Thumb Code    62  strlen.o(.text)
    __aeabi_memcpy                           0x08000679   Thumb Code     0  rt_memcpy_v6.o(.text)
    __rt_memcpy                              0x08000679   Thumb Code   138  rt_memcpy_v6.o(.text)
    _memcpy_lastbytes                        0x080006df   Thumb Code     0  rt_memcpy_v6.o(.text)
    __aeabi_memcpy4                          0x08000703   Thumb Code     0  rt_memcpy_w.o(.text)
    __aeabi_memcpy8                          0x08000703   Thumb Code     0  rt_memcpy_w.o(.text)
    __rt_memcpy_w                            0x08000703   Thumb Code   100  rt_memcpy_w.o(.text)
    _memcpy_lastbytes_aligned                0x0800074b   Thumb Code     0  rt_memcpy_w.o(.text)
    __aeabi_memclr                           0x08000767   Thumb Code     0  rt_memclr.o(.text)
    __rt_memclr                              0x08000767   Thumb Code    68  rt_memclr.o(.text)
    _memset                                  0x0800076b   Thumb Code     0  rt_memclr.o(.text)
    __use_two_region_memory                  0x080007ab   Thumb Code     2  heapauxi.o(.text)
    __rt_heap_escrow                         0x080007ad   Thumb Code     2  heapauxi.o(.text)
    __rt_heap_expand                         0x080007af   Thumb Code     2  heapauxi.o(.text)
    __rt_heap_descriptor                     0x080007b1   Thumb Code     8  rt_heap_descriptor_intlibspace.o(.text)
    __aeabi_errno_addr                       0x080007b9   Thumb Code     8  rt_errno_addr_intlibspace.o(.text)
    __errno$intlibspace                      0x080007b9   Thumb Code     0  rt_errno_addr_intlibspace.o(.text)
    __rt_errno_addr$intlibspace              0x080007b9   Thumb Code     0  rt_errno_addr_intlibspace.o(.text)
    __use_no_heap                            0x080007c1   Thumb Code     2  hguard.o(.text)
    __heap$guard                             0x080007c3   Thumb Code     2  hguard.o(.text)
    _terminate_user_alloc                    0x080007c5   Thumb Code     2  init_alloc.o(.text)
    _init_user_alloc                         0x080007c7   Thumb Code     2  init_alloc.o(.text)
    __Heap_Full                              0x080007c9   Thumb Code    34  init_alloc.o(.text)
    __Heap_Broken                            0x080007eb   Thumb Code     6  init_alloc.o(.text)
    _init_alloc                              0x080007f1   Thumb Code    94  init_alloc.o(.text)
    __Heap_Initialize                        0x0800084f   Thumb Code    10  h1_init.o(.text)
    __Heap_DescSize                          0x08000859   Thumb Code     4  h1_init.o(.text)
    __read_errno                             0x0800085d   Thumb Code    10  _rserrno.o(.text)
    __set_errno                              0x08000867   Thumb Code    12  _rserrno.o(.text)
    _printf_int_common                       0x08000873   Thumb Code   178  _printf_intcommon.o(.text)
    _printf_char_common                      0x0800092f   Thumb Code    32  _printf_char_common.o(.text)
    _sputc                                   0x08000955   Thumb Code    10  _sputc.o(.text)
    __strtod_int                             0x0800099d   Thumb Code    90  strtod.o(.text)
    strtol                                   0x08000a05   Thumb Code   112  strtol.o(.text)
    __aeabi_memclr4                          0x08000a75   Thumb Code     0  rt_memclr_w.o(.text)
    __aeabi_memclr8                          0x08000a75   Thumb Code     0  rt_memclr_w.o(.text)
    __rt_memclr_w                            0x08000a75   Thumb Code    78  rt_memclr_w.o(.text)
    _memset_w                                0x08000a79   Thumb Code     0  rt_memclr_w.o(.text)
    __user_libspace                          0x08000ac5   Thumb Code     8  libspace.o(.text)
    __user_perproc_libspace                  0x08000ac5   Thumb Code     0  libspace.o(.text)
    __user_perthread_libspace                0x08000ac5   Thumb Code     0  libspace.o(.text)
    __rt_ctype_table                         0x08000acd   Thumb Code    16  rt_ctype_table.o(.text)
    __Heap_ProvideMemory                     0x08000add   Thumb Code    52  h1_extend.o(.text)
    isspace                                  0x08000b11   Thumb Code    18  isspace.o(.text)
    _sgetc                                   0x08000b23   Thumb Code    30  _sgetc.o(.text)
    _sbackspace                              0x08000b41   Thumb Code    34  _sgetc.o(.text)
    _strtoul                                 0x08000b63   Thumb Code   158  _strtoul.o(.text)
    __rt_SIGRTMEM                            0x08000c01   Thumb Code    14  defsig_rtmem_outer.o(.text)
    __I$use$semihosting                      0x08000c0f   Thumb Code     0  use_no_semi.o(.text)
    __use_no_semihosting_swi                 0x08000c0f   Thumb Code     2  use_no_semi.o(.text)
    __semihosting_library_function           0x08000c11   Thumb Code     0  indicate_semi.o(.text)
    __user_setup_stackheap                   0x08000c11   Thumb Code    74  sys_stackheap_outer.o(.text)
    __rt_locale                              0x08000c5d   Thumb Code     8  rt_locale_intlibspace.o(.text)
    _chval                                   0x08000c65   Thumb Code    28  _chval.o(.text)
    _scanf_really_real                       0x08000ecd   Thumb Code   684  scanf_fp.o(.text)
    _btod_etento                             0x08001179   Thumb Code   224  bigflt0.o(.text)
    exit                                     0x0800125d   Thumb Code    18  exit.o(.text)
    __sig_exit                               0x0800126f   Thumb Code    10  defsig_exit.o(.text)
    __rt_SIGRTMEM_inner                      0x08001279   Thumb Code    22  defsig_rtmem_inner.o(.text)
    strcmp                                   0x080012c9   Thumb Code   128  strcmpv7m.o(.text)
    _sys_exit                                0x08001349   Thumb Code     8  sys_exit.o(.text)
    __default_signal_display                 0x08001355   Thumb Code    50  defsig_general.o(.text)
    _ttywrch                                 0x08001387   Thumb Code    14  sys_wrch.o(.text)
    _scanf_really_hex_real                   0x08001395   Thumb Code   786  scanf_hexfp.o(.text)
    _scanf_really_infnan                     0x080016b5   Thumb Code   292  scanf_infnan.o(.text)
    __aeabi_llsl                             0x080017e9   Thumb Code     0  llshl.o(.text)
    _ll_shift_l                              0x080017e9   Thumb Code    38  llshl.o(.text)
    __btod_div_common                        0x0800180f   Thumb Code   696  btod.o(CL$$btod_div_common)
    _e2d                                     0x08001b49   Thumb Code   122  btod.o(CL$$btod_e2d)
    _e2e                                     0x08001bcd   Thumb Code   220  btod.o(CL$$btod_e2e)
    _btod_ediv                               0x08001ca9   Thumb Code    42  btod.o(CL$$btod_ediv)
    _btod_edivd                              0x08001cd3   Thumb Code    42  btod.o(CL$$btod_edivd)
    _btod_emul                               0x08001cfd   Thumb Code    42  btod.o(CL$$btod_emul)
    _btod_emuld                              0x08001d27   Thumb Code    42  btod.o(CL$$btod_emuld)
    __btod_mult_common                       0x08001d51   Thumb Code   580  btod.o(CL$$btod_mult_common)
    AT24C512_Read2Byte                       0x08001f95   Thumb Code    36  24cxx.o(i.AT24C512_Read2Byte)
    AT24C512_ReadLenByte                     0x08001fb9   Thumb Code    44  24cxx.o(i.AT24C512_ReadLenByte)
    AT24C512_Write2Byte                      0x08001fe5   Thumb Code    62  24cxx.o(i.AT24C512_Write2Byte)
    AT24CXX_Init                             0x08002023   Thumb Code     8  24cxx.o(i.AT24CXX_Init)
    AT24CXX_Read                             0x0800202b   Thumb Code    34  24cxx.o(i.AT24CXX_Read)
    AT24CXX_ReadOneByte                      0x0800204d   Thumb Code    84  24cxx.o(i.AT24CXX_ReadOneByte)
    AT24CXX_Write                            0x080020a1   Thumb Code    36  24cxx.o(i.AT24CXX_Write)
    AT24CXX_WriteOneByte                     0x080020c5   Thumb Code    76  24cxx.o(i.AT24CXX_WriteOneByte)
    Address_Check                            0x08002111   Thumb Code    94  datapackage.o(i.Address_Check)
    BusFault_Handler                         0x08002191   Thumb Code     4  stm32f10x_it.o(i.BusFault_Handler)
    DebugMon_Handler                         0x08002195   Thumb Code     2  stm32f10x_it.o(i.DebugMon_Handler)
    Delay_init                               0x08002199   Thumb Code    50  delay.o(i.Delay_init)
    Delay_ms                                 0x080021dd   Thumb Code    72  delay.o(i.Delay_ms)
    Delay_us                                 0x08002229   Thumb Code    72  delay.o(i.Delay_us)
    Detect_Gateway                           0x08002275   Thumb Code   194  w5500.o(i.Detect_Gateway)
    Device_Init                              0x0800233d   Thumb Code   852  key.o(i.Device_Init)
    EXTI9_5_IRQHandler                       0x0800272d   Thumb Code   536  remote.o(i.EXTI9_5_IRQHandler)
    EXTI_ClearITPendingBit                   0x080029ad   Thumb Code     6  stm32f10x_exti.o(i.EXTI_ClearITPendingBit)
    EXTI_Init                                0x080029b9   Thumb Code   142  stm32f10x_exti.o(i.EXTI_Init)
    GPIO_EXTILineConfig                      0x08002a4d   Thumb Code    60  stm32f10x_gpio.o(i.GPIO_EXTILineConfig)
    GPIO_Init                                0x08002a8d   Thumb Code   278  stm32f10x_gpio.o(i.GPIO_Init)
    GPIO_PinRemapConfig                      0x08002ba5   Thumb Code   138  stm32f10x_gpio.o(i.GPIO_PinRemapConfig)
    GPIO_ResetBits                           0x08002c35   Thumb Code     4  stm32f10x_gpio.o(i.GPIO_ResetBits)
    GPIO_SetBits                             0x08002c39   Thumb Code     4  stm32f10x_gpio.o(i.GPIO_SetBits)
    Get_NetParam                             0x08002c3d   Thumb Code   220  datapackage.o(i.Get_NetParam)
    Get_USARTParam                           0x08002d51   Thumb Code   162  datapackage.o(i.Get_USARTParam)
    HardFault_Handler                        0x08002e25   Thumb Code     4  stm32f10x_it.o(i.HardFault_Handler)
    IIC_Ack                                  0x08002e29   Thumb Code    66  24cxx.o(i.IIC_Ack)
    IIC_Init                                 0x08002e79   Thumb Code    50  24cxx.o(i.IIC_Init)
    IIC_NAck                                 0x08002eb1   Thumb Code    66  24cxx.o(i.IIC_NAck)
    IIC_Read_Byte                            0x08002f01   Thumb Code    98  24cxx.o(i.IIC_Read_Byte)
    IIC_Send_Byte                            0x08002f71   Thumb Code   104  24cxx.o(i.IIC_Send_Byte)
    IIC_Start                                0x08002fe5   Thumb Code    64  24cxx.o(i.IIC_Start)
    IIC_Stop                                 0x08003031   Thumb Code    62  24cxx.o(i.IIC_Stop)
    IIC_Wait_Ack                             0x0800307d   Thumb Code    86  24cxx.o(i.IIC_Wait_Ack)
    Key_Init                                 0x080030e1   Thumb Code   144  key.o(i.Key_Init)
    Key_State                                0x08003179   Thumb Code    14  key.o(i.Key_State)
    Load_Net_Parameters                      0x0800318d   Thumb Code   286  w5500.o(i.Load_Net_Parameters)
    Load_USART_Param                         0x080032f1   Thumb Code   268  usart.o(i.Load_USART_Param)
    MemManage_Handler                        0x08003411   Thumb Code     4  stm32f10x_it.o(i.MemManage_Handler)
    NMI_Handler                              0x08003415   Thumb Code     2  stm32f10x_it.o(i.NMI_Handler)
    NVIC_Init                                0x08003419   Thumb Code   100  misc.o(i.NVIC_Init)
    NVIC_PriorityGroupConfig                 0x08003489   Thumb Code    10  misc.o(i.NVIC_PriorityGroupConfig)
    OCEP_Init                                0x0800349d   Thumb Code   136  ocep.o(i.OCEP_Init)
    OCEP_OC                                  0x08003531   Thumb Code   216  ocep.o(i.OCEP_OC)
    Online_Reminder                          0x08003611   Thumb Code    86  datapackage.o(i.Online_Reminder)
    PWR_WakeUpPinCmd                         0x08003675   Thumb Code     6  stm32f10x_pwr.o(i.PWR_WakeUpPinCmd)
    PendSV_Handler                           0x08003681   Thumb Code     2  stm32f10x_it.o(i.PendSV_Handler)
    Process_Socket_Data                      0x08003685   Thumb Code    54  w5500.o(i.Process_Socket_Data)
    RCC_APB1PeriphClockCmd                   0x080036d1   Thumb Code    26  stm32f10x_rcc.o(i.RCC_APB1PeriphClockCmd)
    RCC_APB1PeriphResetCmd                   0x080036f1   Thumb Code    26  stm32f10x_rcc.o(i.RCC_APB1PeriphResetCmd)
    RCC_APB2PeriphClockCmd                   0x08003711   Thumb Code    26  stm32f10x_rcc.o(i.RCC_APB2PeriphClockCmd)
    RCC_APB2PeriphResetCmd                   0x08003731   Thumb Code    26  stm32f10x_rcc.o(i.RCC_APB2PeriphResetCmd)
    RCC_GetClocksFreq                        0x08003751   Thumb Code   192  stm32f10x_rcc.o(i.RCC_GetClocksFreq)
    Read_SOCK_Data_Buffer                    0x08003825   Thumb Code   292  w5500.o(i.Read_SOCK_Data_Buffer)
    Read_W5500_1Byte                         0x08003955   Thumb Code    58  w5500.o(i.Read_W5500_1Byte)
    Read_W5500_SOCK_1Byte                    0x08003999   Thumb Code    70  w5500.o(i.Read_W5500_SOCK_1Byte)
    Read_W5500_SOCK_2Byte                    0x080039e9   Thumb Code    94  w5500.o(i.Read_W5500_SOCK_2Byte)
    Remote_Reciv_Init                        0x08003a51   Thumb Code   128  remote.o(i.Remote_Reciv_Init)
    Remote_Send                              0x08003ad9   Thumb Code   232  remote.o(i.Remote_Send)
    Remote_Send1_Init                        0x08003bcd   Thumb Code   138  remote.o(i.Remote_Send1_Init)
    Remote_Send2_Init                        0x08003c61   Thumb Code   144  remote.o(i.Remote_Send2_Init)
    SCIO_Ctr                                 0x08003cf5   Thumb Code    70  scio.o(i.SCIO_Ctr)
    SCIO_Init                                0x08003d41   Thumb Code    80  scio.o(i.SCIO_Init)
    SPI1_Send_Byte                           0x08003d95   Thumb Code    28  w5500.o(i.SPI1_Send_Byte)
    SPI1_Send_Short                          0x08003db5   Thumb Code    28  w5500.o(i.SPI1_Send_Short)
    SPI_Cmd                                  0x08003dd1   Thumb Code    24  stm32f10x_spi.o(i.SPI_Cmd)
    SPI_Configuration                        0x08003de9   Thumb Code   154  w5500.o(i.SPI_Configuration)
    SPI_I2S_GetFlagStatus                    0x08003e8d   Thumb Code    18  stm32f10x_spi.o(i.SPI_I2S_GetFlagStatus)
    SPI_I2S_ReceiveData                      0x08003e9f   Thumb Code     6  stm32f10x_spi.o(i.SPI_I2S_ReceiveData)
    SPI_I2S_SendData                         0x08003ea5   Thumb Code     4  stm32f10x_spi.o(i.SPI_I2S_SendData)
    SPI_Init                                 0x08003ea9   Thumb Code    60  stm32f10x_spi.o(i.SPI_Init)
    SVC_Handler                              0x08003ee5   Thumb Code     2  stm32f10x_it.o(i.SVC_Handler)
    Set_NetParam                             0x08003fd1   Thumb Code  1142  datapackage.o(i.Set_NetParam)
    Socket_Connect                           0x08004447   Thumb Code    70  w5500.o(i.Socket_Connect)
    Socket_Init                              0x0800448d   Thumb Code    74  w5500.o(i.Socket_Init)
    Socket_Listen                            0x080044dd   Thumb Code   102  w5500.o(i.Socket_Listen)
    Socket_UDP                               0x08004543   Thumb Code    60  w5500.o(i.Socket_UDP)
    SysTick_CLKSourceConfig                  0x0800457f   Thumb Code    40  misc.o(i.SysTick_CLKSourceConfig)
    SysTick_Handler                          0x080045a7   Thumb Code     2  stm32f10x_it.o(i.SysTick_Handler)
    SystemInit                               0x080045a9   Thumb Code    78  system_stm32f10x.o(i.SystemInit)
    TIM3_IRQHandler                          0x08004609   Thumb Code    64  key.o(i.TIM3_IRQHandler)
    TIM_CCxCmd                               0x08004651   Thumb Code    30  stm32f10x_tim.o(i.TIM_CCxCmd)
    TIM_ClearITPendingBit                    0x0800466f   Thumb Code     6  stm32f10x_tim.o(i.TIM_ClearITPendingBit)
    TIM_Cmd                                  0x08004675   Thumb Code    24  stm32f10x_tim.o(i.TIM_Cmd)
    TIM_DeInit                               0x0800468d   Thumb Code   424  stm32f10x_tim.o(i.TIM_DeInit)
    TIM_ForcedOC1Config                      0x08004875   Thumb Code    18  stm32f10x_tim.o(i.TIM_ForcedOC1Config)
    TIM_ForcedOC2Config                      0x08004887   Thumb Code    26  stm32f10x_tim.o(i.TIM_ForcedOC2Config)
    TIM_GetITStatus                          0x080048a1   Thumb Code    34  stm32f10x_tim.o(i.TIM_GetITStatus)
    TIM_ITConfig                             0x080048c3   Thumb Code    18  stm32f10x_tim.o(i.TIM_ITConfig)
    TIM_OC1Init                              0x080048d5   Thumb Code   132  stm32f10x_tim.o(i.TIM_OC1Init)
    TIM_OC1PreloadConfig                     0x0800496d   Thumb Code    18  stm32f10x_tim.o(i.TIM_OC1PreloadConfig)
    TIM_OC2Init                              0x08004981   Thumb Code   154  stm32f10x_tim.o(i.TIM_OC2Init)
    TIM_OC2PreloadConfig                     0x08004a25   Thumb Code    26  stm32f10x_tim.o(i.TIM_OC2PreloadConfig)
    TIM_SelectOCxM                           0x08004a3f   Thumb Code    82  stm32f10x_tim.o(i.TIM_SelectOCxM)
    TIM_TimeBaseInit                         0x08004a91   Thumb Code   122  stm32f10x_tim.o(i.TIM_TimeBaseInit)
    UART4_IRQHandler                         0x08004b35   Thumb Code    86  usart.o(i.UART4_IRQHandler)
    UART4_Init                               0x08004ba1   Thumb Code   250  usart.o(i.UART4_Init)
    UART5_IRQHandler                         0x08004cb1   Thumb Code    88  usart.o(i.UART5_IRQHandler)
    UART5_Init                               0x08004d19   Thumb Code   162  usart.o(i.UART5_Init)
    USART1_IRQHandler                        0x08004dc9   Thumb Code   180  usart.o(i.USART1_IRQHandler)
    USART1_Init                              0x08004ea9   Thumb Code   152  usart.o(i.USART1_Init)
    USART2_IRQHandler                        0x08004f49   Thumb Code    86  usart.o(i.USART2_IRQHandler)
    USART2_Init                              0x08004fb5   Thumb Code   242  usart.o(i.USART2_Init)
    USART3_IRQHandler                        0x080050bd   Thumb Code    86  usart.o(i.USART3_IRQHandler)
    USART3_Init                              0x08005129   Thumb Code   248  usart.o(i.USART3_Init)
    USART_ClearITPendingBit                  0x08005235   Thumb Code    30  stm32f10x_usart.o(i.USART_ClearITPendingBit)
    USART_Cmd                                0x08005253   Thumb Code    24  stm32f10x_usart.o(i.USART_Cmd)
    USART_DeInit                             0x0800526d   Thumb Code   134  stm32f10x_usart.o(i.USART_DeInit)
    USART_GetFlagStatus                      0x08005309   Thumb Code    26  stm32f10x_usart.o(i.USART_GetFlagStatus)
    USART_GetITStatus                        0x08005323   Thumb Code    84  stm32f10x_usart.o(i.USART_GetITStatus)
    USART_ITConfig                           0x08005377   Thumb Code    74  stm32f10x_usart.o(i.USART_ITConfig)
    USART_Init                               0x080053c1   Thumb Code   210  stm32f10x_usart.o(i.USART_Init)
    USART_Proce                              0x08005499   Thumb Code   182  usart.o(i.USART_Proce)
    USART_ReceiveData                        0x080055a1   Thumb Code    10  stm32f10x_usart.o(i.USART_ReceiveData)
    USART_SendData                           0x080055ab   Thumb Code     8  stm32f10x_usart.o(i.USART_SendData)
    USARTx_SendArray                         0x080055b3   Thumb Code    34  usart.o(i.USARTx_SendArray)
    USARTx_SendByte                          0x080055d5   Thumb Code    30  usart.o(i.USARTx_SendByte)
    USARTx_SendString                        0x080055f3   Thumb Code    30  usart.o(i.USARTx_SendString)
    UpLine_Mesg                              0x08005611   Thumb Code    82  datapackage.o(i.UpLine_Mesg)
    UsageFault_Handler                       0x080056b9   Thumb Code     4  stm32f10x_it.o(i.UsageFault_Handler)
    W5500_GPIO_Configuration                 0x080056bd   Thumb Code    38  w5500.o(i.W5500_GPIO_Configuration)
    W5500_Hardware_Reset                     0x080056e9   Thumb Code    32  w5500.o(i.W5500_Hardware_Reset)
    W5500_Init                               0x0800570d   Thumb Code   110  w5500.o(i.W5500_Init)
    W5500_Interrupt_Process                  0x0800578d   Thumb Code   156  w5500.o(i.W5500_Interrupt_Process)
    W5500_Socket_Set                         0x08005831   Thumb Code   100  w5500.o(i.W5500_Socket_Set)
    Write_SOCK_Data_Buffer                   0x0800589d   Thumb Code   256  w5500.o(i.Write_SOCK_Data_Buffer)
    Write_W5500_1Byte                        0x080059a9   Thumb Code    42  w5500.o(i.Write_W5500_1Byte)
    Write_W5500_2Byte                        0x080059d9   Thumb Code    42  w5500.o(i.Write_W5500_2Byte)
    Write_W5500_SOCK_1Byte                   0x08005a09   Thumb Code    54  w5500.o(i.Write_W5500_SOCK_1Byte)
    Write_W5500_SOCK_2Byte                   0x08005a45   Thumb Code    54  w5500.o(i.Write_W5500_SOCK_2Byte)
    Write_W5500_SOCK_4Byte                   0x08005a81   Thumb Code    80  w5500.o(i.Write_W5500_SOCK_4Byte)
    Write_W5500_nByte                        0x08005ad5   Thumb Code    62  w5500.o(i.Write_W5500_nByte)
    __mathlib_dbl_overflow                   0x08005b19   Thumb Code    14  dunder.o(i.__mathlib_dbl_overflow)
    __mathlib_dbl_underflow                  0x08005b29   Thumb Code    10  dunder.o(i.__mathlib_dbl_underflow)
    __mathlib_narrow                         0x08005b39   Thumb Code    16  narrow.o(i.__mathlib_narrow)
    __mathlib_tofloat                        0x08005b49   Thumb Code   184  narrow.o(i.__mathlib_tofloat)
    __support_ldexp                          0x08005c05   Thumb Code    22  ldexp.o(i.__support_ldexp)
    _is_digit                                0x08005c1b   Thumb Code    14  __printf_wp.o(i._is_digit)
    atof                                     0x08005c29   Thumb Code    42  atof.o(i.atof)
    frexp                                    0x08005c55   Thumb Code    80  frexp.o(i.frexp)
    funcNet_MesgToRS                         0x08005cad   Thumb Code   218  datapackage.o(i.funcNet_MesgToRS)
    funcNet_OCEPCtrl                         0x08005dc9   Thumb Code   244  datapackage.o(i.funcNet_OCEPCtrl)
    funcNet_SetUARTParam                     0x08005ed5   Thumb Code   866  datapackage.o(i.funcNet_SetUARTParam)
    funcNet_StarSend                         0x0800629d   Thumb Code   190  remote.o(i.funcNet_StarSend)
    funcNet_StartLearn                       0x08006391   Thumb Code    30  remote.o(i.funcNet_StartLearn)
    funcRS_MesgToUDP                         0x080063c9   Thumb Code   240  datapackage.o(i.funcRS_MesgToUDP)
    funcRS_OCEPCtrl                          0x08006501   Thumb Code   132  datapackage.o(i.funcRS_OCEPCtrl)
    funcRS_StarSend                          0x08006595   Thumb Code   186  remote.o(i.funcRS_StarSend)
    funcRS_StartLearn                        0x08006681   Thumb Code    28  remote.o(i.funcRS_StartLearn)
    ldexp                                    0x080066b5   Thumb Code   116  ldexp.o(i.ldexp)
    main                                     0x08006729   Thumb Code   322  main.o(i.main)
    _get_lc_numeric                          0x080068a9   Thumb Code    44  lc_numeric_c.o(locale$$code)
    _get_lc_ctype                            0x080068d5   Thumb Code    44  lc_ctype_c.o(locale$$code)
    __aeabi_d2f                              0x08006901   Thumb Code     0  d2f.o(x$fpl$d2f)
    _d2f                                     0x08006901   Thumb Code    98  d2f.o(x$fpl$d2f)
    __fpl_dcheck_NaN1                        0x08006965   Thumb Code    10  dcheck1.o(x$fpl$dcheck1)
    __fpl_dcmp_Inf                           0x08006975   Thumb Code    24  dcmpi.o(x$fpl$dcmpinf)
    __aeabi_cdcmpeq                          0x0800698d   Thumb Code     0  deqf.o(x$fpl$deqf)
    _dcmpeq                                  0x0800698d   Thumb Code   120  deqf.o(x$fpl$deqf)
    __aeabi_d2uiz                            0x08006a05   Thumb Code     0  dfixu.o(x$fpl$dfixu)
    _dfixu                                   0x08006a05   Thumb Code    90  dfixu.o(x$fpl$dfixu)
    __aeabi_cdcmple                          0x08006a61   Thumb Code     0  dleqf.o(x$fpl$dleqf)
    _dcmple                                  0x08006a61   Thumb Code   120  dleqf.o(x$fpl$dleqf)
    __fpl_dcmple_InfNaN                      0x08006ac3   Thumb Code     0  dleqf.o(x$fpl$dleqf)
    __fpl_dnaninf                            0x08006ad9   Thumb Code   156  dnaninf.o(x$fpl$dnaninf)
    __aeabi_cdrcmple                         0x08006b75   Thumb Code     0  drleqf.o(x$fpl$drleqf)
    _drcmple                                 0x08006b75   Thumb Code   108  drleqf.o(x$fpl$drleqf)
    __fpl_fcmp_Inf                           0x08006be1   Thumb Code    24  fcmpi.o(x$fpl$fcmpinf)
    __aeabi_f2uiz                            0x08006bf9   Thumb Code     0  ffixu.o(x$fpl$ffixu)
    _ffixu                                   0x08006bf9   Thumb Code    62  ffixu.o(x$fpl$ffixu)
    __aeabi_cfcmple                          0x08006c39   Thumb Code     0  fleqf.o(x$fpl$fleqf)
    _fcmple                                  0x08006c39   Thumb Code   104  fleqf.o(x$fpl$fleqf)
    __fpl_fcmple_InfNaN                      0x08006c8b   Thumb Code     0  fleqf.o(x$fpl$fleqf)
    __fpl_fnaninf                            0x08006ca1   Thumb Code   140  fnaninf.o(x$fpl$fnaninf)
    __fpl_fretinf                            0x08006d2d   Thumb Code    10  fretinf.o(x$fpl$fretinf)
    __aeabi_cfrcmple                         0x08006d37   Thumb Code     0  frleqf.o(x$fpl$frleqf)
    _frcmple                                 0x08006d37   Thumb Code    98  frleqf.o(x$fpl$frleqf)
    __ieee_status                            0x08006d99   Thumb Code     6  istatus.o(x$fpl$ieeestatus)
    __fpl_return_NaN                         0x08006d9f   Thumb Code   100  retnan.o(x$fpl$retnan)
    __ARM_scalbn                             0x08006e03   Thumb Code    92  scalbn.o(x$fpl$scalbn)
    _scanf_real                              0x08006e5f   Thumb Code     4  scanf1.o(x$fpl$scanf1)
    _scanf_hex_real                          0x08006e63   Thumb Code     4  scanf2.o(x$fpl$scanf2)
    _scanf_infnan                            0x08006e67   Thumb Code     4  scanf2.o(x$fpl$scanf2)
    __fpl_cmpreturn                          0x08006e6b   Thumb Code    48  trapv.o(x$fpl$trapveneer)
    __I$use$fp                               0x08006e9a   Number         0  usenofp.o(x$fpl$usenofp)
    Region$$Table$$Base                      0x080070f8   Number         0  anon$$obj.o(Region$$Table)
    Region$$Table$$Limit                     0x08007118   Number         0  anon$$obj.o(Region$$Table)
    __aeabi_HUGE_VAL                         0x08007118   Data           0  fpconst.o(c$$dinf)
    __aeabi_HUGE_VALL                        0x08007118   Data           0  fpconst.o(c$$dinf)
    __aeabi_INFINITY                         0x08007118   Data           0  fpconst.o(c$$dinf)
    __dInf                                   0x08007118   Data           0  fpconst.o(c$$dinf)
    __huge_val                               0x08007118   Data           0  fpconst.o(c$$dinf)
    __dbl_max                                0x08007120   Data           0  fpconst.o(c$$dmax)
    __ctype                                  0x08007151   Data           0  lc_ctype_c.o(locale$$data)
    RS485BUF_1                               0x20000000   Data           1  main.o(.data)
    RS485BUF_2                               0x20000001   Data           1  main.o(.data)
    RS485BUF_3                               0x20000002   Data           1  main.o(.data)
    W5500_Send_Delay_Counter                 0x20000004   Data           2  main.o(.data)
    i                                        0x20000006   Data           1  main.o(.data)
    IR_CodeStartAddr                         0x20000008   Data           2  main.o(.data)
    SystemCoreClock                          0x2000000c   Data           4  system_stm32f10x.o(.data)
    AHBPrescTable                            0x20000010   Data          16  system_stm32f10x.o(.data)
    USART1_RxFlag                            0x20000034   Data           1  usart.o(.data)
    USART1_RxState                           0x20000035   Data           1  usart.o(.data)
    rx1_cnt                                  0x20000036   Data           1  usart.o(.data)
    USART2_RxFlag                            0x20000037   Data           1  usart.o(.data)
    USART2_RxState                           0x20000038   Data           1  usart.o(.data)
    rx2_cnt                                  0x20000039   Data           1  usart.o(.data)
    USART3_RxFlag                            0x2000003a   Data           1  usart.o(.data)
    USART3_RxState                           0x2000003b   Data           1  usart.o(.data)
    rx3_cnt                                  0x2000003c   Data           1  usart.o(.data)
    UART4_RxFlag                             0x2000003d   Data           1  usart.o(.data)
    USART4_RxState                           0x2000003e   Data           1  usart.o(.data)
    rx4_cnt                                  0x2000003f   Data           1  usart.o(.data)
    UART5_RxFlag                             0x20000040   Data           1  usart.o(.data)
    rx5_cnt                                  0x20000041   Data           1  usart.o(.data)
    USART_Channel                            0x20000042   Data           1  usart.o(.data)
    startup_flag                             0x20000043   Data           1  usart.o(.data)
    Buad_Tab                                 0x20000044   Data          12  usart.o(.data)
    USART2_Config                            0x20000050   Data           4  usart.o(.data)
    USART3_Config                            0x20000054   Data           4  usart.o(.data)
    UART4_Config                             0x20000058   Data           4  usart.o(.data)
    Gateway_IP                               0x2000005c   Data           4  w5500.o(.data)
    Sub_Mask                                 0x20000060   Data           4  w5500.o(.data)
    Phy_Addr                                 0x20000064   Data           6  w5500.o(.data)
    IP_Addr                                  0x2000006a   Data           4  w5500.o(.data)
    S0_Port                                  0x2000006e   Data           2  w5500.o(.data)
    S0_DIP                                   0x20000070   Data           4  w5500.o(.data)
    S0_DPort                                 0x20000074   Data           2  w5500.o(.data)
    UDP_DIPR                                 0x20000076   Data           4  w5500.o(.data)
    UDP_DPORT                                0x2000007a   Data           2  w5500.o(.data)
    Default_Gateway_IP                       0x2000007c   Data           4  w5500.o(.data)
    Default_SubMask                          0x20000080   Data           4  w5500.o(.data)
    Default_PhyAddr                          0x20000084   Data           6  w5500.o(.data)
    Default_IPAddr                           0x2000008a   Data           4  w5500.o(.data)
    Default_S0Port                           0x2000008e   Data           2  w5500.o(.data)
    Default_S0DIP                            0x20000090   Data           4  w5500.o(.data)
    Default_S0DPort                          0x20000094   Data           2  w5500.o(.data)
    w5500_rx_length                          0x20000096   Data           1  w5500.o(.data)
    S0_Mode                                  0x20000097   Data           1  w5500.o(.data)
    S0_State                                 0x20000098   Data           1  w5500.o(.data)
    S0_Data                                  0x20000099   Data           1  w5500.o(.data)
    W5500_Interrupt                          0x2000009a   Data           1  w5500.o(.data)
    Flag_LearnState                          0x2000009c   Data           1  remote.o(.data)
    pulseWidth                               0x2000009e   Data           2  remote.o(.data)
    arr_length                               0x200000a0   Data           2  remote.o(.data)
    Last_DataEAddr                           0x200000a2   Data           2  remote.o(.data)
    Data_FirstAddr                           0x200000a4   Data           8  remote.o(.data)
    test                                     0x200000ac   Data           8  remote.o(.data)
    test_num                                 0x200000b4   Data           2  remote.o(.data)
    start_addr                               0x200000b8   Data           4  remote.o(.data)
    data_length                              0x200000bc   Data           4  remote.o(.data)
    channel                                  0x200000c0   Data           1  remote.o(.data)
    Key_Time                                 0x200000c1   Data           1  key.o(.data)
    check                                    0x200000c2   Data           1  datapackage.o(.data)
    check2                                   0x200000c3   Data           1  datapackage.o(.data)
    tset                                     0x200000c4   Data           2  datapackage.o(.data)
    Mesg_Length                              0x200000c6   Data           2  datapackage.o(.data)
    rx1_buf                                  0x200000d0   Data         100  usart.o(.bss)
    rx2_buf                                  0x20000134   Data         100  usart.o(.bss)
    rx3_buf                                  0x20000198   Data         100  usart.o(.bss)
    rx4_buf                                  0x200001fc   Data         100  usart.o(.bss)
    rx5_buf                                  0x20000260   Data         100  usart.o(.bss)
    buf                                      0x200002c4   Data          20  usart.o(.bss)
    USART_Param_Arr                          0x200002d8   Data          26  usart.o(.bss)
    Rx_Buffer                                0x200002f2   Data        2048  w5500.o(.bss)
    Tx_Buffer                                0x20000af2   Data        2048  w5500.o(.bss)
    tx_buf                                   0x200012f2   Data          20  remote.o(.bss)
    PulseTab                                 0x20001306   Data        1000  remote.o(.bss)
    Send_DataTab                             0x200016ee   Data        1000  remote.o(.bss)
    NetParam_Str                             0x20001ad6   Data        1024  key.o(.bss)
    __libspace_start                         0x20001ed8   Data          96  libspace.o(.bss)
    __temporary_stack_top$libspace           0x20001f38   Data           0  libspace.o(.bss)



==============================================================================

Memory Map of the image

  Image Entry point : 0x08000131

  Load Region LR_IROM1 (Base: 0x08000000, Size: 0x00007324, Max: 0x00080000, ABSOLUTE)

    Execution Region ER_IROM1 (Exec base: 0x08000000, Load base: 0x08000000, Size: 0x00007254, Max: 0x00080000, ABSOLUTE)

    Exec Addr    Load Addr    Size         Type   Attr      Idx    E Section Name        Object

    0x08000000   0x08000000   0x00000130   Data   RO          342    RESET               startup_stm32f10x_hd.o
    0x08000130   0x08000130   0x00000008   Code   RO         4328  * !!!main             c_w.l(__main.o)
    0x08000138   0x08000138   0x00000034   Code   RO         4770    !!!scatter          c_w.l(__scatter.o)
    0x0800016c   0x0800016c   0x0000001a   Code   RO         4772    !!handler_copy      c_w.l(__scatter_copy.o)
    0x08000186   0x08000186   0x00000002   PAD
    0x08000188   0x08000188   0x0000001c   Code   RO         4774    !!handler_zi        c_w.l(__scatter_zi.o)
    0x080001a4   0x080001a4   0x00000000   Code   RO         4313    .ARM.Collect$$_printf_percent$$00000000  c_w.l(_printf_percent.o)
    0x080001a4   0x080001a4   0x00000006   Code   RO         4312    .ARM.Collect$$_printf_percent$$00000009  c_w.l(_printf_d.o)
    0x080001aa   0x080001aa   0x00000006   Code   RO         4311    .ARM.Collect$$_printf_percent$$0000000C  c_w.l(_printf_x.o)
    0x080001b0   0x080001b0   0x00000004   Code   RO         4417    .ARM.Collect$$_printf_percent$$00000017  c_w.l(_printf_percent_end.o)
    0x080001b4   0x080001b4   0x00000002   Code   RO         4620    .ARM.Collect$$libinit$$00000000  c_w.l(libinit.o)
    0x080001b6   0x080001b6   0x00000000   Code   RO         4436    .ARM.Collect$$libinit$$00000002  c_w.l(libinit2.o)
    0x080001b6   0x080001b6   0x00000000   Code   RO         4438    .ARM.Collect$$libinit$$00000004  c_w.l(libinit2.o)
    0x080001b6   0x080001b6   0x00000008   Code   RO         4439    .ARM.Collect$$libinit$$00000005  c_w.l(libinit2.o)
    0x080001be   0x080001be   0x00000000   Code   RO         4441    .ARM.Collect$$libinit$$0000000A  c_w.l(libinit2.o)
    0x080001be   0x080001be   0x00000000   Code   RO         4443    .ARM.Collect$$libinit$$0000000C  c_w.l(libinit2.o)
    0x080001be   0x080001be   0x00000000   Code   RO         4445    .ARM.Collect$$libinit$$0000000E  c_w.l(libinit2.o)
    0x080001be   0x080001be   0x00000006   Code   RO         4446    .ARM.Collect$$libinit$$0000000F  c_w.l(libinit2.o)
    0x080001c4   0x080001c4   0x00000000   Code   RO         4448    .ARM.Collect$$libinit$$00000011  c_w.l(libinit2.o)
    0x080001c4   0x080001c4   0x0000000c   Code   RO         4449    .ARM.Collect$$libinit$$00000012  c_w.l(libinit2.o)
    0x080001d0   0x080001d0   0x00000000   Code   RO         4450    .ARM.Collect$$libinit$$00000013  c_w.l(libinit2.o)
    0x080001d0   0x080001d0   0x00000000   Code   RO         4452    .ARM.Collect$$libinit$$00000015  c_w.l(libinit2.o)
    0x080001d0   0x080001d0   0x0000000a   Code   RO         4453    .ARM.Collect$$libinit$$00000016  c_w.l(libinit2.o)
    0x080001da   0x080001da   0x00000000   Code   RO         4454    .ARM.Collect$$libinit$$00000017  c_w.l(libinit2.o)
    0x080001da   0x080001da   0x00000000   Code   RO         4456    .ARM.Collect$$libinit$$00000019  c_w.l(libinit2.o)
    0x080001da   0x080001da   0x00000000   Code   RO         4458    .ARM.Collect$$libinit$$0000001B  c_w.l(libinit2.o)
    0x080001da   0x080001da   0x00000000   Code   RO         4460    .ARM.Collect$$libinit$$0000001D  c_w.l(libinit2.o)
    0x080001da   0x080001da   0x00000000   Code   RO         4462    .ARM.Collect$$libinit$$0000001F  c_w.l(libinit2.o)
    0x080001da   0x080001da   0x00000000   Code   RO         4464    .ARM.Collect$$libinit$$00000021  c_w.l(libinit2.o)
    0x080001da   0x080001da   0x00000000   Code   RO         4466    .ARM.Collect$$libinit$$00000023  c_w.l(libinit2.o)
    0x080001da   0x080001da   0x00000000   Code   RO         4468    .ARM.Collect$$libinit$$00000025  c_w.l(libinit2.o)
    0x080001da   0x080001da   0x00000000   Code   RO         4472    .ARM.Collect$$libinit$$0000002C  c_w.l(libinit2.o)
    0x080001da   0x080001da   0x00000000   Code   RO         4474    .ARM.Collect$$libinit$$0000002E  c_w.l(libinit2.o)
    0x080001da   0x080001da   0x00000000   Code   RO         4476    .ARM.Collect$$libinit$$00000030  c_w.l(libinit2.o)
    0x080001da   0x080001da   0x00000000   Code   RO         4478    .ARM.Collect$$libinit$$00000032  c_w.l(libinit2.o)
    0x080001da   0x080001da   0x00000002   Code   RO         4479    .ARM.Collect$$libinit$$00000033  c_w.l(libinit2.o)
    0x080001dc   0x080001dc   0x00000002   Code   RO         4714    .ARM.Collect$$libshutdown$$00000000  c_w.l(libshutdown.o)
    0x080001de   0x080001de   0x00000000   Code   RO         4638    .ARM.Collect$$libshutdown$$00000002  c_w.l(libshutdown2.o)
    0x080001de   0x080001de   0x00000000   Code   RO         4640    .ARM.Collect$$libshutdown$$00000004  c_w.l(libshutdown2.o)
    0x080001de   0x080001de   0x00000000   Code   RO         4642    .ARM.Collect$$libshutdown$$00000006  c_w.l(libshutdown2.o)
    0x080001de   0x080001de   0x00000000   Code   RO         4645    .ARM.Collect$$libshutdown$$00000009  c_w.l(libshutdown2.o)
    0x080001de   0x080001de   0x00000000   Code   RO         4648    .ARM.Collect$$libshutdown$$0000000C  c_w.l(libshutdown2.o)
    0x080001de   0x080001de   0x00000000   Code   RO         4650    .ARM.Collect$$libshutdown$$0000000E  c_w.l(libshutdown2.o)
    0x080001de   0x080001de   0x00000000   Code   RO         4653    .ARM.Collect$$libshutdown$$00000011  c_w.l(libshutdown2.o)
    0x080001de   0x080001de   0x00000002   Code   RO         4654    .ARM.Collect$$libshutdown$$00000012  c_w.l(libshutdown2.o)
    0x080001e0   0x080001e0   0x00000000   Code   RO         4350    .ARM.Collect$$rtentry$$00000000  c_w.l(__rtentry.o)
    0x080001e0   0x080001e0   0x00000000   Code   RO         4497    .ARM.Collect$$rtentry$$00000002  c_w.l(__rtentry2.o)
    0x080001e0   0x080001e0   0x00000006   Code   RO         4509    .ARM.Collect$$rtentry$$00000004  c_w.l(__rtentry4.o)
    0x080001e6   0x080001e6   0x00000000   Code   RO         4499    .ARM.Collect$$rtentry$$00000009  c_w.l(__rtentry2.o)
    0x080001e6   0x080001e6   0x00000004   Code   RO         4500    .ARM.Collect$$rtentry$$0000000A  c_w.l(__rtentry2.o)
    0x080001ea   0x080001ea   0x00000000   Code   RO         4502    .ARM.Collect$$rtentry$$0000000C  c_w.l(__rtentry2.o)
    0x080001ea   0x080001ea   0x00000008   Code   RO         4503    .ARM.Collect$$rtentry$$0000000D  c_w.l(__rtentry2.o)
    0x080001f2   0x080001f2   0x00000002   Code   RO         4627    .ARM.Collect$$rtexit$$00000000  c_w.l(rtexit.o)
    0x080001f4   0x080001f4   0x00000000   Code   RO         4674    .ARM.Collect$$rtexit$$00000002  c_w.l(rtexit2.o)
    0x080001f4   0x080001f4   0x00000004   Code   RO         4675    .ARM.Collect$$rtexit$$00000003  c_w.l(rtexit2.o)
    0x080001f8   0x080001f8   0x00000006   Code   RO         4676    .ARM.Collect$$rtexit$$00000004  c_w.l(rtexit2.o)
    0x080001fe   0x080001fe   0x00000002   PAD
    0x08000200   0x08000200   0x00000000   Code   RO         4515    .emb_text           c_w.l(maybetermalloc1.o)
    0x08000200   0x08000200   0x00000040   Code   RO          343    .text               startup_stm32f10x_hd.o
    0x08000240   0x08000240   0x0000005e   Code   RO         4200    .text               c_w.l(h1_alloc.o)
    0x0800029e   0x0800029e   0x0000004e   Code   RO         4202    .text               c_w.l(h1_free.o)
    0x080002ec   0x080002ec   0x0000002c   Code   RO         4260    .text               c_w.l(__2sprintf.o)
    0x08000318   0x08000318   0x0000004e   Code   RO         4266    .text               c_w.l(_printf_pad.o)
    0x08000366   0x08000366   0x00000002   PAD
    0x08000368   0x08000368   0x00000078   Code   RO         4268    .text               c_w.l(_printf_dec.o)
    0x080003e0   0x080003e0   0x00000094   Code   RO         4288    .text               c_w.l(_printf_hex_int_ll_ptr.o)
    0x08000474   0x08000474   0x00000188   Code   RO         4308    .text               c_w.l(__printf_flags_ss_wp.o)
    0x080005fc   0x080005fc   0x0000001a   Code   RO         4314    .text               c_w.l(atoi.o)
    0x08000616   0x08000616   0x00000024   Code   RO         4316    .text               c_w.l(strstr.o)
    0x0800063a   0x0800063a   0x0000003e   Code   RO         4318    .text               c_w.l(strlen.o)
    0x08000678   0x08000678   0x0000008a   Code   RO         4320    .text               c_w.l(rt_memcpy_v6.o)
    0x08000702   0x08000702   0x00000064   Code   RO         4322    .text               c_w.l(rt_memcpy_w.o)
    0x08000766   0x08000766   0x00000044   Code   RO         4324    .text               c_w.l(rt_memclr.o)
    0x080007aa   0x080007aa   0x00000006   Code   RO         4326    .text               c_w.l(heapauxi.o)
    0x080007b0   0x080007b0   0x00000008   Code   RO         4354    .text               c_w.l(rt_heap_descriptor_intlibspace.o)
    0x080007b8   0x080007b8   0x00000008   Code   RO         4359    .text               c_w.l(rt_errno_addr_intlibspace.o)
    0x080007c0   0x080007c0   0x00000004   Code   RO         4361    .text               c_w.l(hguard.o)
    0x080007c4   0x080007c4   0x0000008a   Code   RO         4363    .text               c_w.l(init_alloc.o)
    0x0800084e   0x0800084e   0x0000000e   Code   RO         4367    .text               c_w.l(h1_init.o)
    0x0800085c   0x0800085c   0x00000016   Code   RO         4381    .text               c_w.l(_rserrno.o)
    0x08000872   0x08000872   0x000000b2   Code   RO         4387    .text               c_w.l(_printf_intcommon.o)
    0x08000924   0x08000924   0x00000030   Code   RO         4391    .text               c_w.l(_printf_char_common.o)
    0x08000954   0x08000954   0x0000000a   Code   RO         4393    .text               c_w.l(_sputc.o)
    0x0800095e   0x0800095e   0x00000002   PAD
    0x08000960   0x08000960   0x000000a4   Code   RO         4427    .text               c_w.l(strtod.o)
    0x08000a04   0x08000a04   0x00000070   Code   RO         4429    .text               c_w.l(strtol.o)
    0x08000a74   0x08000a74   0x0000004e   Code   RO         4431    .text               c_w.l(rt_memclr_w.o)
    0x08000ac2   0x08000ac2   0x00000002   PAD
    0x08000ac4   0x08000ac4   0x00000008   Code   RO         4493    .text               c_w.l(libspace.o)
    0x08000acc   0x08000acc   0x00000010   Code   RO         4511    .text               c_w.l(rt_ctype_table.o)
    0x08000adc   0x08000adc   0x00000034   Code   RO         4517    .text               c_w.l(h1_extend.o)
    0x08000b10   0x08000b10   0x00000012   Code   RO         4523    .text               c_w.l(isspace.o)
    0x08000b22   0x08000b22   0x00000040   Code   RO         4533    .text               c_w.l(_sgetc.o)
    0x08000b62   0x08000b62   0x0000009e   Code   RO         4535    .text               c_w.l(_strtoul.o)
    0x08000c00   0x08000c00   0x0000000e   Code   RO         4542    .text               c_w.l(defsig_rtmem_outer.o)
    0x08000c0e   0x08000c0e   0x00000002   Code   RO         4555    .text               c_w.l(use_no_semi.o)
    0x08000c10   0x08000c10   0x00000000   Code   RO         4557    .text               c_w.l(indicate_semi.o)
    0x08000c10   0x08000c10   0x0000004a   Code   RO         4558    .text               c_w.l(sys_stackheap_outer.o)
    0x08000c5a   0x08000c5a   0x00000002   PAD
    0x08000c5c   0x08000c5c   0x00000008   Code   RO         4565    .text               c_w.l(rt_locale_intlibspace.o)
    0x08000c64   0x08000c64   0x0000001c   Code   RO         4571    .text               c_w.l(_chval.o)
    0x08000c80   0x08000c80   0x000004f8   Code   RO         4573    .text               c_w.l(scanf_fp.o)
    0x08001178   0x08001178   0x000000e4   Code   RO         4575    .text               c_w.l(bigflt0.o)
    0x0800125c   0x0800125c   0x00000012   Code   RO         4603    .text               c_w.l(exit.o)
    0x0800126e   0x0800126e   0x0000000a   Code   RO         4605    .text               c_w.l(defsig_exit.o)
    0x08001278   0x08001278   0x00000050   Code   RO         4607    .text               c_w.l(defsig_rtmem_inner.o)
    0x080012c8   0x080012c8   0x00000080   Code   RO         4609    .text               c_w.l(strcmpv7m.o)
    0x08001348   0x08001348   0x0000000c   Code   RO         4625    .text               c_w.l(sys_exit.o)
    0x08001354   0x08001354   0x00000032   Code   RO         4635    .text               c_w.l(defsig_general.o)
    0x08001386   0x08001386   0x0000000e   Code   RO         4671    .text               c_w.l(sys_wrch.o)
    0x08001394   0x08001394   0x00000320   Code   RO         4680    .text               c_w.l(scanf_hexfp.o)
    0x080016b4   0x080016b4   0x00000134   Code   RO         4682    .text               c_w.l(scanf_infnan.o)
    0x080017e8   0x080017e8   0x00000026   Code   RO         4694    .text               c_w.l(llshl.o)
    0x0800180e   0x0800180e   0x00000338   Code   RO         4588    CL$$btod_div_common  c_w.l(btod.o)
    0x08001b46   0x08001b46   0x00000002   PAD
    0x08001b48   0x08001b48   0x00000084   Code   RO         4586    CL$$btod_e2d        c_w.l(btod.o)
    0x08001bcc   0x08001bcc   0x000000dc   Code   RO         4585    CL$$btod_e2e        c_w.l(btod.o)
    0x08001ca8   0x08001ca8   0x0000002a   Code   RO         4582    CL$$btod_ediv       c_w.l(btod.o)
    0x08001cd2   0x08001cd2   0x0000002a   Code   RO         4584    CL$$btod_edivd      c_w.l(btod.o)
    0x08001cfc   0x08001cfc   0x0000002a   Code   RO         4581    CL$$btod_emul       c_w.l(btod.o)
    0x08001d26   0x08001d26   0x0000002a   Code   RO         4583    CL$$btod_emuld      c_w.l(btod.o)
    0x08001d50   0x08001d50   0x00000244   Code   RO         4587    CL$$btod_mult_common  c_w.l(btod.o)
    0x08001f94   0x08001f94   0x00000024   Code   RO         3866    i.AT24C512_Read2Byte  24cxx.o
    0x08001fb8   0x08001fb8   0x0000002c   Code   RO         3867    i.AT24C512_ReadLenByte  24cxx.o
    0x08001fe4   0x08001fe4   0x0000003e   Code   RO         3868    i.AT24C512_Write2Byte  24cxx.o
    0x08002022   0x08002022   0x00000008   Code   RO         3870    i.AT24CXX_Init      24cxx.o
    0x0800202a   0x0800202a   0x00000022   Code   RO         3871    i.AT24CXX_Read      24cxx.o
    0x0800204c   0x0800204c   0x00000054   Code   RO         3872    i.AT24CXX_ReadOneByte  24cxx.o
    0x080020a0   0x080020a0   0x00000024   Code   RO         3873    i.AT24CXX_Write     24cxx.o
    0x080020c4   0x080020c4   0x0000004c   Code   RO         3875    i.AT24CXX_WriteOneByte  24cxx.o
    0x08002110   0x08002110   0x00000080   Code   RO         4058    i.Address_Check     datapackage.o
    0x08002190   0x08002190   0x00000004   Code   RO          149    i.BusFault_Handler  stm32f10x_it.o
    0x08002194   0x08002194   0x00000002   Code   RO          150    i.DebugMon_Handler  stm32f10x_it.o
    0x08002196   0x08002196   0x00000002   PAD
    0x08002198   0x08002198   0x00000044   Code   RO         4137    i.Delay_init        delay.o
    0x080021dc   0x080021dc   0x0000004c   Code   RO         4138    i.Delay_ms          delay.o
    0x08002228   0x08002228   0x0000004c   Code   RO         4139    i.Delay_us          delay.o
    0x08002274   0x08002274   0x000000c8   Code   RO         3534    i.Detect_Gateway    w5500.o
    0x0800233c   0x0800233c   0x000003f0   Code   RO         4001    i.Device_Init       key.o
    0x0800272c   0x0800272c   0x00000280   Code   RO         3703    i.EXTI9_5_IRQHandler  remote.o
    0x080029ac   0x080029ac   0x0000000c   Code   RO         1171    i.EXTI_ClearITPendingBit  stm32f10x_exti.o
    0x080029b8   0x080029b8   0x00000094   Code   RO         1176    i.EXTI_Init         stm32f10x_exti.o
    0x08002a4c   0x08002a4c   0x00000040   Code   RO         1521    i.GPIO_EXTILineConfig  stm32f10x_gpio.o
    0x08002a8c   0x08002a8c   0x00000116   Code   RO         1524    i.GPIO_Init         stm32f10x_gpio.o
    0x08002ba2   0x08002ba2   0x00000002   PAD
    0x08002ba4   0x08002ba4   0x00000090   Code   RO         1526    i.GPIO_PinRemapConfig  stm32f10x_gpio.o
    0x08002c34   0x08002c34   0x00000004   Code   RO         1531    i.GPIO_ResetBits    stm32f10x_gpio.o
    0x08002c38   0x08002c38   0x00000004   Code   RO         1532    i.GPIO_SetBits      stm32f10x_gpio.o
    0x08002c3c   0x08002c3c   0x00000114   Code   RO         4059    i.Get_NetParam      datapackage.o
    0x08002d50   0x08002d50   0x000000d4   Code   RO         4060    i.Get_USARTParam    datapackage.o
    0x08002e24   0x08002e24   0x00000004   Code   RO          151    i.HardFault_Handler  stm32f10x_it.o
    0x08002e28   0x08002e28   0x00000050   Code   RO         3876    i.IIC_Ack           24cxx.o
    0x08002e78   0x08002e78   0x00000038   Code   RO         3877    i.IIC_Init          24cxx.o
    0x08002eb0   0x08002eb0   0x00000050   Code   RO         3878    i.IIC_NAck          24cxx.o
    0x08002f00   0x08002f00   0x00000070   Code   RO         3879    i.IIC_Read_Byte     24cxx.o
    0x08002f70   0x08002f70   0x00000074   Code   RO         3880    i.IIC_Send_Byte     24cxx.o
    0x08002fe4   0x08002fe4   0x0000004c   Code   RO         3881    i.IIC_Start         24cxx.o
    0x08003030   0x08003030   0x0000004c   Code   RO         3882    i.IIC_Stop          24cxx.o
    0x0800307c   0x0800307c   0x00000064   Code   RO         3883    i.IIC_Wait_Ack      24cxx.o
    0x080030e0   0x080030e0   0x00000098   Code   RO         4002    i.Key_Init          key.o
    0x08003178   0x08003178   0x00000014   Code   RO         4003    i.Key_State         key.o
    0x0800318c   0x0800318c   0x00000164   Code   RO         3535    i.Load_Net_Parameters  w5500.o
    0x080032f0   0x080032f0   0x00000120   Code   RO         3364    i.Load_USART_Param  usart.o
    0x08003410   0x08003410   0x00000004   Code   RO          152    i.MemManage_Handler  stm32f10x_it.o
    0x08003414   0x08003414   0x00000002   Code   RO          153    i.NMI_Handler       stm32f10x_it.o
    0x08003416   0x08003416   0x00000002   PAD
    0x08003418   0x08003418   0x00000070   Code   RO          347    i.NVIC_Init         misc.o
    0x08003488   0x08003488   0x00000014   Code   RO          348    i.NVIC_PriorityGroupConfig  misc.o
    0x0800349c   0x0800349c   0x00000094   Code   RO         3340    i.OCEP_Init         ocep.o
    0x08003530   0x08003530   0x000000e0   Code   RO         3341    i.OCEP_OC           ocep.o
    0x08003610   0x08003610   0x00000064   Code   RO         4061    i.Online_Reminder   datapackage.o
    0x08003674   0x08003674   0x0000000c   Code   RO         1886    i.PWR_WakeUpPinCmd  stm32f10x_pwr.o
    0x08003680   0x08003680   0x00000002   Code   RO          154    i.PendSV_Handler    stm32f10x_it.o
    0x08003682   0x08003682   0x00000002   PAD
    0x08003684   0x08003684   0x0000004c   Code   RO         3536    i.Process_Socket_Data  w5500.o
    0x080036d0   0x080036d0   0x00000020   Code   RO         1940    i.RCC_APB1PeriphClockCmd  stm32f10x_rcc.o
    0x080036f0   0x080036f0   0x00000020   Code   RO         1941    i.RCC_APB1PeriphResetCmd  stm32f10x_rcc.o
    0x08003710   0x08003710   0x00000020   Code   RO         1942    i.RCC_APB2PeriphClockCmd  stm32f10x_rcc.o
    0x08003730   0x08003730   0x00000020   Code   RO         1943    i.RCC_APB2PeriphResetCmd  stm32f10x_rcc.o
    0x08003750   0x08003750   0x000000d4   Code   RO         1950    i.RCC_GetClocksFreq  stm32f10x_rcc.o
    0x08003824   0x08003824   0x00000130   Code   RO         3537    i.Read_SOCK_Data_Buffer  w5500.o
    0x08003954   0x08003954   0x00000044   Code   RO         3538    i.Read_W5500_1Byte  w5500.o
    0x08003998   0x08003998   0x00000050   Code   RO         3539    i.Read_W5500_SOCK_1Byte  w5500.o
    0x080039e8   0x080039e8   0x00000068   Code   RO         3540    i.Read_W5500_SOCK_2Byte  w5500.o
    0x08003a50   0x08003a50   0x00000088   Code   RO         3704    i.Remote_Reciv_Init  remote.o
    0x08003ad8   0x08003ad8   0x000000f4   Code   RO         3705    i.Remote_Send       remote.o
    0x08003bcc   0x08003bcc   0x00000094   Code   RO         3706    i.Remote_Send1_Init  remote.o
    0x08003c60   0x08003c60   0x00000094   Code   RO         3707    i.Remote_Send2_Init  remote.o
    0x08003cf4   0x08003cf4   0x0000004c   Code   RO         3980    i.SCIO_Ctr          scio.o
    0x08003d40   0x08003d40   0x00000054   Code   RO         3981    i.SCIO_Init         scio.o
    0x08003d94   0x08003d94   0x00000020   Code   RO         3541    i.SPI1_Send_Byte    w5500.o
    0x08003db4   0x08003db4   0x0000001c   Code   RO         3542    i.SPI1_Send_Short   w5500.o
    0x08003dd0   0x08003dd0   0x00000018   Code   RO         2419    i.SPI_Cmd           stm32f10x_spi.o
    0x08003de8   0x08003de8   0x000000a4   Code   RO         3543    i.SPI_Configuration  w5500.o
    0x08003e8c   0x08003e8c   0x00000012   Code   RO         2427    i.SPI_I2S_GetFlagStatus  stm32f10x_spi.o
    0x08003e9e   0x08003e9e   0x00000006   Code   RO         2430    i.SPI_I2S_ReceiveData  stm32f10x_spi.o
    0x08003ea4   0x08003ea4   0x00000004   Code   RO         2431    i.SPI_I2S_SendData  stm32f10x_spi.o
    0x08003ea8   0x08003ea8   0x0000003c   Code   RO         2432    i.SPI_Init          stm32f10x_spi.o
    0x08003ee4   0x08003ee4   0x00000002   Code   RO          155    i.SVC_Handler       stm32f10x_it.o
    0x08003ee6   0x08003ee6   0x00000008   Code   RO          295    i.SetSysClock       system_stm32f10x.o
    0x08003eee   0x08003eee   0x00000002   PAD
    0x08003ef0   0x08003ef0   0x000000e0   Code   RO          296    i.SetSysClockTo72   system_stm32f10x.o
    0x08003fd0   0x08003fd0   0x00000476   Code   RO         4062    i.Set_NetParam      datapackage.o
    0x08004446   0x08004446   0x00000046   Code   RO         3544    i.Socket_Connect    w5500.o
    0x0800448c   0x0800448c   0x00000050   Code   RO         3545    i.Socket_Init       w5500.o
    0x080044dc   0x080044dc   0x00000066   Code   RO         3546    i.Socket_Listen     w5500.o
    0x08004542   0x08004542   0x0000003c   Code   RO         3547    i.Socket_UDP        w5500.o
    0x0800457e   0x0800457e   0x00000028   Code   RO          351    i.SysTick_CLKSourceConfig  misc.o
    0x080045a6   0x080045a6   0x00000002   Code   RO          156    i.SysTick_Handler   stm32f10x_it.o
    0x080045a8   0x080045a8   0x00000060   Code   RO          298    i.SystemInit        system_stm32f10x.o
    0x08004608   0x08004608   0x00000048   Code   RO         4004    i.TIM3_IRQHandler   key.o
    0x08004650   0x08004650   0x0000001e   Code   RO         2566    i.TIM_CCxCmd        stm32f10x_tim.o
    0x0800466e   0x0800466e   0x00000006   Code   RO         2569    i.TIM_ClearITPendingBit  stm32f10x_tim.o
    0x08004674   0x08004674   0x00000018   Code   RO         2574    i.TIM_Cmd           stm32f10x_tim.o
    0x0800468c   0x0800468c   0x000001e8   Code   RO         2579    i.TIM_DeInit        stm32f10x_tim.o
    0x08004874   0x08004874   0x00000012   Code   RO         2584    i.TIM_ForcedOC1Config  stm32f10x_tim.o
    0x08004886   0x08004886   0x0000001a   Code   RO         2585    i.TIM_ForcedOC2Config  stm32f10x_tim.o
    0x080048a0   0x080048a0   0x00000022   Code   RO         2595    i.TIM_GetITStatus   stm32f10x_tim.o
    0x080048c2   0x080048c2   0x00000012   Code   RO         2599    i.TIM_ITConfig      stm32f10x_tim.o
    0x080048d4   0x080048d4   0x00000098   Code   RO         2603    i.TIM_OC1Init       stm32f10x_tim.o
    0x0800496c   0x0800496c   0x00000012   Code   RO         2606    i.TIM_OC1PreloadConfig  stm32f10x_tim.o
    0x0800497e   0x0800497e   0x00000002   PAD
    0x08004980   0x08004980   0x000000a4   Code   RO         2608    i.TIM_OC2Init       stm32f10x_tim.o
    0x08004a24   0x08004a24   0x0000001a   Code   RO         2611    i.TIM_OC2PreloadConfig  stm32f10x_tim.o
    0x08004a3e   0x08004a3e   0x00000052   Code   RO         2629    i.TIM_SelectOCxM    stm32f10x_tim.o
    0x08004a90   0x08004a90   0x000000a4   Code   RO         2645    i.TIM_TimeBaseInit  stm32f10x_tim.o
    0x08004b34   0x08004b34   0x0000006c   Code   RO         3365    i.UART4_IRQHandler  usart.o
    0x08004ba0   0x08004ba0   0x00000110   Code   RO         3366    i.UART4_Init        usart.o
    0x08004cb0   0x08004cb0   0x00000068   Code   RO         3367    i.UART5_IRQHandler  usart.o
    0x08004d18   0x08004d18   0x000000b0   Code   RO         3368    i.UART5_Init        usart.o
    0x08004dc8   0x08004dc8   0x000000e0   Code   RO         3369    i.USART1_IRQHandler  usart.o
    0x08004ea8   0x08004ea8   0x000000a0   Code   RO         3370    i.USART1_Init       usart.o
    0x08004f48   0x08004f48   0x0000006c   Code   RO         3371    i.USART2_IRQHandler  usart.o
    0x08004fb4   0x08004fb4   0x00000108   Code   RO         3372    i.USART2_Init       usart.o
    0x080050bc   0x080050bc   0x0000006c   Code   RO         3373    i.USART3_IRQHandler  usart.o
    0x08005128   0x08005128   0x0000010c   Code   RO         3374    i.USART3_Init       usart.o
    0x08005234   0x08005234   0x0000001e   Code   RO         3107    i.USART_ClearITPendingBit  stm32f10x_usart.o
    0x08005252   0x08005252   0x00000018   Code   RO         3110    i.USART_Cmd         stm32f10x_usart.o
    0x0800526a   0x0800526a   0x00000002   PAD
    0x0800526c   0x0800526c   0x0000009c   Code   RO         3112    i.USART_DeInit      stm32f10x_usart.o
    0x08005308   0x08005308   0x0000001a   Code   RO         3113    i.USART_GetFlagStatus  stm32f10x_usart.o
    0x08005322   0x08005322   0x00000054   Code   RO         3114    i.USART_GetITStatus  stm32f10x_usart.o
    0x08005376   0x08005376   0x0000004a   Code   RO         3116    i.USART_ITConfig    stm32f10x_usart.o
    0x080053c0   0x080053c0   0x000000d8   Code   RO         3117    i.USART_Init        stm32f10x_usart.o
    0x08005498   0x08005498   0x00000108   Code   RO         3376    i.USART_Proce       usart.o
    0x080055a0   0x080055a0   0x0000000a   Code   RO         3124    i.USART_ReceiveData  stm32f10x_usart.o
    0x080055aa   0x080055aa   0x00000008   Code   RO         3127    i.USART_SendData    stm32f10x_usart.o
    0x080055b2   0x080055b2   0x00000022   Code   RO         3378    i.USARTx_SendArray  usart.o
    0x080055d4   0x080055d4   0x0000001e   Code   RO         3379    i.USARTx_SendByte   usart.o
    0x080055f2   0x080055f2   0x0000001e   Code   RO         3381    i.USARTx_SendString  usart.o
    0x08005610   0x08005610   0x000000a8   Code   RO         4063    i.UpLine_Mesg       datapackage.o
    0x080056b8   0x080056b8   0x00000004   Code   RO          157    i.UsageFault_Handler  stm32f10x_it.o
    0x080056bc   0x080056bc   0x0000002c   Code   RO         3548    i.W5500_GPIO_Configuration  w5500.o
    0x080056e8   0x080056e8   0x00000024   Code   RO         3549    i.W5500_Hardware_Reset  w5500.o
    0x0800570c   0x0800570c   0x00000080   Code   RO         3550    i.W5500_Init        w5500.o
    0x0800578c   0x0800578c   0x000000a4   Code   RO         3551    i.W5500_Interrupt_Process  w5500.o
    0x08005830   0x08005830   0x0000006c   Code   RO         3552    i.W5500_Socket_Set  w5500.o
    0x0800589c   0x0800589c   0x0000010c   Code   RO         3553    i.Write_SOCK_Data_Buffer  w5500.o
    0x080059a8   0x080059a8   0x00000030   Code   RO         3554    i.Write_W5500_1Byte  w5500.o
    0x080059d8   0x080059d8   0x00000030   Code   RO         3555    i.Write_W5500_2Byte  w5500.o
    0x08005a08   0x08005a08   0x0000003c   Code   RO         3556    i.Write_W5500_SOCK_1Byte  w5500.o
    0x08005a44   0x08005a44   0x0000003c   Code   RO         3557    i.Write_W5500_SOCK_2Byte  w5500.o
    0x08005a80   0x08005a80   0x00000054   Code   RO         3558    i.Write_W5500_SOCK_4Byte  w5500.o
    0x08005ad4   0x08005ad4   0x00000044   Code   RO         3559    i.Write_W5500_nByte  w5500.o
    0x08005b18   0x08005b18   0x0000000e   Code   RO         4739    i.__mathlib_dbl_overflow  m_ws.l(dunder.o)
    0x08005b26   0x08005b26   0x00000002   PAD
    0x08005b28   0x08005b28   0x00000010   Code   RO         4741    i.__mathlib_dbl_underflow  m_ws.l(dunder.o)
    0x08005b38   0x08005b38   0x00000010   Code   RO         4665    i.__mathlib_narrow  m_ws.l(narrow.o)
    0x08005b48   0x08005b48   0x000000bc   Code   RO         4666    i.__mathlib_tofloat  m_ws.l(narrow.o)
    0x08005c04   0x08005c04   0x00000016   Code   RO         4722    i.__support_ldexp   m_ws.l(ldexp.o)
    0x08005c1a   0x08005c1a   0x0000000e   Code   RO         4301    i._is_digit         c_w.l(__printf_wp.o)
    0x08005c28   0x08005c28   0x0000002a   Code   RO         4345    i.atof              m_ws.l(atof.o)
    0x08005c52   0x08005c52   0x00000002   PAD
    0x08005c54   0x08005c54   0x00000058   Code   RO         4691    i.frexp             m_ws.l(frexp.o)
    0x08005cac   0x08005cac   0x0000011c   Code   RO         4064    i.funcNet_MesgToRS  datapackage.o
    0x08005dc8   0x08005dc8   0x0000010c   Code   RO         4065    i.funcNet_OCEPCtrl  datapackage.o
    0x08005ed4   0x08005ed4   0x000003c8   Code   RO         4066    i.funcNet_SetUARTParam  datapackage.o
    0x0800629c   0x0800629c   0x000000f4   Code   RO         3708    i.funcNet_StarSend  remote.o
    0x08006390   0x08006390   0x00000038   Code   RO         3709    i.funcNet_StartLearn  remote.o
    0x080063c8   0x080063c8   0x00000138   Code   RO         4067    i.funcRS_MesgToUDP  datapackage.o
    0x08006500   0x08006500   0x00000094   Code   RO         4068    i.funcRS_OCEPCtrl   datapackage.o
    0x08006594   0x08006594   0x000000ec   Code   RO         3710    i.funcRS_StarSend   remote.o
    0x08006680   0x08006680   0x00000034   Code   RO         3711    i.funcRS_StartLearn  remote.o
    0x080066b4   0x080066b4   0x00000074   Code   RO         4723    i.ldexp             m_ws.l(ldexp.o)
    0x08006728   0x08006728   0x00000180   Code   RO            1    i.main              main.o
    0x080068a8   0x080068a8   0x0000002c   Code   RO         4540    locale$$code        c_w.l(lc_numeric_c.o)
    0x080068d4   0x080068d4   0x0000002c   Code   RO         4601    locale$$code        c_w.l(lc_ctype_c.o)
    0x08006900   0x08006900   0x00000062   Code   RO         4330    x$fpl$d2f           fz_ws.l(d2f.o)
    0x08006962   0x08006962   0x00000002   PAD
    0x08006964   0x08006964   0x00000010   Code   RO         4733    x$fpl$dcheck1       fz_ws.l(dcheck1.o)
    0x08006974   0x08006974   0x00000018   Code   RO         4715    x$fpl$dcmpinf       fz_ws.l(dcmpi.o)
    0x0800698c   0x0800698c   0x00000078   Code   RO         4686    x$fpl$deqf          fz_ws.l(deqf.o)
    0x08006a04   0x08006a04   0x0000005a   Code   RO         4332    x$fpl$dfixu         fz_ws.l(dfixu.o)
    0x08006a5e   0x08006a5e   0x00000002   PAD
    0x08006a60   0x08006a60   0x00000078   Code   RO         4717    x$fpl$dleqf         fz_ws.l(dleqf.o)
    0x08006ad8   0x08006ad8   0x0000009c   Code   RO         4480    x$fpl$dnaninf       fz_ws.l(dnaninf.o)
    0x08006b74   0x08006b74   0x0000006c   Code   RO         4688    x$fpl$drleqf        fz_ws.l(drleqf.o)
    0x08006be0   0x08006be0   0x00000018   Code   RO         4482    x$fpl$fcmpinf       fz_ws.l(fcmpi.o)
    0x08006bf8   0x08006bf8   0x0000003e   Code   RO         4336    x$fpl$ffixu         fz_ws.l(ffixu.o)
    0x08006c36   0x08006c36   0x00000002   PAD
    0x08006c38   0x08006c38   0x00000068   Code   RO         4340    x$fpl$fleqf         fz_ws.l(fleqf.o)
    0x08006ca0   0x08006ca0   0x0000008c   Code   RO         4484    x$fpl$fnaninf       fz_ws.l(fnaninf.o)
    0x08006d2c   0x08006d2c   0x0000000a   Code   RO         4486    x$fpl$fretinf       fz_ws.l(fretinf.o)
    0x08006d36   0x08006d36   0x00000062   Code   RO         4342    x$fpl$frleqf        fz_ws.l(frleqf.o)
    0x08006d98   0x08006d98   0x00000006   Code   RO         4621    x$fpl$ieeestatus    fz_ws.l(istatus.o)
    0x08006d9e   0x08006d9e   0x00000064   Code   RO         4762    x$fpl$retnan        fz_ws.l(retnan.o)
    0x08006e02   0x08006e02   0x0000005c   Code   RO         4719    x$fpl$scalbn        fz_ws.l(scalbn.o)
    0x08006e5e   0x08006e5e   0x00000004   Code   RO         4553    x$fpl$scanf1        fz_ws.l(scanf1.o)
    0x08006e62   0x08006e62   0x00000008   Code   RO         4659    x$fpl$scanf2        fz_ws.l(scanf2.o)
    0x08006e6a   0x08006e6a   0x00000030   Code   RO         4766    x$fpl$trapveneer    fz_ws.l(trapv.o)
    0x08006e9a   0x08006e9a   0x00000000   Code   RO         4490    x$fpl$usenofp       fz_ws.l(usenofp.o)
    0x08006e9a   0x08006e9a   0x00000028   Data   RO         4289    .constdata          c_w.l(_printf_hex_int_ll_ptr.o)
    0x08006ec2   0x08006ec2   0x00000011   Data   RO         4309    .constdata          c_w.l(__printf_flags_ss_wp.o)
    0x08006ed3   0x08006ed3   0x00000001   PAD
    0x08006ed4   0x08006ed4   0x00000094   Data   RO         4576    .constdata          c_w.l(bigflt0.o)
    0x08006f68   0x08006f68   0x000000c2   Data   RO         4006    .conststring        key.o
    0x0800702a   0x0800702a   0x00000002   PAD
    0x0800702c   0x0800702c   0x000000cb   Data   RO         4069    .conststring        datapackage.o
    0x080070f7   0x080070f7   0x00000001   PAD
    0x080070f8   0x080070f8   0x00000020   Data   RO         4768    Region$$Table       anon$$obj.o
    0x08007118   0x08007118   0x00000008   Data   RO         4655    c$$dinf             fz_ws.l(fpconst.o)
    0x08007120   0x08007120   0x00000008   Data   RO         4658    c$$dmax             fz_ws.l(fpconst.o)
    0x08007128   0x08007128   0x0000001c   Data   RO         4539    locale$$data        c_w.l(lc_numeric_c.o)
    0x08007144   0x08007144   0x00000110   Data   RO         4600    locale$$data        c_w.l(lc_ctype_c.o)


    Execution Region RW_IRAM1 (Exec base: 0x20000000, Load base: 0x08007254, Size: 0x00002538, Max: 0x00010000, ABSOLUTE)

    Exec Addr    Load Addr    Size         Type   Attr      Idx    E Section Name        Object

    0x20000000   0x08007254   0x0000000a   Data   RW            2    .data               main.o
    0x2000000a   0x0800725e   0x00000002   PAD
    0x2000000c   0x08007260   0x00000014   Data   RW          299    .data               system_stm32f10x.o
    0x20000020   0x08007274   0x00000014   Data   RW         1970    .data               stm32f10x_rcc.o
    0x20000034   0x08007288   0x00000028   Data   RW         3384    .data               usart.o
    0x2000005c   0x080072b0   0x0000003f   Data   RW         3561    .data               w5500.o
    0x2000009b   0x080072ef   0x00000001   PAD
    0x2000009c   0x080072f0   0x00000025   Data   RW         3713    .data               remote.o
    0x200000c1   0x08007315   0x00000001   Data   RW         4007    .data               key.o
    0x200000c2   0x08007316   0x00000009   Data   RW         4070    .data               datapackage.o
    0x200000cb   0x0800731f   0x00000001   PAD
    0x200000cc   0x08007320   0x00000004   Data   RW         4140    .data               delay.o
    0x200000d0        -       0x00000222   Zero   RW         3383    .bss                usart.o
    0x200002f2        -       0x00001000   Zero   RW         3560    .bss                w5500.o
    0x200012f2        -       0x000007e4   Zero   RW         3712    .bss                remote.o
    0x20001ad6        -       0x00000400   Zero   RW         4005    .bss                key.o
    0x20001ed6   0x08007324   0x00000002   PAD
    0x20001ed8        -       0x00000060   Zero   RW         4494    .bss                c_w.l(libspace.o)
    0x20001f38        -       0x00000200   Zero   RW          341    HEAP                startup_stm32f10x_hd.o
    0x20002138        -       0x00000400   Zero   RW          340    STACK               startup_stm32f10x_hd.o


==============================================================================

Image component sizes


      Code (inc. data)   RO Data    RW Data    ZI Data      Debug   Object Name

      1076        100          0          0          0       9531   24cxx.o
         0          0          0          0          0         32   core_cm3.o
      4006        642        203          9          0       9289   datapackage.o
       220         26          0          4          0       1707   delay.o
      1252        178        194          1       1024      18529   key.o
       384         62          0         10          0     250886   main.o
       172         22          0          0          0     208869   misc.o
       372         40          0          0          0       1242   ocep.o
      1904        292          0         37       2020     242661   remote.o
       160         10          0          0          0        967   scio.o
        64         26        304          0       1536        792   startup_stm32f10x_hd.o
       160         12          0          0          0       1417   stm32f10x_exti.o
       494         10          0          0          0       4340   stm32f10x_gpio.o
        26          0          0          0          0      54018   stm32f10x_it.o
        12          6          0          0          0        483   stm32f10x_pwr.o
       340         44          0         20          0       5424   stm32f10x_rcc.o
       112          0          0          0          0       3690   stm32f10x_spi.o
      1250        136          0          0          0       9179   stm32f10x_tim.o
       628         28          0          0          0       7178   stm32f10x_usart.o
       328         28          0         20          0       2077   system_stm32f10x.o
      2438        314          0         40        546     216599   usart.o
      2840        258          0         63       4096      20897   w5500.o

    ----------------------------------------------------------------------
     18252       2234        736        208       9224    1069807   Object Totals
         0          0         32          0          0          0   (incl. Generated)
        14          0          3          4          2          0   (incl. Padding)

    ----------------------------------------------------------------------

      Code (inc. data)   RO Data    RW Data    ZI Data      Debug   Library Member Name

        44          6          0          0          0         84   __2sprintf.o
         8          0          0          0          0         68   __main.o
       392          4         17          0          0         92   __printf_flags_ss_wp.o
        14          0          0          0          0         68   __printf_wp.o
         0          0          0          0          0          0   __rtentry.o
        12          0          0          0          0          0   __rtentry2.o
         6          0          0          0          0          0   __rtentry4.o
        52          8          0          0          0          0   __scatter.o
        26          0          0          0          0          0   __scatter_copy.o
        28          0          0          0          0          0   __scatter_zi.o
        28          0          0          0          0         68   _chval.o
        48          6          0          0          0         96   _printf_char_common.o
         6          0          0          0          0          0   _printf_d.o
       120         16          0          0          0         92   _printf_dec.o
       148          4         40          0          0        160   _printf_hex_int_ll_ptr.o
       178          0          0          0          0         88   _printf_intcommon.o
        78          0          0          0          0        108   _printf_pad.o
         0          0          0          0          0          0   _printf_percent.o
         4          0          0          0          0          0   _printf_percent_end.o
         6          0          0          0          0          0   _printf_x.o
        22          0          0          0          0        100   _rserrno.o
        64          0          0          0          0         84   _sgetc.o
        10          0          0          0          0         68   _sputc.o
       158          0          0          0          0         92   _strtoul.o
        26          0          0          0          0         80   atoi.o
       228          4        148          0          0         96   bigflt0.o
      1924        136          0          0          0        756   btod.o
        10          0          0          0          0         68   defsig_exit.o
        50          0          0          0          0         88   defsig_general.o
        80         58          0          0          0         76   defsig_rtmem_inner.o
        14          0          0          0          0         80   defsig_rtmem_outer.o
        18          0          0          0          0         80   exit.o
        94          0          0          0          0         80   h1_alloc.o
        52          0          0          0          0         68   h1_extend.o
        78          0          0          0          0         80   h1_free.o
        14          0          0          0          0         84   h1_init.o
         6          0          0          0          0        152   heapauxi.o
         4          0          0          0          0        136   hguard.o
         0          0          0          0          0          0   indicate_semi.o
       138          0          0          0          0        168   init_alloc.o
        18          0          0          0          0         76   isspace.o
        44         10        272          0          0         76   lc_ctype_c.o
        44         10         28          0          0         76   lc_numeric_c.o
         2          0          0          0          0          0   libinit.o
        38          0          0          0          0          0   libinit2.o
         2          0          0          0          0          0   libshutdown.o
         2          0          0          0          0          0   libshutdown2.o
         8          4          0          0         96         68   libspace.o
        38          0          0          0          0         68   llshl.o
         0          0          0          0          0          0   maybetermalloc1.o
        16          4          0          0          0         76   rt_ctype_table.o
         8          4          0          0          0         68   rt_errno_addr_intlibspace.o
         8          4          0          0          0         68   rt_heap_descriptor_intlibspace.o
         8          4          0          0          0         68   rt_locale_intlibspace.o
        68          0          0          0          0         68   rt_memclr.o
        78          0          0          0          0         80   rt_memclr_w.o
       138          0          0          0          0         68   rt_memcpy_v6.o
       100          0          0          0          0         80   rt_memcpy_w.o
         2          0          0          0          0          0   rtexit.o
        10          0          0          0          0          0   rtexit2.o
      1272         16          0          0          0        168   scanf_fp.o
       800         14          0          0          0        100   scanf_hexfp.o
       308         16          0          0          0        100   scanf_infnan.o
       128          0          0          0          0         68   strcmpv7m.o
        62          0          0          0          0         76   strlen.o
        36          0          0          0          0         80   strstr.o
       164         14          0          0          0        120   strtod.o
       112          0          0          0          0         88   strtol.o
        12          4          0          0          0         68   sys_exit.o
        74          0          0          0          0         80   sys_stackheap_outer.o
        14          0          0          0          0         76   sys_wrch.o
         2          0          0          0          0         68   use_no_semi.o
        98          4          0          0          0         92   d2f.o
        16          4          0          0          0         68   dcheck1.o
        24          0          0          0          0         68   dcmpi.o
       120          4          0          0          0         92   deqf.o
        90          4          0          0          0         92   dfixu.o
       120          4          0          0          0         92   dleqf.o
       156          4          0          0          0         92   dnaninf.o
       108          0          0          0          0         80   drleqf.o
        24          0          0          0          0         68   fcmpi.o
        62          4          0          0          0         84   ffixu.o
       104          4          0          0          0         84   fleqf.o
       140          4          0          0          0         84   fnaninf.o
         0          0         16          0          0          0   fpconst.o
        10          0          0          0          0         68   fretinf.o
        98          0          0          0          0         68   frleqf.o
         6          0          0          0          0         68   istatus.o
       100          0          0          0          0         68   retnan.o
        92          0          0          0          0         68   scalbn.o
         4          0          0          0          0         68   scanf1.o
         8          0          0          0          0         84   scanf2.o
        48          0          0          0          0         68   trapv.o
         0          0          0          0          0          0   usenofp.o
        42          0          0          0          0         84   atof.o
        30          6          0          0          0        136   dunder.o
        88          8          0          0          0         76   frexp.o
       138          0          0          0          0        160   ldexp.o
       204          4          0          0          0        168   narrow.o

    ----------------------------------------------------------------------
      9758        402        522          0         96       7572   Library Totals
        24          2          1          0          0          0   (incl. Padding)

    ----------------------------------------------------------------------

      Code (inc. data)   RO Data    RW Data    ZI Data      Debug   Library Name

      7804        346        505          0         96       5392   c_w.l
      1428         36         16          0          0       1556   fz_ws.l
       502         18          0          0          0        624   m_ws.l

    ----------------------------------------------------------------------
      9758        402        522          0         96       7572   Library Totals

    ----------------------------------------------------------------------

==============================================================================


      Code (inc. data)   RO Data    RW Data    ZI Data      Debug   

     28010       2636       1258        208       9320    1065623   Grand Totals
     28010       2636       1258        208       9320    1065623   ELF Image Totals
     28010       2636       1258        208          0          0   ROM Totals

==============================================================================

    Total RO  Size (Code + RO Data)                29268 (  28.58kB)
    Total RW  Size (RW Data + ZI Data)              9528 (   9.30kB)
    Total ROM Size (Code + RO Data + RW Data)      29476 (  28.79kB)

==============================================================================

