Component: ARM Compiler 5.06 update 7 (build 960) Tool: armlink [4d3601]

==============================================================================

Section Cross References

    main.o(i.main) refers to stm32f10x_pwr.o(i.PWR_WakeUpPinCmd) for PWR_WakeUpPinCmd
    main.o(i.main) refers to misc.o(i.NVIC_PriorityGroupConfig) for NVIC_PriorityGroupConfig
    main.o(i.main) refers to delay.o(i.Delay_init) for Delay_init
    main.o(i.main) refers to ocep.o(i.OCEP_Init) for OCEP_Init
    main.o(i.main) refers to scio.o(i.SCIO_Init) for SCIO_Init
    main.o(i.main) refers to key.o(i.Key_Init) for Key_Init
    main.o(i.main) refers to 24cxx.o(i.AT24CXX_Init) for AT24CXX_Init
    main.o(i.main) refers to usart.o(i.USART1_Init) for USART1_Init
    main.o(i.main) refers to usart.o(i.USART2_Init) for USART2_Init
    main.o(i.main) refers to usart.o(i.USART3_Init) for USART3_Init
    main.o(i.main) refers to usart.o(i.UART4_Init) for UART4_Init
    main.o(i.main) refers to usart.o(i.UART5_Init) for UART5_Init
    main.o(i.main) refers to remote.o(i.Remote_Reciv_Init) for Remote_Reciv_Init
    main.o(i.main) refers to remote.o(i.Remote_Send1_Init) for Remote_Send1_Init
    main.o(i.main) refers to remote.o(i.Remote_Send2_Init) for Remote_Send2_Init
    main.o(i.main) refers to w5500.o(i.SPI_Configuration) for SPI_Configuration
    main.o(i.main) refers to w5500.o(i.W5500_GPIO_Configuration) for W5500_GPIO_Configuration
    main.o(i.main) refers to w5500.o(i.Load_Net_Parameters) for Load_Net_Parameters
    main.o(i.main) refers to w5500.o(i.W5500_Hardware_Reset) for W5500_Hardware_Reset
    main.o(i.main) refers to w5500.o(i.W5500_Init) for W5500_Init
    main.o(i.main) refers to w5500.o(i.Detect_Gateway) for Detect_Gateway
    main.o(i.main) refers to w5500.o(i.Socket_Init) for Socket_Init
    main.o(i.main) refers to datapackage.o(i.Online_Reminder) for Online_Reminder
    main.o(i.main) refers to 24cxx.o(i.AT24C512_Read2Byte) for AT24C512_Read2Byte
    main.o(i.main) refers to key.o(i.Key_State) for Key_State
    main.o(i.main) refers to w5500.o(i.W5500_Socket_Set) for W5500_Socket_Set
    main.o(i.main) refers to w5500.o(i.W5500_Interrupt_Process) for W5500_Interrupt_Process
    main.o(i.main) refers to datapackage.o(i.Address_Check) for Address_Check
    main.o(i.main) refers to scio.o(i.SCIO_Ctr) for SCIO_Ctr
    main.o(i.main) refers to key.o(i.Device_Init) for Device_Init
    main.o(i.main) refers to rt_memcpy_v6.o(.text) for __aeabi_memcpy
    main.o(i.main) refers to w5500.o(i.Write_SOCK_Data_Buffer) for Write_SOCK_Data_Buffer
    main.o(i.main) refers to datapackage.o(i.Set_NetParam) for Set_NetParam
    main.o(i.main) refers to datapackage.o(i.funcNet_OCEPCtrl) for funcNet_OCEPCtrl
    main.o(i.main) refers to remote.o(i.funcNet_StartLearn) for funcNet_StartLearn
    main.o(i.main) refers to remote.o(i.funcNet_StarSend) for funcNet_StarSend
    main.o(i.main) refers to datapackage.o(i.Get_NetParam) for Get_NetParam
    main.o(i.main) refers to remote.o(.data) for Last_DataEAddr
    main.o(i.main) refers to key.o(.data) for Key_Time
    main.o(i.main) refers to w5500.o(.data) for S0_Data
    main.o(i.main) refers to datapackage.o(.data) for check
    main.o(i.main) refers to w5500.o(.bss) for Tx_Buffer
    system_stm32f10x.o(i.SetSysClock) refers to system_stm32f10x.o(i.SetSysClockTo72) for SetSysClockTo72
    system_stm32f10x.o(i.SystemCoreClockUpdate) refers to system_stm32f10x.o(.data) for SystemCoreClock
    system_stm32f10x.o(i.SystemInit) refers to system_stm32f10x.o(i.SetSysClock) for SetSysClock
    startup_stm32f10x_hd.o(STACK) refers (Special) to heapauxi.o(.text) for __use_two_region_memory
    startup_stm32f10x_hd.o(HEAP) refers (Special) to heapauxi.o(.text) for __use_two_region_memory
    startup_stm32f10x_hd.o(RESET) refers (Special) to heapauxi.o(.text) for __use_two_region_memory
    startup_stm32f10x_hd.o(RESET) refers to startup_stm32f10x_hd.o(STACK) for __initial_sp
    startup_stm32f10x_hd.o(RESET) refers to startup_stm32f10x_hd.o(.text) for Reset_Handler
    startup_stm32f10x_hd.o(RESET) refers to stm32f10x_it.o(i.NMI_Handler) for NMI_Handler
    startup_stm32f10x_hd.o(RESET) refers to stm32f10x_it.o(i.HardFault_Handler) for HardFault_Handler
    startup_stm32f10x_hd.o(RESET) refers to stm32f10x_it.o(i.MemManage_Handler) for MemManage_Handler
    startup_stm32f10x_hd.o(RESET) refers to stm32f10x_it.o(i.BusFault_Handler) for BusFault_Handler
    startup_stm32f10x_hd.o(RESET) refers to stm32f10x_it.o(i.UsageFault_Handler) for UsageFault_Handler
    startup_stm32f10x_hd.o(RESET) refers to stm32f10x_it.o(i.SVC_Handler) for SVC_Handler
    startup_stm32f10x_hd.o(RESET) refers to stm32f10x_it.o(i.DebugMon_Handler) for DebugMon_Handler
    startup_stm32f10x_hd.o(RESET) refers to stm32f10x_it.o(i.PendSV_Handler) for PendSV_Handler
    startup_stm32f10x_hd.o(RESET) refers to stm32f10x_it.o(i.SysTick_Handler) for SysTick_Handler
[...]
    i.AT24CXX_ReadOneByte                    0x08000b24   Section        0  24cxx.o(i.AT24CXX_ReadOneByte)
    i.AT24CXX_Write                          0x08000b78   Section        0  24cxx.o(i.AT24CXX_Write)
    i.AT24CXX_WriteOneByte                   0x08000b9c   Section        0  24cxx.o(i.AT24CXX_WriteOneByte)
    i.Address_Check                          0x08000be8   Section        0  datapackage.o(i.Address_Check)
    i.BusFault_Handler                       0x08000c48   Section        0  stm32f10x_it.o(i.BusFault_Handler)
    i.DebugMon_Handler                       0x08000c4c   Section        0  stm32f10x_it.o(i.DebugMon_Handler)
    i.Delay_init                             0x08000c50   Section        0  delay.o(i.Delay_init)
    i.Delay_ms                               0x08000c94   Section        0  delay.o(i.Delay_ms)
    i.Delay_us                               0x08000ce0   Section        0  delay.o(i.Delay_us)
    i.Detect_Gateway                         0x08000d2c   Section        0  w5500.o(i.Detect_Gateway)
    i.Device_Init                            0x08000df4   Section        0  key.o(i.Device_Init)
    i.EXTI9_5_IRQHandler                     0x080010bc   Section        0  remote.o(i.EXTI9_5_IRQHandler)
    i.EXTI_ClearITPendingBit                 0x08001334   Section        0  stm32f10x_exti.o(i.EXTI_ClearITPendingBit)
    i.EXTI_Init                              0x08001340   Section        0  stm32f10x_exti.o(i.EXTI_Init)
    i.GPIO_EXTILineConfig                    0x080013d4   Section        0  stm32f10x_gpio.o(i.GPIO_EXTILineConfig)
    i.GPIO_Init                              0x08001414   Section        0  stm32f10x_gpio.o(i.GPIO_Init)
    i.GPIO_PinRemapConfig                    0x0800152c   Section        0  stm32f10x_gpio.o(i.GPIO_PinRemapConfig)
    i.GPIO_ResetBits                         0x080015bc   Section        0  stm32f10x_gpio.o(i.GPIO_ResetBits)
    i.GPIO_SetBits                           0x080015c0   Section        0  stm32f10x_gpio.o(i.GPIO_SetBits)
    i.Get_NetParam                           0x080015c4   Section        0  datapackage.o(i.Get_NetParam)
    i.HardFault_Handler                      0x080016d0   Section        0  stm32f10x_it.o(i.HardFault_Handler)
    i.IIC_Ack                                0x080016d4   Section        0  24cxx.o(i.IIC_Ack)
    i.IIC_Init                               0x08001724   Section        0  24cxx.o(i.IIC_Init)
    i.IIC_NAck                               0x0800175c   Section        0  24cxx.o(i.IIC_NAck)
    i.IIC_Read_Byte                          0x080017ac   Section        0  24cxx.o(i.IIC_Read_Byte)
    i.IIC_Send_Byte                          0x0800181c   Section        0  24cxx.o(i.IIC_Send_Byte)
    i.IIC_Start                              0x08001890   Section        0  24cxx.o(i.IIC_Start)
    i.IIC_Stop                               0x080018dc   Section        0  24cxx.o(i.IIC_Stop)
    i.IIC_Wait_Ack                           0x08001928   Section        0  24cxx.o(i.IIC_Wait_Ack)
    i.Key_Init                               0x0800198c   Section        0  key.o(i.Key_Init)
    i.Key_State                              0x08001a24   Section        0  key.o(i.Key_State)
    i.Load_Net_Parameters                    0x08001a38   Section        0  w5500.o(i.Load_Net_Parameters)
    i.MemManage_Handler                      0x08001b3c   Section        0  stm32f10x_it.o(i.MemManage_Handler)
    i.NMI_Handler                            0x08001b40   Section        0  stm32f10x_it.o(i.NMI_Handler)
    i.NVIC_Init                              0x08001b44   Section        0  misc.o(i.NVIC_Init)
    i.NVIC_PriorityGroupConfig               0x08001bb4   Section        0  misc.o(i.NVIC_PriorityGroupConfig)
    i.OCEP_Init                              0x08001bc8   Section        0  ocep.o(i.OCEP_Init)
    i.OCEP_OC                                0x08001c5c   Section        0  ocep.o(i.OCEP_OC)
    i.Online_Reminder                        0x08001d3c   Section        0  datapackage.o(i.Online_Reminder)
    i.PWR_WakeUpPinCmd                       0x08001ea4   Section        0  stm32f10x_pwr.o(i.PWR_WakeUpPinCmd)
    i.PendSV_Handler                         0x08001eb0   Section        0  stm32f10x_it.o(i.PendSV_Handler)
    i.Process_Socket_Data                    0x08001eb4   Section        0  w5500.o(i.Process_Socket_Data)
    i.RCC_APB1PeriphClockCmd                 0x08001f00   Section        0  stm32f10x_rcc.o(i.RCC_APB1PeriphClockCmd)
    i.RCC_APB1PeriphResetCmd                 0x08001f20   Section        0  stm32f10x_rcc.o(i.RCC_APB1PeriphResetCmd)
    i.RCC_APB2PeriphClockCmd                 0x08001f40   Section        0  stm32f10x_rcc.o(i.RCC_APB2PeriphClockCmd)
    i.RCC_APB2PeriphResetCmd                 0x08001f60   Section        0  stm32f10x_rcc.o(i.RCC_APB2PeriphResetCmd)
    i.RCC_GetClocksFreq                      0x08001f80   Section        0  stm32f10x_rcc.o(i.RCC_GetClocksFreq)
    i.Read_SOCK_Data_Buffer                  0x08002054   Section        0  w5500.o(i.Read_SOCK_Data_Buffer)
    i.Read_W5500_1Byte                       0x0800217c   Section        0  w5500.o(i.Read_W5500_1Byte)
    i.Read_W5500_SOCK_1Byte                  0x080021c0   Section        0  w5500.o(i.Read_W5500_SOCK_1Byte)
    i.Read_W5500_SOCK_2Byte                  0x08002210   Section        0  w5500.o(i.Read_W5500_SOCK_2Byte)
    i.Remote_Reciv_Init                      0x08002278   Section        0  remote.o(i.Remote_Reciv_Init)
    i.Remote_Send                            0x08002300   Section        0  remote.o(i.Remote_Send)
    i.Remote_Send1_Init                      0x080023f4   Section        0  remote.o(i.Remote_Send1_Init)
    i.Remote_Send2_Init                      0x08002488   Section        0  remote.o(i.Remote_Send2_Init)
    i.SCIO_Ctr                               0x0800251c   Section        0  scio.o(i.SCIO_Ctr)
    i.SCIO_Init                              0x08002568   Section        0  scio.o(i.SCIO_Init)
    i.SPI1_Send_Byte                         0x080025bc   Section        0  w5500.o(i.SPI1_Send_Byte)
    i.SPI1_Send_Short                        0x080025dc   Section        0  w5500.o(i.SPI1_Send_Short)
    i.SPI_Cmd                                0x080025f8   Section        0  stm32f10x_spi.o(i.SPI_Cmd)
    i.SPI_Configuration                      0x08002610   Section        0  w5500.o(i.SPI_Configuration)
    i.SPI_I2S_GetFlagStatus                  0x080026b4   Section        0  stm32f10x_spi.o(i.SPI_I2S_GetFlagStatus)
    i.SPI_I2S_ReceiveData                    0x080026c6   Section        0  stm32f10x_spi.o(i.SPI_I2S_ReceiveData)
    i.SPI_I2S_SendData                       0x080026cc   Section        0  stm32f10x_spi.o(i.SPI_I2S_SendData)
    i.SPI_Init                               0x080026d0   Section        0  stm32f10x_spi.o(i.SPI_Init)
    i.SVC_Handler                            0x0800270c   Section        0  stm32f10x_it.o(i.SVC_Handler)
    i.SetSysClock                            0x0800270e   Section        0  system_stm32f10x.o(i.SetSysClock)
    SetSysClock                              0x0800270f   Thumb Code     8  system_stm32f10x.o(i.SetSysClock)
    i.SetSysClockTo72                        0x08002718   Section        0  system_stm32f10x.o(i.SetSysClockTo72)
    SetSysClockTo72                          0x08002719   Thumb Code   214  system_stm32f10x.o(i.SetSysClockTo72)
    i.Set_NetParam                           0x080027f8   Section        0  datapackage.o(i.Set_NetParam)
    i.Socket_Connect                         0x08002c2c   Section        0  w5500.o(i.Socket_Connect)
    i.Socket_Init                            0x08002c74   Section        0  w5500.o(i.Socket_Init)
    i.Socket_Listen                          0x08002cc4   Section        0  w5500.o(i.Socket_Listen)
    i.Socket_UDP                             0x08002d2a   Section        0  w5500.o(i.Socket_UDP)
    i.SysTick_CLKSourceConfig                0x08002d66   Section        0  misc.o(i.SysTick_CLKSourceConfig)
    i.SysTick_Handler                        0x08002d8e   Section        0  stm32f10x_it.o(i.SysTick_Handler)
    i.SystemInit                             0x08002d90   Section        0  system_stm32f10x.o(i.SystemInit)
    i.TIM3_IRQHandler                        0x08002df0   Section        0  key.o(i.TIM3_IRQHandler)
    i.TIM_CCxCmd                             0x08002e38   Section        0  stm32f10x_tim.o(i.TIM_CCxCmd)
    i.TIM_ClearITPendingBit                  0x08002e56   Section        0  stm32f10x_tim.o(i.TIM_ClearITPendingBit)
    i.TIM_Cmd                                0x08002e5c   Section        0  stm32f10x_tim.o(i.TIM_Cmd)
    i.TIM_DeInit                             0x08002e74   Section        0  stm32f10x_tim.o(i.TIM_DeInit)
    i.TIM_ForcedOC1Config                    0x0800305c   Section        0  stm32f10x_tim.o(i.TIM_ForcedOC1Config)
    i.TIM_ForcedOC2Config                    0x0800306e   Section        0  stm32f10x_tim.o(i.TIM_ForcedOC2Config)
    i.TIM_GetITStatus                        0x08003088   Section        0  stm32f10x_tim.o(i.TIM_GetITStatus)
    i.TIM_ITConfig                           0x080030aa   Section        0  stm32f10x_tim.o(i.TIM_ITConfig)
    i.TIM_OC1Init                            0x080030bc   Section        0  stm32f10x_tim.o(i.TIM_OC1Init)
    i.TIM_OC1PreloadConfig                   0x08003154   Section        0  stm32f10x_tim.o(i.TIM_OC1PreloadConfig)
    i.TIM_OC2Init                            0x08003168   Section        0  stm32f10x_tim.o(i.TIM_OC2Init)
    i.TIM_OC2PreloadConfig                   0x0800320c   Section        0  stm32f10x_tim.o(i.TIM_OC2PreloadConfig)
    i.TIM_SelectOCxM                         0x08003226   Section        0  stm32f10x_tim.o(i.TIM_SelectOCxM)
    i.TIM_TimeBaseInit                       0x08003278   Section        0  stm32f10x_tim.o(i.TIM_TimeBaseInit)
    i.UART4_IRQHandler                       0x0800331c   Section        0  usart.o(i.UART4_IRQHandler)
    i.UART4_Init                             0x08003414   Section        0  usart.o(i.UART4_Init)
    i.UART5_IRQHandler                       0x080034e4   Section        0  usart.o(i.UART5_IRQHandler)
    i.UART5_Init                             0x0800354c   Section        0  usart.o(i.UART5_Init)
    i.USART1_IRQHandler                      0x080035fc   Section        0  usart.o(i.USART1_IRQHandler)
    i.USART1_Init                            0x080036e0   Section        0  usart.o(i.USART1_Init)
    i.USART2_IRQHandler                      0x08003780   Section        0  usart.o(i.USART2_IRQHandler)
    i.USART2_Init                            0x08003878   Section        0  usart.o(i.USART2_Init)
    i.USART3_IRQHandler                      0x08003940   Section        0  usart.o(i.USART3_IRQHandler)
    i.USART3_Init                            0x08003a38   Section        0  usart.o(i.USART3_Init)
    i.USART_ClearITPendingBit                0x08003b04   Section        0  stm32f10x_usart.o(i.USART_ClearITPendingBit)
    i.USART_Cmd                              0x08003b22   Section        0  stm32f10x_usart.o(i.USART_Cmd)
    i.USART_DeInit                           0x08003b3c   Section        0  stm32f10x_usart.o(i.USART_DeInit)
    i.USART_GetFlagStatus                    0x08003bd8   Section        0  stm32f10x_usart.o(i.USART_GetFlagStatus)
    i.USART_GetITStatus                      0x08003bf2   Section        0  stm32f10x_usart.o(i.USART_GetITStatus)
    i.USART_ITConfig                         0x08003c46   Section        0  stm32f10x_usart.o(i.USART_ITConfig)
    i.USART_Init                             0x08003c90   Section        0  stm32f10x_usart.o(i.USART_Init)
    i.USART_ReceiveData                      0x08003d68   Section        0  stm32f10x_usart.o(i.USART_ReceiveData)
    i.USART_SendData                         0x08003d72   Section        0  stm32f10x_usart.o(i.USART_SendData)
    i.USARTx_SendArray                       0x08003d7a   Section        0  usart.o(i.USARTx_SendArray)
    i.USARTx_SendByte                        0x08003d9c   Section        0  usart.o(i.USARTx_SendByte)
    i.UsageFault_Handler                     0x08003dba   Section        0  stm32f10x_it.o(i.UsageFault_Handler)
    i.W5500_GPIO_Configuration               0x08003dc0   Section        0  w5500.o(i.W5500_GPIO_Configuration)
    i.W5500_Hardware_Reset                   0x08003dec   Section        0  w5500.o(i.W5500_Hardware_Reset)
    i.W5500_Init                             0x08003e10   Section        0  w5500.o(i.W5500_Init)
    i.W5500_Interrupt_Process                0x08003e90   Section        0  w5500.o(i.W5500_Interrupt_Process)
    i.W5500_Socket_Set                       0x08003f34   Section        0  w5500.o(i.W5500_Socket_Set)
    i.Write_SOCK_Data_Buffer                 0x08003fa0   Section        0  w5500.o(i.Write_SOCK_Data_Buffer)
    i.Write_W5500_1Byte                      0x080040ac   Section        0  w5500.o(i.Write_W5500_1Byte)
    i.Write_W5500_2Byte                      0x080040dc   Section        0  w5500.o(i.Write_W5500_2Byte)
    i.Write_W5500_SOCK_1Byte                 0x0800410c   Section        0  w5500.o(i.Write_W5500_SOCK_1Byte)
    i.Write_W5500_SOCK_2Byte                 0x08004148   Section        0  w5500.o(i.Write_W5500_SOCK_2Byte)
    i.Write_W5500_SOCK_4Byte                 0x08004184   Section        0  w5500.o(i.Write_W5500_SOCK_4Byte)
    i.Write_W5500_nByte                      0x080041d8   Section        0  w5500.o(i.Write_W5500_nByte)
    i._is_digit                              0x0800421c   Section        0  __printf_wp.o(i._is_digit)
    i.funcNet_OCEPCtrl                       0x0800422c   Section        0  datapackage.o(i.funcNet_OCEPCtrl)
    i.funcNet_StarSend                       0x08004338   Section        0  remote.o(i.funcNet_StarSend)
    i.funcNet_StartLearn                     0x0800442c   Section        0  remote.o(i.funcNet_StartLearn)
    i.funcRS_OCEPCtrl                        0x08004464   Section        0  datapackage.o(i.funcRS_OCEPCtrl)
    i.funcRS_StarSend                        0x080044f8   Section        0  remote.o(i.funcRS_StarSend)
    i.funcRS_StartLearn                      0x080045e4   Section        0  remote.o(i.funcRS_StartLearn)
    i.main                                   0x08004720   Section        0  main.o(i.main)
    locale$$code                             0x0800484c   Section       44  lc_ctype_c.o(locale$$code)
    .constdata                               0x08004878   Section       40  _printf_hex_int_ll_ptr.o(.constdata)
    uc_hextab                                0x08004878   Data          20  _printf_hex_int_ll_ptr.o(.constdata)
    lc_hextab                                0x0800488c   Data          20  _printf_hex_int_ll_ptr.o(.constdata)
    .constdata                               0x080048a0   Section       17  __printf_flags_ss_wp.o(.constdata)
    maptable                                 0x080048a0   Data          17  __printf_flags_ss_wp.o(.constdata)
    .conststring                             0x080048b4   Section       99  key.o(.conststring)
    locale$$data                             0x08004938   Section      272  lc_ctype_c.o(locale$$data)
    __lcctype_c_name                         0x0800493c   Data           2  lc_ctype_c.o(locale$$data)
    __lcctype_c_start                        0x08004944   Data           0  lc_ctype_c.o(locale$$data)
    __lcctype_c_end                          0x08004a48   Data           0  lc_ctype_c.o(locale$$data)
    .data                                    0x20000000   Section       12  main.o(.data)
    .data                                    0x2000000c   Section       20  system_stm32f10x.o(.data)
    .data                                    0x20000020   Section       20  stm32f10x_rcc.o(.data)
    APBAHBPrescTable                         0x20000020   Data          16  stm32f10x_rcc.o(.data)
    ADCPrescTable                            0x20000030   Data           4  stm32f10x_rcc.o(.data)
    .data                                    0x20000034   Section       11  usart.o(.data)
    .data                                    0x2000003f   Section       62  w5500.o(.data)
    .data                                    0x20000080   Section       41  remote.o(.data)
    .data                                    0x200000a9   Section        1  key.o(.data)
    .data                                    0x200000aa   Section        4  datapackage.o(.data)
    .data                                    0x200000ae   Section        4  delay.o(.data)
    fac_us                                   0x200000ae   Data           1  delay.o(.data)
    fac_ms                                   0x200000b0   Data           2  delay.o(.data)
    .bss                                     0x200000b4   Section      270  usart.o(.bss)
    .bss                                     0x200001c2   Section     4096  w5500.o(.bss)
    .bss                                     0x200011c4   Section     4036  remote.o(.bss)
    .bss                                     0x20002188   Section     1024  key.o(.bss)
    .bss                                     0x20002588   Section       96  libspace.o(.bss)
    HEAP                                     0x200025e8   Section      512  startup_stm32f10x_hd.o(HEAP)
    Heap_Mem                                 0x200025e8   Data         512  startup_stm32f10x_hd.o(HEAP)
    STACK                                    0x200027e8   Section     1024  startup_stm32f10x_hd.o(STACK)
    Stack_Mem                                0x200027e8   Data        1024  startup_stm32f10x_hd.o(STACK)
    __initial_sp                             0x20002be8   Data           0  startup_stm32f10x_hd.o(STACK)

    Global Symbols

    Symbol Name                              Value     Ov Type        Size  Object(Section)

    BuildAttributes$$THM_ISAv4$P$D$K$B$S$PE$A:L22UL41UL21$X:L11$S22US41US21$IEEE1$IW$USESV6$~STKCKD$USESV7$~SHL$OTIME$ROPI$IEEEJ$EBA8$UX$STANDARDLIB$REQ8$PRES8$EABIv2 0x00000000   Number         0  anon$$obj.o ABSOLUTE
    __ARM_use_no_argv                        0x00000000   Number         0  main.o ABSOLUTE
    _printf_flags                            0x00000000   Number         0  printf_stubs.o ABSOLUTE
    _printf_return_value                     0x00000000   Number         0  printf_stubs.o ABSOLUTE
    _printf_sizespec                         0x00000000   Number         0  printf_stubs.o ABSOLUTE
    _printf_widthprec                        0x00000000   Number         0  printf_stubs.o ABSOLUTE
    __ARM_exceptions_init                     - Undefined Weak Reference
    __alloca_initialize                       - Undefined Weak Reference
    __arm_fini_                               - Undefined Weak Reference
    __arm_preinit_                            - Undefined Weak Reference
    __cpp_initialize__aeabi_                  - Undefined Weak Reference
    __cxa_finalize                            - Undefined Weak Reference
    __sigvec_lookup                           - Undefined Weak Reference
    _atexit_init                              - Undefined Weak Reference
    _call_atexit_fns                          - Undefined Weak Reference
    _clock_init                               - Undefined Weak Reference
    _fp_trap_init                             - Undefined Weak Reference
    _fp_trap_shutdown                         - Undefined Weak Reference
    _get_lc_collate                           - Undefined Weak Reference
    _get_lc_monetary                          - Undefined Weak Reference
    _get_lc_time                              - Undefined Weak Reference
    _getenv_init                              - Undefined Weak Reference
    _handle_redirection                       - Undefined Weak Reference
    _init_alloc                               - Undefined Weak Reference
    _init_user_alloc                          - Undefined Weak Reference
    _initio                                   - Undefined Weak Reference
    _printf_fp_hex                            - Undefined Weak Reference
    _printf_mbtowc                            - Undefined Weak Reference
    _printf_wc                                - Undefined Weak Reference
    _rand_init                                - Undefined Weak Reference
    _signal_finish                            - Undefined Weak Reference
    _signal_init                              - Undefined Weak Reference
    _terminate_alloc                          - Undefined Weak Reference
    _terminate_user_alloc                     - Undefined Weak Reference
    _terminateio                              - Undefined Weak Reference
    __Vectors_Size                           0x00000130   Number         0  startup_stm32f10x_hd.o ABSOLUTE
    __Vectors                                0x08000000   Data           4  startup_stm32f10x_hd.o(RESET)
    __Vectors_End                            0x08000130   Data           0  startup_stm32f10x_hd.o(RESET)
    __main                                   0x08000131   Thumb Code     8  __main.o(!!!main)
    __scatterload                            0x08000139   Thumb Code     0  __scatter.o(!!!scatter)
    __scatterload_rt2                        0x08000139   Thumb Code    44  __scatter.o(!!!scatter)
    __scatterload_rt2_thumb_only             0x08000139   Thumb Code     0  __scatter.o(!!!scatter)
    __scatterload_null                       0x08000147   Thumb Code     0  __scatter.o(!!!scatter)
    __scatterload_copy                       0x0800016d   Thumb Code    26  __scatter_copy.o(!!handler_copy)
    __scatterload_zeroinit                   0x08000189   Thumb Code    28  __scatter_zi.o(!!handler_zi)
    _printf_d                                0x080001a5   Thumb Code     0  _printf_d.o(.ARM.Collect$$_printf_percent$$00000009)
    _printf_percent                          0x080001a5   Thumb Code     0  _printf_percent.o(.ARM.Collect$$_printf_percent$$00000000)
    _printf_x                                0x080001ab   Thumb Code     0  _printf_x.o(.ARM.Collect$$_printf_percent$$0000000C)
    _printf_percent_end                      0x080001b1   Thumb Code     0  _printf_percent_end.o(.ARM.Collect$$_printf_percent$$00000017)
    __rt_lib_init                            0x080001b5   Thumb Code     0  libinit.o(.ARM.Collect$$libinit$$00000000)
    __rt_lib_init_fp_1                       0x080001b7   Thumb Code     0  libinit2.o(.ARM.Collect$$libinit$$00000002)
    __rt_lib_init_heap_1                     0x080001b7   Thumb Code     0  libinit2.o(.ARM.Collect$$libinit$$0000000A)
    __rt_lib_init_lc_common                  0x080001b7   Thumb Code     0  libinit2.o(.ARM.Collect$$libinit$$0000000F)
    __rt_lib_init_preinit_1                  0x080001b7   Thumb Code     0  libinit2.o(.ARM.Collect$$libinit$$00000004)
    __rt_lib_init_rand_1                     0x080001b7   Thumb Code     0  libinit2.o(.ARM.Collect$$libinit$$0000000E)
    __rt_lib_init_user_alloc_1               0x080001b7   Thumb Code     0  libinit2.o(.ARM.Collect$$libinit$$0000000C)
    __rt_lib_init_lc_collate_1               0x080001bd   Thumb Code     0  libinit2.o(.ARM.Collect$$libinit$$00000011)
    __rt_lib_init_lc_ctype_2                 0x080001bd   Thumb Code     0  libinit2.o(.ARM.Collect$$libinit$$00000012)
    __rt_lib_init_alloca_1                   0x080001c9   Thumb Code     0  libinit2.o(.ARM.Collect$$libinit$$0000002E)
    __rt_lib_init_argv_1                     0x080001c9   Thumb Code     0  libinit2.o(.ARM.Collect$$libinit$$0000002C)
    __rt_lib_init_atexit_1                   0x080001c9   Thumb Code     0  libinit2.o(.ARM.Collect$$libinit$$0000001B)
    __rt_lib_init_clock_1                    0x080001c9   Thumb Code     0  libinit2.o(.ARM.Collect$$libinit$$00000021)
    __rt_lib_init_cpp_1                      0x080001c9   Thumb Code     0  libinit2.o(.ARM.Collect$$libinit$$00000032)
    __rt_lib_init_exceptions_1               0x080001c9   Thumb Code     0  libinit2.o(.ARM.Collect$$libinit$$00000030)
    __rt_lib_init_fp_trap_1                  0x080001c9   Thumb Code     0  libinit2.o(.ARM.Collect$$libinit$$0000001F)
    __rt_lib_init_getenv_1                   0x080001c9   Thumb Code     0  libinit2.o(.ARM.Collect$$libinit$$00000023)
    __rt_lib_init_lc_ctype_1                 0x080001c9   Thumb Code     0  libinit2.o(.ARM.Collect$$libinit$$00000013)
    __rt_lib_init_lc_monetary_1              0x080001c9   Thumb Code     0  libinit2.o(.ARM.Collect$$libinit$$00000015)
    __rt_lib_init_lc_numeric_1               0x080001c9   Thumb Code     0  libinit2.o(.ARM.Collect$$libinit$$00000017)
    __rt_lib_init_lc_time_1                  0x080001c9   Thumb Code     0  libinit2.o(.ARM.Collect$$libinit$$00000019)
    __rt_lib_init_return                     0x080001c9   Thumb Code     0  libinit2.o(.ARM.Collect$$libinit$$00000033)
    __rt_lib_init_signal_1                   0x080001c9   Thumb Code     0  libinit2.o(.ARM.Collect$$libinit$$0000001D)
    __rt_lib_init_stdio_1                    0x080001c9   Thumb Code     0  libinit2.o(.ARM.Collect$$libinit$$00000025)
    __rt_lib_shutdown                        0x080001cb   Thumb Code     0  libshutdown.o(.ARM.Collect$$libshutdown$$00000000)
    __rt_lib_shutdown_cpp_1                  0x080001cd   Thumb Code     0  libshutdown2.o(.ARM.Collect$$libshutdown$$00000004)
    __rt_lib_shutdown_fini_1                 0x080001cd   Thumb Code     0  libshutdown2.o(.ARM.Collect$$libshutdown$$00000002)
    __rt_lib_shutdown_fp_trap_1              0x080001cd   Thumb Code     0  libshutdown2.o(.ARM.Collect$$libshutdown$$00000009)
    __rt_lib_shutdown_heap_1                 0x080001cd   Thumb Code     0  libshutdown2.o(.ARM.Collect$$libshutdown$$00000011)
    __rt_lib_shutdown_return                 0x080001cd   Thumb Code     0  libshutdown2.o(.ARM.Collect$$libshutdown$$00000012)
    __rt_lib_shutdown_signal_1               0x080001cd   Thumb Code     0  libshutdown2.o(.ARM.Collect$$libshutdown$$0000000C)
    __rt_lib_shutdown_stdio_1                0x080001cd   Thumb Code     0  libshutdown2.o(.ARM.Collect$$libshutdown$$00000006)
    __rt_lib_shutdown_user_alloc_1           0x080001cd   Thumb Code     0  libshutdown2.o(.ARM.Collect$$libshutdown$$0000000E)
    __rt_entry                               0x080001cf   Thumb Code     0  __rtentry.o(.ARM.Collect$$rtentry$$00000000)
    __rt_entry_presh_1                       0x080001cf   Thumb Code     0  __rtentry2.o(.ARM.Collect$$rtentry$$00000002)
    __rt_entry_sh                            0x080001cf   Thumb Code     0  __rtentry4.o(.ARM.Collect$$rtentry$$00000004)
    __rt_entry_li                            0x080001d5   Thumb Code     0  __rtentry2.o(.ARM.Collect$$rtentry$$0000000A)
    __rt_entry_postsh_1                      0x080001d5   Thumb Code     0  __rtentry2.o(.ARM.Collect$$rtentry$$00000009)
    __rt_entry_main                          0x080001d9   Thumb Code     0  __rtentry2.o(.ARM.Collect$$rtentry$$0000000D)
    __rt_entry_postli_1                      0x080001d9   Thumb Code     0  __rtentry2.o(.ARM.Collect$$rtentry$$0000000C)
    __rt_exit                                0x080001e1   Thumb Code     0  rtexit.o(.ARM.Collect$$rtexit$$00000000)
    __rt_exit_ls                             0x080001e3   Thumb Code     0  rtexit2.o(.ARM.Collect$$rtexit$$00000003)
    __rt_exit_prels_1                        0x080001e3   Thumb Code     0  rtexit2.o(.ARM.Collect$$rtexit$$00000002)
    __rt_exit_exit                           0x080001e7   Thumb Code     0  rtexit2.o(.ARM.Collect$$rtexit$$00000004)
    Reset_Handler                            0x080001ed   Thumb Code     8  startup_stm32f10x_hd.o(.text)
    ADC1_2_IRQHandler                        0x08000207   Thumb Code     0  startup_stm32f10x_hd.o(.text)
    ADC3_IRQHandler                          0x08000207   Thumb Code     0  startup_stm32f10x_hd.o(.text)
    CAN1_RX1_IRQHandler                      0x08000207   Thumb Code     0  startup_stm32f10x_hd.o(.text)
    CAN1_SCE_IRQHandler                      0x08000207   Thumb Code     0  startup_stm32f10x_hd.o(.text)
    DMA1_Channel1_IRQHandler                 0x08000207   Thumb Code     0  startup_stm32f10x_hd.o(.text)
    DMA1_Channel2_IRQHandler                 0x08000207   Thumb Code     0  startup_stm32f10x_hd.o(.text)
    DMA1_Channel3_IRQHandler                 0x08000207   Thumb Code     0  startup_stm32f10x_hd.o(.text)
    DMA1_Channel4_IRQHandler                 0x08000207   Thumb Code     0  startup_stm32f10x_hd.o(.text)
    DMA1_Channel5_IRQHandler                 0x08000207   Thumb Code     0  startup_stm32f10x_hd.o(.text)
    DMA1_Channel6_IRQHandler                 0x08000207   Thumb Code     0  startup_stm32f10x_hd.o(.text)
    DMA1_Channel7_IRQHandler                 0x08000207   Thumb Code     0  startup_stm32f10x_hd.o(.text)
    DMA2_Channel1_IRQHandler                 0x08000207   Thumb Code     0  startup_stm32f10x_hd.o(.text)
    DMA2_Channel2_IRQHandler                 0x08000207   Thumb Code     0  startup_stm32f10x_hd.o(.text)
    DMA2_Channel3_IRQHandler                 0x08000207   Thumb Code     0  startup_stm32f10x_hd.o(.text)
    DMA2_Channel4_5_IRQHandler               0x08000207   Thumb Code     0  startup_stm32f10x_hd.o(.text)
    EXTI0_IRQHandler                         0x08000207   Thumb Code     0  startup_stm32f10x_hd.o(.text)
    EXTI15_10_IRQHandler                     0x08000207   Thumb Code     0  startup_stm32f10x_hd.o(.text)
    EXTI1_IRQHandler                         0x08000207   Thumb Code     0  startup_stm32f10x_hd.o(.text)
    EXTI2_IRQHandler                         0x08000207   Thumb Code     0  startup_stm32f10x_hd.o(.text)
    EXTI3_IRQHandler                         0x08000207   Thumb Code     0  startup_stm32f10x_hd.o(.text)
    EXTI4_IRQHandler                         0x08000207   Thumb Code     0  startup_stm32f10x_hd.o(.text)
    FLASH_IRQHandler                         0x08000207   Thumb Code     0  startup_stm32f10x_hd.o(.text)
    FSMC_IRQHandler                          0x08000207   Thumb Code     0  startup_stm32f10x_hd.o(.text)
    I2C1_ER_IRQHandler                       0x08000207   Thumb Code     0  startup_stm32f10x_hd.o(.text)
    I2C1_EV_IRQHandler                       0x08000207   Thumb Code     0  startup_stm32f10x_hd.o(.text)
    I2C2_ER_IRQHandler                       0x08000207   Thumb Code     0  startup_stm32f10x_hd.o(.text)
    I2C2_EV_IRQHandler                       0x08000207   Thumb Code     0  startup_stm32f10x_hd.o(.text)
    PVD_IRQHandler                           0x08000207   Thumb Code     0  startup_stm32f10x_hd.o(.text)
    RCC_IRQHandler                           0x08000207   Thumb Code     0  startup_stm32f10x_hd.o(.text)
    RTCAlarm_IRQHandler                      0x08000207   Thumb Code     0  startup_stm32f10x_hd.o(.text)
    RTC_IRQHandler                           0x08000207   Thumb Code     0  startup_stm32f10x_hd.o(.text)
    SDIO_IRQHandler                          0x08000207   Thumb Code     0  startup_stm32f10x_hd.o(.text)
    SPI1_IRQHandler                          0x08000207   Thumb Code     0  startup_stm32f10x_hd.o(.text)
    SPI2_IRQHandler                          0x08000207   Thumb Code     0  startup_stm32f10x_hd.o(.text)
    SPI3_IRQHandler                          0x08000207   Thumb Code     0  startup_stm32f10x_hd.o(.text)
    TAMPER_IRQHandler                        0x08000207   Thumb Code     0  startup_stm32f10x_hd.o(.text)
    TIM1_BRK_IRQHandler                      0x08000207   Thumb Code     0  startup_stm32f10x_hd.o(.text)
    TIM1_CC_IRQHandler                       0x08000207   Thumb Code     0  startup_stm32f10x_hd.o(.text)
    TIM1_TRG_COM_IRQHandler                  0x08000207   Thumb Code     0  startup_stm32f10x_hd.o(.text)
    TIM1_UP_IRQHandler                       0x08000207   Thumb Code     0  startup_stm32f10x_hd.o(.text)
    TIM2_IRQHandler                          0x08000207   Thumb Code     0  startup_stm32f10x_hd.o(.text)
    TIM4_IRQHandler                          0x08000207   Thumb Code     0  startup_stm32f10x_hd.o(.text)
    TIM5_IRQHandler                          0x08000207   Thumb Code     0  startup_stm32f10x_hd.o(.text)
    TIM6_IRQHandler                          0x08000207   Thumb Code     0  startup_stm32f10x_hd.o(.text)
    TIM7_IRQHandler                          0x08000207   Thumb Code     0  startup_stm32f10x_hd.o(.text)
    TIM8_BRK_IRQHandler                      0x08000207   Thumb Code     0  startup_stm32f10x_hd.o(.text)
    TIM8_CC_IRQHandler                       0x08000207   Thumb Code     0  startup_stm32f10x_hd.o(.text)
    TIM8_TRG_COM_IRQHandler                  0x08000207   Thumb Code     0  startup_stm32f10x_hd.o(.text)
    TIM8_UP_IRQHandler                       0x08000207   Thumb Code     0  startup_stm32f10x_hd.o(.text)
    USBWakeUp_IRQHandler                     0x08000207   Thumb Code     0  startup_stm32f10x_hd.o(.text)
    USB_HP_CAN1_TX_IRQHandler                0x08000207   Thumb Code     0  startup_stm32f10x_hd.o(.text)
    USB_LP_CAN1_RX0_IRQHandler               0x08000207   Thumb Code     0  startup_stm32f10x_hd.o(.text)
    WWDG_IRQHandler                          0x08000207   Thumb Code     0  startup_stm32f10x_hd.o(.text)
    __user_initial_stackheap                 0x08000209   Thumb Code     0  startup_stm32f10x_hd.o(.text)
    __2sprintf                               0x0800022d   Thumb Code    38  __2sprintf.o(.text)
    _printf_pre_padding                      0x08000259   Thumb Code    44  _printf_pad.o(.text)
    _printf_post_padding                     0x08000285   Thumb Code    34  _printf_pad.o(.text)
    _printf_int_dec                          0x080002a9   Thumb Code   104  _printf_dec.o(.text)
    _printf_longlong_hex                     0x08000321   Thumb Code    86  _printf_hex_int_ll_ptr.o(.text)
    _printf_int_hex                          0x08000377   Thumb Code    28  _printf_hex_int_ll_ptr.o(.text)
    _printf_ll_hex                           0x08000393   Thumb Code    12  _printf_hex_int_ll_ptr.o(.text)
    _printf_hex_ptr                          0x0800039f   Thumb Code    18  _printf_hex_int_ll_ptr.o(.text)
    __printf                                 0x080003b5   Thumb Code   388  __printf_flags_ss_wp.o(.text)
    atoi                                     0x0800053d   Thumb Code    26  atoi.o(.text)
    strstr                                   0x08000557   Thumb Code    36  strstr.o(.text)
    strlen                                   0x0800057b   Thumb Code    62  strlen.o(.text)
    __aeabi_memcpy                           0x080005b9   Thumb Code     0  rt_memcpy_v6.o(.text)
    __rt_memcpy                              0x080005b9   Thumb Code   138  rt_memcpy_v6.o(.text)
    _memcpy_lastbytes                        0x0800061f   Thumb Code     0  rt_memcpy_v6.o(.text)
    __aeabi_memcpy4                          0x08000643   Thumb Code     0  rt_memcpy_w.o(.text)
    __aeabi_memcpy8                          0x08000643   Thumb Code     0  rt_memcpy_w.o(.text)
    __rt_memcpy_w                            0x08000643   Thumb Code   100  rt_memcpy_w.o(.text)
    _memcpy_lastbytes_aligned                0x0800068b   Thumb Code     0  rt_memcpy_w.o(.text)
    __aeabi_memclr                           0x080006a7   Thumb Code     0  rt_memclr.o(.text)
    __rt_memclr                              0x080006a7   Thumb Code    68  rt_memclr.o(.text)
    _memset                                  0x080006ab   Thumb Code     0  rt_memclr.o(.text)
    __aeabi_memclr4                          0x080006eb   Thumb Code     0  rt_memclr_w.o(.text)
    __aeabi_memclr8                          0x080006eb   Thumb Code     0  rt_memclr_w.o(.text)
    __rt_memclr_w                            0x080006eb   Thumb Code    78  rt_memclr_w.o(.text)
    _memset_w                                0x080006ef   Thumb Code     0  rt_memclr_w.o(.text)
    __use_two_region_memory                  0x08000739   Thumb Code     2  heapauxi.o(.text)
    __rt_heap_escrow$2region                 0x0800073b   Thumb Code     2  heapauxi.o(.text)
    __rt_heap_expand$2region                 0x0800073d   Thumb Code     2  heapauxi.o(.text)
    __aeabi_errno_addr                       0x08000741   Thumb Code     8  rt_errno_addr_intlibspace.o(.text)
    __errno$intlibspace                      0x08000741   Thumb Code     0  rt_errno_addr_intlibspace.o(.text)
    __rt_errno_addr$intlibspace              0x08000741   Thumb Code     0  rt_errno_addr_intlibspace.o(.text)
    _printf_int_common                       0x08000749   Thumb Code   178  _printf_intcommon.o(.text)
    _printf_char_common                      0x08000807   Thumb Code    32  _printf_char_common.o(.text)
    _sputc                                   0x0800082d   Thumb Code    10  _sputc.o(.text)
    strtol                                   0x08000837   Thumb Code   112  strtol.o(.text)
    __user_libspace                          0x080008a9   Thumb Code     8  libspace.o(.text)
    __user_perproc_libspace                  0x080008a9   Thumb Code     0  libspace.o(.text)
    __user_perthread_libspace                0x080008a9   Thumb Code     0  libspace.o(.text)
    __rt_ctype_table                         0x080008b1   Thumb Code    16  rt_ctype_table.o(.text)
    _strtoul                                 0x080008c1   Thumb Code   158  _strtoul.o(.text)
    __user_setup_stackheap                   0x0800095f   Thumb Code    74  sys_stackheap_outer.o(.text)
    __rt_locale                              0x080009a9   Thumb Code     8  rt_locale_intlibspace.o(.text)
    _chval                                   0x080009b1   Thumb Code    28  _chval.o(.text)
    exit                                     0x080009cd   Thumb Code    18  exit.o(.text)
    strcmp                                   0x080009e1   Thumb Code   128  strcmpv7m.o(.text)
    _sys_exit                                0x08000a61   Thumb Code     8  sys_exit.o(.text)
    __I$use$semihosting                      0x08000a6d   Thumb Code     0  use_no_semi.o(.text)
    __use_no_semihosting_swi                 0x08000a6d   Thumb Code     2  use_no_semi.o(.text)
    AT24C512_Read2Byte                       0x08000a6f   Thumb Code    34  24cxx.o(i.AT24C512_Read2Byte)
    __semihosting_library_function           0x08000a6f   Thumb Code     0  indicate_semi.o(.text)
    AT24C512_ReadLenByte                     0x08000a91   Thumb Code    44  24cxx.o(i.AT24C512_ReadLenByte)
    AT24C512_Write2Byte                      0x08000abd   Thumb Code    62  24cxx.o(i.AT24C512_Write2Byte)
    AT24CXX_Init                             0x08000afb   Thumb Code     8  24cxx.o(i.AT24CXX_Init)
    AT24CXX_Read                             0x08000b03   Thumb Code    34  24cxx.o(i.AT24CXX_Read)
    AT24CXX_ReadOneByte                      0x08000b25   Thumb Code    84  24cxx.o(i.AT24CXX_ReadOneByte)
    AT24CXX_Write                            0x08000b79   Thumb Code    36  24cxx.o(i.AT24CXX_Write)
    AT24CXX_WriteOneByte                     0x08000b9d   Thumb Code    76  24cxx.o(i.AT24CXX_WriteOneByte)
    Address_Check                            0x08000be9   Thumb Code    80  datapackage.o(i.Address_Check)
    BusFault_Handler                         0x08000c49   Thumb Code     4  stm32f10x_it.o(i.BusFault_Handler)
    DebugMon_Handler                         0x08000c4d   Thumb Code     2  stm32f10x_it.o(i.DebugMon_Handler)
    Delay_init                               0x08000c51   Thumb Code    50  delay.o(i.Delay_init)
    Delay_ms                                 0x08000c95   Thumb Code    72  delay.o(i.Delay_ms)
    Delay_us                                 0x08000ce1   Thumb Code    72  delay.o(i.Delay_us)
    Detect_Gateway                           0x08000d2d   Thumb Code   194  w5500.o(i.Detect_Gateway)
    Device_Init                              0x08000df5   Thumb Code   574  key.o(i.Device_Init)
    EXTI9_5_IRQHandler                       0x080010bd   Thumb Code   526  remote.o(i.EXTI9_5_IRQHandler)
    EXTI_ClearITPendingBit                   0x08001335   Thumb Code     6  stm32f10x_exti.o(i.EXTI_ClearITPendingBit)
    EXTI_Init                                0x08001341   Thumb Code   142  stm32f10x_exti.o(i.EXTI_Init)
    GPIO_EXTILineConfig                      0x080013d5   Thumb Code    60  stm32f10x_gpio.o(i.GPIO_EXTILineConfig)
    GPIO_Init                                0x08001415   Thumb Code   278  stm32f10x_gpio.o(i.GPIO_Init)
    GPIO_PinRemapConfig                      0x0800152d   Thumb Code   138  stm32f10x_gpio.o(i.GPIO_PinRemapConfig)
    GPIO_ResetBits                           0x080015bd   Thumb Code     4  stm32f10x_gpio.o(i.GPIO_ResetBits)
    GPIO_SetBits                             0x080015c1   Thumb Code     4  stm32f10x_gpio.o(i.GPIO_SetBits)
    Get_NetParam                             0x080015c5   Thumb Code   212  datapackage.o(i.Get_NetParam)
    HardFault_Handler                        0x080016d1   Thumb Code     4  stm32f10x_it.o(i.HardFault_Handler)
    IIC_Ack                                  0x080016d5   Thumb Code    66  24cxx.o(i.IIC_Ack)
    IIC_Init                                 0x08001725   Thumb Code    50  24cxx.o(i.IIC_Init)
    IIC_NAck                                 0x0800175d   Thumb Code    66  24cxx.o(i.IIC_NAck)
    IIC_Read_Byte                            0x080017ad   Thumb Code    98  24cxx.o(i.IIC_Read_Byte)
    IIC_Send_Byte                            0x0800181d   Thumb Code   104  24cxx.o(i.IIC_Send_Byte)
    IIC_Start                                0x08001891   Thumb Code    64  24cxx.o(i.IIC_Start)
    IIC_Stop                                 0x080018dd   Thumb Code    62  24cxx.o(i.IIC_Stop)
    IIC_Wait_Ack                             0x08001929   Thumb Code    86  24cxx.o(i.IIC_Wait_Ack)
    Key_Init                                 0x0800198d   Thumb Code   144  key.o(i.Key_Init)
    Key_State                                0x08001a25   Thumb Code    14  key.o(i.Key_State)
    Load_Net_Parameters                      0x08001a39   Thumb Code   190  w5500.o(i.Load_Net_Parameters)
    MemManage_Handler                        0x08001b3d   Thumb Code     4  stm32f10x_it.o(i.MemManage_Handler)
    NMI_Handler                              0x08001b41   Thumb Code     2  stm32f10x_it.o(i.NMI_Handler)
    NVIC_Init                                0x08001b45   Thumb Code   100  misc.o(i.NVIC_Init)
    NVIC_PriorityGroupConfig                 0x08001bb5   Thumb Code    10  misc.o(i.NVIC_PriorityGroupConfig)
    OCEP_Init                                0x08001bc9   Thumb Code   136  ocep.o(i.OCEP_Init)
    OCEP_OC                                  0x08001c5d   Thumb Code   216  ocep.o(i.OCEP_OC)
    Online_Reminder                          0x08001d3d   Thumb Code   226  datapackage.o(i.Online_Reminder)
    PWR_WakeUpPinCmd                         0x08001ea5   Thumb Code     6  stm32f10x_pwr.o(i.PWR_WakeUpPinCmd)
    PendSV_Handler                           0x08001eb1   Thumb Code     2  stm32f10x_it.o(i.PendSV_Handler)
    Process_Socket_Data                      0x08001eb5   Thumb Code    54  w5500.o(i.Process_Socket_Data)
    RCC_APB1PeriphClockCmd                   0x08001f01   Thumb Code    26  stm32f10x_rcc.o(i.RCC_APB1PeriphClockCmd)
    RCC_APB1PeriphResetCmd                   0x08001f21   Thumb Code    26  stm32f10x_rcc.o(i.RCC_APB1PeriphResetCmd)
    RCC_APB2PeriphClockCmd                   0x08001f41   Thumb Code    26  stm32f10x_rcc.o(i.RCC_APB2PeriphClockCmd)
    RCC_APB2PeriphResetCmd                   0x08001f61   Thumb Code    26  stm32f10x_rcc.o(i.RCC_APB2PeriphResetCmd)
    RCC_GetClocksFreq                        0x08001f81   Thumb Code   192  stm32f10x_rcc.o(i.RCC_GetClocksFreq)
    Read_SOCK_Data_Buffer                    0x08002055   Thumb Code   288  w5500.o(i.Read_SOCK_Data_Buffer)
    Read_W5500_1Byte                         0x0800217d   Thumb Code    58  w5500.o(i.Read_W5500_1Byte)
    Read_W5500_SOCK_1Byte                    0x080021c1   Thumb Code    70  w5500.o(i.Read_W5500_SOCK_1Byte)
    Read_W5500_SOCK_2Byte                    0x08002211   Thumb Code    94  w5500.o(i.Read_W5500_SOCK_2Byte)
    Remote_Reciv_Init                        0x08002279   Thumb Code   128  remote.o(i.Remote_Reciv_Init)
    Remote_Send                              0x08002301   Thumb Code   232  remote.o(i.Remote_Send)
    Remote_Send1_Init                        0x080023f5   Thumb Code   138  remote.o(i.Remote_Send1_Init)
    Remote_Send2_Init                        0x08002489   Thumb Code   144  remote.o(i.Remote_Send2_Init)
    SCIO_Ctr                                 0x0800251d   Thumb Code    70  scio.o(i.SCIO_Ctr)
    SCIO_Init                                0x08002569   Thumb Code    80  scio.o(i.SCIO_Init)
    SPI1_Send_Byte                           0x080025bd   Thumb Code    28  w5500.o(i.SPI1_Send_Byte)
    SPI1_Send_Short                          0x080025dd   Thumb Code    28  w5500.o(i.SPI1_Send_Short)
    SPI_Cmd                                  0x080025f9   Thumb Code    24  stm32f10x_spi.o(i.SPI_Cmd)
    SPI_Configuration                        0x08002611   Thumb Code   154  w5500.o(i.SPI_Configuration)
    SPI_I2S_GetFlagStatus                    0x080026b5   Thumb Code    18  stm32f10x_spi.o(i.SPI_I2S_GetFlagStatus)
    SPI_I2S_ReceiveData                      0x080026c7   Thumb Code     6  stm32f10x_spi.o(i.SPI_I2S_ReceiveData)
    SPI_I2S_SendData                         0x080026cd   Thumb Code     4  stm32f10x_spi.o(i.SPI_I2S_SendData)
    SPI_Init                                 0x080026d1   Thumb Code    60  stm32f10x_spi.o(i.SPI_Init)
    SVC_Handler                              0x0800270d   Thumb Code     2  stm32f10x_it.o(i.SVC_Handler)
    Set_NetParam                             0x080027f9   Thumb Code   964  datapackage.o(i.Set_NetParam)
    Socket_Connect                           0x08002c2d   Thumb Code    70  w5500.o(i.Socket_Connect)
    Socket_Init                              0x08002c75   Thumb Code    74  w5500.o(i.Socket_Init)
    Socket_Listen                            0x08002cc5   Thumb Code   102  w5500.o(i.Socket_Listen)
    Socket_UDP                               0x08002d2b   Thumb Code    60  w5500.o(i.Socket_UDP)
    SysTick_CLKSourceConfig                  0x08002d67   Thumb Code    40  misc.o(i.SysTick_CLKSourceConfig)
    SysTick_Handler                          0x08002d8f   Thumb Code     2  stm32f10x_it.o(i.SysTick_Handler)
    SystemInit                               0x08002d91   Thumb Code    78  system_stm32f10x.o(i.SystemInit)
    TIM3_IRQHandler                          0x08002df1   Thumb Code    64  key.o(i.TIM3_IRQHandler)
    TIM_CCxCmd                               0x08002e39   Thumb Code    30  stm32f10x_tim.o(i.TIM_CCxCmd)
    TIM_ClearITPendingBit                    0x08002e57   Thumb Code     6  stm32f10x_tim.o(i.TIM_ClearITPendingBit)
    TIM_Cmd                                  0x08002e5d   Thumb Code    24  stm32f10x_tim.o(i.TIM_Cmd)
    TIM_DeInit                               0x08002e75   Thumb Code   424  stm32f10x_tim.o(i.TIM_DeInit)
    TIM_ForcedOC1Config                      0x0800305d   Thumb Code    18  stm32f10x_tim.o(i.TIM_ForcedOC1Config)
    TIM_ForcedOC2Config                      0x0800306f   Thumb Code    26  stm32f10x_tim.o(i.TIM_ForcedOC2Config)
    TIM_GetITStatus                          0x08003089   Thumb Code    34  stm32f10x_tim.o(i.TIM_GetITStatus)
    TIM_ITConfig                             0x080030ab   Thumb Code    18  stm32f10x_tim.o(i.TIM_ITConfig)
    TIM_OC1Init                              0x080030bd   Thumb Code   132  stm32f10x_tim.o(i.TIM_OC1Init)
    TIM_OC1PreloadConfig                     0x08003155   Thumb Code    18  stm32f10x_tim.o(i.TIM_OC1PreloadConfig)
    TIM_OC2Init                              0x08003169   Thumb Code   154  stm32f10x_tim.o(i.TIM_OC2Init)
    TIM_OC2PreloadConfig                     0x0800320d   Thumb Code    26  stm32f10x_tim.o(i.TIM_OC2PreloadConfig)
    TIM_SelectOCxM                           0x08003227   Thumb Code    82  stm32f10x_tim.o(i.TIM_SelectOCxM)
    TIM_TimeBaseInit                         0x08003279   Thumb Code   122  stm32f10x_tim.o(i.TIM_TimeBaseInit)
    UART4_IRQHandler                         0x0800331d   Thumb Code   182  usart.o(i.UART4_IRQHandler)
    UART4_Init                               0x08003415   Thumb Code   194  usart.o(i.UART4_Init)
    UART5_IRQHandler                         0x080034e5   Thumb Code    88  usart.o(i.UART5_IRQHandler)
    UART5_Init                               0x0800354d   Thumb Code   162  usart.o(i.UART5_Init)
    USART1_IRQHandler                        0x080035fd   Thumb Code   166  usart.o(i.USART1_IRQHandler)
    USART1_Init                              0x080036e1   Thumb Code   152  usart.o(i.USART1_Init)
    USART2_IRQHandler                        0x08003781   Thumb Code   182  usart.o(i.USART2_IRQHandler)
    USART2_Init                              0x08003879   Thumb Code   186  usart.o(i.USART2_Init)
    USART3_IRQHandler                        0x08003941   Thumb Code   182  usart.o(i.USART3_IRQHandler)
    USART3_Init                              0x08003a39   Thumb Code   192  usart.o(i.USART3_Init)
    USART_ClearITPendingBit                  0x08003b05   Thumb Code    30  stm32f10x_usart.o(i.USART_ClearITPendingBit)
    USART_Cmd                                0x08003b23   Thumb Code    24  stm32f10x_usart.o(i.USART_Cmd)
    USART_DeInit                             0x08003b3d   Thumb Code   134  stm32f10x_usart.o(i.USART_DeInit)
    USART_GetFlagStatus                      0x08003bd9   Thumb Code    26  stm32f10x_usart.o(i.USART_GetFlagStatus)
    USART_GetITStatus                        0x08003bf3   Thumb Code    84  stm32f10x_usart.o(i.USART_GetITStatus)
    USART_ITConfig                           0x08003c47   Thumb Code    74  stm32f10x_usart.o(i.USART_ITConfig)
    USART_Init                               0x08003c91   Thumb Code   210  stm32f10x_usart.o(i.USART_Init)
    USART_ReceiveData                        0x08003d69   Thumb Code    10  stm32f10x_usart.o(i.USART_ReceiveData)
    USART_SendData                           0x08003d73   Thumb Code     8  stm32f10x_usart.o(i.USART_SendData)
    USARTx_SendArray                         0x08003d7b   Thumb Code    34  usart.o(i.USARTx_SendArray)
    USARTx_SendByte                          0x08003d9d   Thumb Code    30  usart.o(i.USARTx_SendByte)
    UsageFault_Handler                       0x08003dbb   Thumb Code     4  stm32f10x_it.o(i.UsageFault_Handler)
    W5500_GPIO_Configuration                 0x08003dc1   Thumb Code    38  w5500.o(i.W5500_GPIO_Configuration)
    W5500_Hardware_Reset                     0x08003ded   Thumb Code    32  w5500.o(i.W5500_Hardware_Reset)
    W5500_Init                               0x08003e11   Thumb Code   110  w5500.o(i.W5500_Init)
    W5500_Interrupt_Process                  0x08003e91   Thumb Code   156  w5500.o(i.W5500_Interrupt_Process)
    W5500_Socket_Set                         0x08003f35   Thumb Code   100  w5500.o(i.W5500_Socket_Set)
    Write_SOCK_Data_Buffer                   0x08003fa1   Thumb Code   256  w5500.o(i.Write_SOCK_Data_Buffer)
    Write_W5500_1Byte                        0x080040ad   Thumb Code    42  w5500.o(i.Write_W5500_1Byte)
    Write_W5500_2Byte                        0x080040dd   Thumb Code    42  w5500.o(i.Write_W5500_2Byte)
    Write_W5500_SOCK_1Byte                   0x0800410d   Thumb Code    54  w5500.o(i.Write_W5500_SOCK_1Byte)
    Write_W5500_SOCK_2Byte                   0x08004149   Thumb Code    54  w5500.o(i.Write_W5500_SOCK_2Byte)
    Write_W5500_SOCK_4Byte                   0x08004185   Thumb Code    80  w5500.o(i.Write_W5500_SOCK_4Byte)
    Write_W5500_nByte                        0x080041d9   Thumb Code    62  w5500.o(i.Write_W5500_nByte)
    _is_digit                                0x0800421d   Thumb Code    14  __printf_wp.o(i._is_digit)
    funcNet_OCEPCtrl                         0x0800422d   Thumb Code   244  datapackage.o(i.funcNet_OCEPCtrl)
    funcNet_StarSend                         0x08004339   Thumb Code   190  remote.o(i.funcNet_StarSend)
    funcNet_StartLearn                       0x0800442d   Thumb Code    30  remote.o(i.funcNet_StartLearn)
    funcRS_OCEPCtrl                          0x08004465   Thumb Code   132  datapackage.o(i.funcRS_OCEPCtrl)
    funcRS_StarSend                          0x080044f9   Thumb Code   186  remote.o(i.funcRS_StarSend)
    funcRS_StartLearn                        0x080045e5   Thumb Code   214  remote.o(i.funcRS_StartLearn)
    main                                     0x08004721   Thumb Code   256  main.o(i.main)
    _get_lc_ctype                            0x0800484d   Thumb Code    44  lc_ctype_c.o(locale$$code)
    Region$$Table$$Base                      0x08004918   Number         0  anon$$obj.o(Region$$Table)
    Region$$Table$$Limit                     0x08004938   Number         0  anon$$obj.o(Region$$Table)
    __ctype                                  0x08004945   Data           0  lc_ctype_c.o(locale$$data)
    RS485BUF_1                               0x20000000   Data           1  main.o(.data)
    RS485BUF_2                               0x20000001   Data           1  main.o(.data)
    RS485BUF_3                               0x20000002   Data           1  main.o(.data)
    W5500_Send_Delay_Counter                 0x20000004   Data           2  main.o(.data)
    i                                        0x20000006   Data           1  main.o(.data)
    IR_CodeStartAddr                         0x20000008   Data           4  main.o(.data)
    SystemCoreClock                          0x2000000c   Data           4  system_stm32f10x.o(.data)
    AHBPrescTable                            0x20000010   Data          16  system_stm32f10x.o(.data)
    USART2_RxFlag                            0x20000034   Data           1  usart.o(.data)
    USART3_RxFlag                            0x20000035   Data           1  usart.o(.data)
    UART4_RxFlag                             0x20000036   Data           1  usart.o(.data)
    UART5_RxFlag                             0x20000037   Data           1  usart.o(.data)
    rx1_cnt                                  0x20000038   Data           1  usart.o(.data)
    rx2_cnt                                  0x20000039   Data           1  usart.o(.data)
    rx3_cnt                                  0x2000003a   Data           1  usart.o(.data)
    rx4_cnt                                  0x2000003b   Data           1  usart.o(.data)
    rx5_cnt                                  0x2000003c   Data           1  usart.o(.data)
    USART_Channel                            0x2000003d   Data           1  usart.o(.data)
    startup_flag                             0x2000003e   Data           1  usart.o(.data)
    Gateway_IP                               0x2000003f   Data           4  w5500.o(.data)
    Sub_Mask                                 0x20000043   Data           4  w5500.o(.data)
    Phy_Addr                                 0x20000047   Data           6  w5500.o(.data)
    IP_Addr                                  0x2000004d   Data           4  w5500.o(.data)
    S0_Port                                  0x20000051   Data           2  w5500.o(.data)
    S0_DIP                                   0x20000053   Data           4  w5500.o(.data)
    S0_DPort                                 0x20000057   Data           2  w5500.o(.data)
    UDP_DIPR                                 0x20000059   Data           4  w5500.o(.data)
    UDP_DPORT                                0x2000005d   Data           2  w5500.o(.data)
    Default_Gateway_IP                       0x2000005f   Data           4  w5500.o(.data)
    Default_SubMask                          0x20000063   Data           4  w5500.o(.data)
    Default_PhyAddr                          0x20000067   Data           6  w5500.o(.data)
    Default_IPAddr                           0x2000006d   Data           4  w5500.o(.data)
    Default_S0Port                           0x20000071   Data           2  w5500.o(.data)
    Default_S0DIP                            0x20000073   Data           4  w5500.o(.data)
    Default_S0DPort                          0x20000077   Data           2  w5500.o(.data)
    S0_Mode                                  0x20000079   Data           1  w5500.o(.data)
    S0_State                                 0x2000007a   Data           1  w5500.o(.data)
    S0_Data                                  0x2000007b   Data           1  w5500.o(.data)
    W5500_Interrupt                          0x2000007c   Data           1  w5500.o(.data)
    Flag_LearnState                          0x20000080   Data           1  remote.o(.data)
    pulseWidth                               0x20000082   Data           2  remote.o(.data)
    arr_length                               0x20000084   Data           2  remote.o(.data)
    Last_DataEAddr                           0x20000088   Data           4  remote.o(.data)
    Data_FirstAddr                           0x2000008c   Data          16  remote.o(.data)
    test_num                                 0x2000009c   Data           2  remote.o(.data)
    start_addr                               0x200000a0   Data           4  remote.o(.data)
    data_length                              0x200000a4   Data           4  remote.o(.data)
    channel                                  0x200000a8   Data           1  remote.o(.data)
    Key_Time                                 0x200000a9   Data           1  key.o(.data)
    check                                    0x200000aa   Data           1  datapackage.o(.data)
    check2                                   0x200000ab   Data           1  datapackage.o(.data)
    tset                                     0x200000ac   Data           2  datapackage.o(.data)
    rx1_buf                                  0x200000b4   Data          50  usart.o(.bss)
    rx2_buf                                  0x200000e6   Data          50  usart.o(.bss)
    rx3_buf                                  0x20000118   Data          50  usart.o(.bss)
    rx4_buf                                  0x2000014a   Data          50  usart.o(.bss)
    rx5_buf                                  0x2000017c   Data          50  usart.o(.bss)
    buf                                      0x200001ae   Data          20  usart.o(.bss)
    Rx_Buffer                                0x200001c2   Data        2048  w5500.o(.bss)
    Tx_Buffer                                0x200009c2   Data        2048  w5500.o(.bss)
    tx_buf                                   0x200011c4   Data          20  remote.o(.bss)
    PulseTab                                 0x200011d8   Data        2000  remote.o(.bss)
    Send_DataTab                             0x200019a8   Data        2000  remote.o(.bss)
    test                                     0x20002178   Data          16  remote.o(.bss)
    NetParam_Str                             0x20002188   Data        1024  key.o(.bss)
    __libspace_start                         0x20002588   Data          96  libspace.o(.bss)
    __temporary_stack_top$libspace           0x200025e8   Data           0  libspace.o(.bss)



==============================================================================

Memory Map of the image

  Image Entry point : 0x08000131

  Load Region LR_IROM1 (Base: 0x08000000, Size: 0x00004afc, Max: 0x00080000, ABSOLUTE)

    Execution Region ER_IROM1 (Exec base: 0x08000000, Load base: 0x08000000, Size: 0x00004a48, Max: 0x00080000, ABSOLUTE)

    Exec Addr    Load Addr    Size         Type   Attr      Idx    E Section Name        Object

    0x08000000   0x08000000   0x00000130   Data   RO          259    RESET               startup_stm32f10x_hd.o
    0x08000130   0x08000130   0x00000008   Code   RO         4009  * !!!main             c_w.l(__main.o)
    0x08000138   0x08000138   0x00000034   Code   RO         4284    !!!scatter          c_w.l(__scatter.o)
    0x0800016c   0x0800016c   0x0000001a   Code   RO         4286    !!handler_copy      c_w.l(__scatter_copy.o)
    0x08000186   0x08000186   0x00000002   PAD
    0x08000188   0x08000188   0x0000001c   Code   RO         4288    !!handler_zi        c_w.l(__scatter_zi.o)
    0x080001a4   0x080001a4   0x00000000   Code   RO         3992    .ARM.Collect$$_printf_percent$$00000000  c_w.l(_printf_percent.o)
    0x080001a4   0x080001a4   0x00000006   Code   RO         3991    .ARM.Collect$$_printf_percent$$00000009  c_w.l(_printf_d.o)
    0x080001aa   0x080001aa   0x00000006   Code   RO         3990    .ARM.Collect$$_printf_percent$$0000000C  c_w.l(_printf_x.o)
    0x080001b0   0x080001b0   0x00000004   Code   RO         4051    .ARM.Collect$$_printf_percent$$00000017  c_w.l(_printf_percent_end.o)
    0x080001b4   0x080001b4   0x00000002   Code   RO         4148    .ARM.Collect$$libinit$$00000000  c_w.l(libinit.o)
    0x080001b6   0x080001b6   0x00000000   Code   RO         4159    .ARM.Collect$$libinit$$00000002  c_w.l(libinit2.o)
    0x080001b6   0x080001b6   0x00000000   Code   RO         4161    .ARM.Collect$$libinit$$00000004  c_w.l(libinit2.o)
    0x080001b6   0x080001b6   0x00000000   Code   RO         4164    .ARM.Collect$$libinit$$0000000A  c_w.l(libinit2.o)
    0x080001b6   0x080001b6   0x00000000   Code   RO         4166    .ARM.Collect$$libinit$$0000000C  c_w.l(libinit2.o)
    0x080001b6   0x080001b6   0x00000000   Code   RO         4168    .ARM.Collect$$libinit$$0000000E  c_w.l(libinit2.o)
    0x080001b6   0x080001b6   0x00000006   Code   RO         4169    .ARM.Collect$$libinit$$0000000F  c_w.l(libinit2.o)
    0x080001bc   0x080001bc   0x00000000   Code   RO         4171    .ARM.Collect$$libinit$$00000011  c_w.l(libinit2.o)
    0x080001bc   0x080001bc   0x0000000c   Code   RO         4172    .ARM.Collect$$libinit$$00000012  c_w.l(libinit2.o)
    0x080001c8   0x080001c8   0x00000000   Code   RO         4173    .ARM.Collect$$libinit$$00000013  c_w.l(libinit2.o)
    0x080001c8   0x080001c8   0x00000000   Code   RO         4175    .ARM.Collect$$libinit$$00000015  c_w.l(libinit2.o)
    0x080001c8   0x080001c8   0x00000000   Code   RO         4177    .ARM.Collect$$libinit$$00000017  c_w.l(libinit2.o)
    0x080001c8   0x080001c8   0x00000000   Code   RO         4179    .ARM.Collect$$libinit$$00000019  c_w.l(libinit2.o)
    0x080001c8   0x080001c8   0x00000000   Code   RO         4181    .ARM.Collect$$libinit$$0000001B  c_w.l(libinit2.o)
    0x080001c8   0x080001c8   0x00000000   Code   RO         4183    .ARM.Collect$$libinit$$0000001D  c_w.l(libinit2.o)
    0x080001c8   0x080001c8   0x00000000   Code   RO         4185    .ARM.Collect$$libinit$$0000001F  c_w.l(libinit2.o)
    0x080001c8   0x080001c8   0x00000000   Code   RO         4187    .ARM.Collect$$libinit$$00000021  c_w.l(libinit2.o)
    0x080001c8   0x080001c8   0x00000000   Code   RO         4189    .ARM.Collect$$libinit$$00000023  c_w.l(libinit2.o)
    0x080001c8   0x080001c8   0x00000000   Code   RO         4191    .ARM.Collect$$libinit$$00000025  c_w.l(libinit2.o)
    0x080001c8   0x080001c8   0x00000000   Code   RO         4195    .ARM.Collect$$libinit$$0000002C  c_w.l(libinit2.o)
    0x080001c8   0x080001c8   0x00000000   Code   RO         4197    .ARM.Collect$$libinit$$0000002E  c_w.l(libinit2.o)
    0x080001c8   0x080001c8   0x00000000   Code   RO         4199    .ARM.Collect$$libinit$$00000030  c_w.l(libinit2.o)
    0x080001c8   0x080001c8   0x00000000   Code   RO         4201    .ARM.Collect$$libinit$$00000032  c_w.l(libinit2.o)
    0x080001c8   0x080001c8   0x00000002   Code   RO         4202    .ARM.Collect$$libinit$$00000033  c_w.l(libinit2.o)
    0x080001ca   0x080001ca   0x00000002   Code   RO         4222    .ARM.Collect$$libshutdown$$00000000  c_w.l(libshutdown.o)
    0x080001cc   0x080001cc   0x00000000   Code   RO         4235    .ARM.Collect$$libshutdown$$00000002  c_w.l(libshutdown2.o)
    0x080001cc   0x080001cc   0x00000000   Code   RO         4237    .ARM.Collect$$libshutdown$$00000004  c_w.l(libshutdown2.o)
    0x080001cc   0x080001cc   0x00000000   Code   RO         4239    .ARM.Collect$$libshutdown$$00000006  c_w.l(libshutdown2.o)
    0x080001cc   0x080001cc   0x00000000   Code   RO         4242    .ARM.Collect$$libshutdown$$00000009  c_w.l(libshutdown2.o)
    0x080001cc   0x080001cc   0x00000000   Code   RO         4245    .ARM.Collect$$libshutdown$$0000000C  c_w.l(libshutdown2.o)
    0x080001cc   0x080001cc   0x00000000   Code   RO         4247    .ARM.Collect$$libshutdown$$0000000E  c_w.l(libshutdown2.o)
    0x080001cc   0x080001cc   0x00000000   Code   RO         4250    .ARM.Collect$$libshutdown$$00000011  c_w.l(libshutdown2.o)
    0x080001cc   0x080001cc   0x00000002   Code   RO         4251    .ARM.Collect$$libshutdown$$00000012  c_w.l(libshutdown2.o)
    0x080001ce   0x080001ce   0x00000000   Code   RO         4011    .ARM.Collect$$rtentry$$00000000  c_w.l(__rtentry.o)
    0x080001ce   0x080001ce   0x00000000   Code   RO         4069    .ARM.Collect$$rtentry$$00000002  c_w.l(__rtentry2.o)
    0x080001ce   0x080001ce   0x00000006   Code   RO         4081    .ARM.Collect$$rtentry$$00000004  c_w.l(__rtentry4.o)
    0x080001d4   0x080001d4   0x00000000   Code   RO         4071    .ARM.Collect$$rtentry$$00000009  c_w.l(__rtentry2.o)
    0x080001d4   0x080001d4   0x00000004   Code   RO         4072    .ARM.Collect$$rtentry$$0000000A  c_w.l(__rtentry2.o)
    0x080001d8   0x080001d8   0x00000000   Code   RO         4074    .ARM.Collect$$rtentry$$0000000C  c_w.l(__rtentry2.o)
    0x080001d8   0x080001d8   0x00000008   Code   RO         4075    .ARM.Collect$$rtentry$$0000000D  c_w.l(__rtentry2.o)
    0x080001e0   0x080001e0   0x00000002   Code   RO         4154    .ARM.Collect$$rtexit$$00000000  c_w.l(rtexit.o)
    0x080001e2   0x080001e2   0x00000000   Code   RO         4204    .ARM.Collect$$rtexit$$00000002  c_w.l(rtexit2.o)
    0x080001e2   0x080001e2   0x00000004   Code   RO         4205    .ARM.Collect$$rtexit$$00000003  c_w.l(rtexit2.o)
    0x080001e6   0x080001e6   0x00000006   Code   RO         4206    .ARM.Collect$$rtexit$$00000004  c_w.l(rtexit2.o)
    0x080001ec   0x080001ec   0x00000040   Code   RO          260    .text               startup_stm32f10x_hd.o
    0x0800022c   0x0800022c   0x0000002c   Code   RO         3939    .text               c_w.l(__2sprintf.o)
    0x08000258   0x08000258   0x0000004e   Code   RO         3945    .text               c_w.l(_printf_pad.o)
    0x080002a6   0x080002a6   0x00000002   PAD
    0x080002a8   0x080002a8   0x00000078   Code   RO         3947    .text               c_w.l(_printf_dec.o)
    0x08000320   0x08000320   0x00000094   Code   RO         3967    .text               c_w.l(_printf_hex_int_ll_ptr.o)
    0x080003b4   0x080003b4   0x00000188   Code   RO         3987    .text               c_w.l(__printf_flags_ss_wp.o)
    0x0800053c   0x0800053c   0x0000001a   Code   RO         3993    .text               c_w.l(atoi.o)
    0x08000556   0x08000556   0x00000024   Code   RO         3995    .text               c_w.l(strstr.o)
    0x0800057a   0x0800057a   0x0000003e   Code   RO         3997    .text               c_w.l(strlen.o)
    0x080005b8   0x080005b8   0x0000008a   Code   RO         3999    .text               c_w.l(rt_memcpy_v6.o)
    0x08000642   0x08000642   0x00000064   Code   RO         4001    .text               c_w.l(rt_memcpy_w.o)
    0x080006a6   0x080006a6   0x00000044   Code   RO         4003    .text               c_w.l(rt_memclr.o)
    0x080006ea   0x080006ea   0x0000004e   Code   RO         4005    .text               c_w.l(rt_memclr_w.o)
    0x08000738   0x08000738   0x00000006   Code   RO         4007    .text               c_w.l(heapauxi.o)
    0x0800073e   0x0800073e   0x00000002   PAD
    0x08000740   0x08000740   0x00000008   Code   RO         4015    .text               c_w.l(rt_errno_addr_intlibspace.o)
    0x08000748   0x08000748   0x000000b2   Code   RO         4021    .text               c_w.l(_printf_intcommon.o)
    0x080007fa   0x080007fa   0x00000002   PAD
    0x080007fc   0x080007fc   0x00000030   Code   RO         4025    .text               c_w.l(_printf_char_common.o)
    0x0800082c   0x0800082c   0x0000000a   Code   RO         4027    .text               c_w.l(_sputc.o)
    0x08000836   0x08000836   0x00000070   Code   RO         4061    .text               c_w.l(strtol.o)
    0x080008a6   0x080008a6   0x00000002   PAD
    0x080008a8   0x080008a8   0x00000008   Code   RO         4065    .text               c_w.l(libspace.o)
    0x080008b0   0x080008b0   0x00000010   Code   RO         4083    .text               c_w.l(rt_ctype_table.o)
    0x080008c0   0x080008c0   0x0000009e   Code   RO         4095    .text               c_w.l(_strtoul.o)
    0x0800095e   0x0800095e   0x0000004a   Code   RO         4099    .text               c_w.l(sys_stackheap_outer.o)
    0x080009a8   0x080009a8   0x00000008   Code   RO         4104    .text               c_w.l(rt_locale_intlibspace.o)
    0x080009b0   0x080009b0   0x0000001c   Code   RO         4108    .text               c_w.l(_chval.o)
    0x080009cc   0x080009cc   0x00000012   Code   RO         4141    .text               c_w.l(exit.o)
    0x080009de   0x080009de   0x00000002   PAD
    0x080009e0   0x080009e0   0x00000080   Code   RO         4156    .text               c_w.l(strcmpv7m.o)
    0x08000a60   0x08000a60   0x0000000c   Code   RO         4214    .text               c_w.l(sys_exit.o)
    0x08000a6c   0x08000a6c   0x00000002   Code   RO         4225    .text               c_w.l(use_no_semi.o)
    0x08000a6e   0x08000a6e   0x00000000   Code   RO         4227    .text               c_w.l(indicate_semi.o)
    0x08000a6e   0x08000a6e   0x00000022   Code   RO         3643    i.AT24C512_Read2Byte  24cxx.o
    0x08000a90   0x08000a90   0x0000002c   Code   RO         3644    i.AT24C512_ReadLenByte  24cxx.o
    0x08000abc   0x08000abc   0x0000003e   Code   RO         3645    i.AT24C512_Write2Byte  24cxx.o
    0x08000afa   0x08000afa   0x00000008   Code   RO         3647    i.AT24CXX_Init      24cxx.o
    0x08000b02   0x08000b02   0x00000022   Code   RO         3648    i.AT24CXX_Read      24cxx.o
    0x08000b24   0x08000b24   0x00000054   Code   RO         3649    i.AT24CXX_ReadOneByte  24cxx.o
    0x08000b78   0x08000b78   0x00000024   Code   RO         3650    i.AT24CXX_Write     24cxx.o
    0x08000b9c   0x08000b9c   0x0000004c   Code   RO         3652    i.AT24CXX_WriteOneByte  24cxx.o
    0x08000be8   0x08000be8   0x00000060   Code   RO         3832    i.Address_Check     datapackage.o
    0x08000c48   0x08000c48   0x00000004   Code   RO          149    i.BusFault_Handler  stm32f10x_it.o
    0x08000c4c   0x08000c4c   0x00000002   Code   RO          150    i.DebugMon_Handler  stm32f10x_it.o
    0x08000c4e   0x08000c4e   0x00000002   PAD
    0x08000c50   0x08000c50   0x00000044   Code   RO         3881    i.Delay_init        delay.o
    0x08000c94   0x08000c94   0x0000004c   Code   RO         3882    i.Delay_ms          delay.o
    0x08000ce0   0x08000ce0   0x0000004c   Code   RO         3883    i.Delay_us          delay.o
    0x08000d2c   0x08000d2c   0x000000c8   Code   RO         3407    i.Detect_Gateway    w5500.o
    0x08000df4   0x08000df4   0x000002c8   Code   RO         3775    i.Device_Init       key.o
    0x080010bc   0x080010bc   0x00000278   Code   RO         3576    i.EXTI9_5_IRQHandler  remote.o
    0x08001334   0x08001334   0x0000000c   Code   RO         1088    i.EXTI_ClearITPendingBit  stm32f10x_exti.o
    0x08001340   0x08001340   0x00000094   Code   RO         1093    i.EXTI_Init         stm32f10x_exti.o
    0x080013d4   0x080013d4   0x00000040   Code   RO         1438    i.GPIO_EXTILineConfig  stm32f10x_gpio.o
    0x08001414   0x08001414   0x00000116   Code   RO         1441    i.GPIO_Init         stm32f10x_gpio.o
    0x0800152a   0x0800152a   0x00000002   PAD
    0x0800152c   0x0800152c   0x00000090   Code   RO         1443    i.GPIO_PinRemapConfig  stm32f10x_gpio.o
    0x080015bc   0x080015bc   0x00000004   Code   RO         1448    i.GPIO_ResetBits    stm32f10x_gpio.o
    0x080015c0   0x080015c0   0x00000004   Code   RO         1449    i.GPIO_SetBits      stm32f10x_gpio.o
    0x080015c4   0x080015c4   0x0000010c   Code   RO         3833    i.Get_NetParam      datapackage.o
    0x080016d0   0x080016d0   0x00000004   Code   RO          151    i.HardFault_Handler  stm32f10x_it.o
    0x080016d4   0x080016d4   0x00000050   Code   RO         3653    i.IIC_Ack           24cxx.o
    0x08001724   0x08001724   0x00000038   Code   RO         3654    i.IIC_Init          24cxx.o
    0x0800175c   0x0800175c   0x00000050   Code   RO         3655    i.IIC_NAck          24cxx.o
    0x080017ac   0x080017ac   0x00000070   Code   RO         3656    i.IIC_Read_Byte     24cxx.o
    0x0800181c   0x0800181c   0x00000074   Code   RO         3657    i.IIC_Send_Byte     24cxx.o
    0x08001890   0x08001890   0x0000004c   Code   RO         3658    i.IIC_Start         24cxx.o
    0x080018dc   0x080018dc   0x0000004c   Code   RO         3659    i.IIC_Stop          24cxx.o
    0x08001928   0x08001928   0x00000064   Code   RO         3660    i.IIC_Wait_Ack      24cxx.o
    0x0800198c   0x0800198c   0x00000098   Code   RO         3776    i.Key_Init          key.o
    0x08001a24   0x08001a24   0x00000014   Code   RO         3777    i.Key_State         key.o
    0x08001a38   0x08001a38   0x00000104   Code   RO         3408    i.Load_Net_Parameters  w5500.o
    0x08001b3c   0x08001b3c   0x00000004   Code   RO          152    i.MemManage_Handler  stm32f10x_it.o
    0x08001b40   0x08001b40   0x00000002   Code   RO          153    i.NMI_Handler       stm32f10x_it.o
    0x08001b42   0x08001b42   0x00000002   PAD
    0x08001b44   0x08001b44   0x00000070   Code   RO          264    i.NVIC_Init         misc.o
    0x08001bb4   0x08001bb4   0x00000014   Code   RO          265    i.NVIC_PriorityGroupConfig  misc.o
    0x08001bc8   0x08001bc8   0x00000094   Code   RO         3257    i.OCEP_Init         ocep.o
    0x08001c5c   0x08001c5c   0x000000e0   Code   RO         3258    i.OCEP_OC           ocep.o
    0x08001d3c   0x08001d3c   0x00000168   Code   RO         3834    i.Online_Reminder   datapackage.o
    0x08001ea4   0x08001ea4   0x0000000c   Code   RO         1803    i.PWR_WakeUpPinCmd  stm32f10x_pwr.o
    0x08001eb0   0x08001eb0   0x00000002   Code   RO          154    i.PendSV_Handler    stm32f10x_it.o
    0x08001eb2   0x08001eb2   0x00000002   PAD
    0x08001eb4   0x08001eb4   0x0000004c   Code   RO         3409    i.Process_Socket_Data  w5500.o
    0x08001f00   0x08001f00   0x00000020   Code   RO         1857    i.RCC_APB1PeriphClockCmd  stm32f10x_rcc.o
    0x08001f20   0x08001f20   0x00000020   Code   RO         1858    i.RCC_APB1PeriphResetCmd  stm32f10x_rcc.o
    0x08001f40   0x08001f40   0x00000020   Code   RO         1859    i.RCC_APB2PeriphClockCmd  stm32f10x_rcc.o
    0x08001f60   0x08001f60   0x00000020   Code   RO         1860    i.RCC_APB2PeriphResetCmd  stm32f10x_rcc.o
    0x08001f80   0x08001f80   0x000000d4   Code   RO         1867    i.RCC_GetClocksFreq  stm32f10x_rcc.o
    0x08002054   0x08002054   0x00000128   Code   RO         3410    i.Read_SOCK_Data_Buffer  w5500.o
    0x0800217c   0x0800217c   0x00000044   Code   RO         3411    i.Read_W5500_1Byte  w5500.o
    0x080021c0   0x080021c0   0x00000050   Code   RO         3412    i.Read_W5500_SOCK_1Byte  w5500.o
    0x08002210   0x08002210   0x00000068   Code   RO         3413    i.Read_W5500_SOCK_2Byte  w5500.o
    0x08002278   0x08002278   0x00000088   Code   RO         3577    i.Remote_Reciv_Init  remote.o
    0x08002300   0x08002300   0x000000f4   Code   RO         3578    i.Remote_Send       remote.o
    0x080023f4   0x080023f4   0x00000094   Code   RO         3579    i.Remote_Send1_Init  remote.o
    0x08002488   0x08002488   0x00000094   Code   RO         3580    i.Remote_Send2_Init  remote.o
    0x0800251c   0x0800251c   0x0000004c   Code   RO         3757    i.SCIO_Ctr          scio.o
    0x08002568   0x08002568   0x00000054   Code   RO         3758    i.SCIO_Init         scio.o
    0x080025bc   0x080025bc   0x00000020   Code   RO         3414    i.SPI1_Send_Byte    w5500.o
    0x080025dc   0x080025dc   0x0000001c   Code   RO         3415    i.SPI1_Send_Short   w5500.o
    0x080025f8   0x080025f8   0x00000018   Code   RO         2336    i.SPI_Cmd           stm32f10x_spi.o
    0x08002610   0x08002610   0x000000a4   Code   RO         3416    i.SPI_Configuration  w5500.o
    0x080026b4   0x080026b4   0x00000012   Code   RO         2344    i.SPI_I2S_GetFlagStatus  stm32f10x_spi.o
    0x080026c6   0x080026c6   0x00000006   Code   RO         2347    i.SPI_I2S_ReceiveData  stm32f10x_spi.o
    0x080026cc   0x080026cc   0x00000004   Code   RO         2348    i.SPI_I2S_SendData  stm32f10x_spi.o
    0x080026d0   0x080026d0   0x0000003c   Code   RO         2349    i.SPI_Init          stm32f10x_spi.o
    0x0800270c   0x0800270c   0x00000002   Code   RO          155    i.SVC_Handler       stm32f10x_it.o
    0x0800270e   0x0800270e   0x00000008   Code   RO          212    i.SetSysClock       system_stm32f10x.o
    0x08002716   0x08002716   0x00000002   PAD
    0x08002718   0x08002718   0x000000e0   Code   RO          213    i.SetSysClockTo72   system_stm32f10x.o
    0x080027f8   0x080027f8   0x00000434   Code   RO         3835    i.Set_NetParam      datapackage.o
    0x08002c2c   0x08002c2c   0x00000046   Code   RO         3417    i.Socket_Connect    w5500.o
    0x08002c72   0x08002c72   0x00000002   PAD
    0x08002c74   0x08002c74   0x00000050   Code   RO         3418    i.Socket_Init       w5500.o
    0x08002cc4   0x08002cc4   0x00000066   Code   RO         3419    i.Socket_Listen     w5500.o
    0x08002d2a   0x08002d2a   0x0000003c   Code   RO         3420    i.Socket_UDP        w5500.o
    0x08002d66   0x08002d66   0x00000028   Code   RO          268    i.SysTick_CLKSourceConfig  misc.o
    0x08002d8e   0x08002d8e   0x00000002   Code   RO          156    i.SysTick_Handler   stm32f10x_it.o
    0x08002d90   0x08002d90   0x00000060   Code   RO          215    i.SystemInit        system_stm32f10x.o
    0x08002df0   0x08002df0   0x00000048   Code   RO         3778    i.TIM3_IRQHandler   key.o
    0x08002e38   0x08002e38   0x0000001e   Code   RO         2483    i.TIM_CCxCmd        stm32f10x_tim.o
    0x08002e56   0x08002e56   0x00000006   Code   RO         2486    i.TIM_ClearITPendingBit  stm32f10x_tim.o
    0x08002e5c   0x08002e5c   0x00000018   Code   RO         2491    i.TIM_Cmd           stm32f10x_tim.o
    0x08002e74   0x08002e74   0x000001e8   Code   RO         2496    i.TIM_DeInit        stm32f10x_tim.o
    0x0800305c   0x0800305c   0x00000012   Code   RO         2501    i.TIM_ForcedOC1Config  stm32f10x_tim.o
    0x0800306e   0x0800306e   0x0000001a   Code   RO         2502    i.TIM_ForcedOC2Config  stm32f10x_tim.o
    0x08003088   0x08003088   0x00000022   Code   RO         2512    i.TIM_GetITStatus   stm32f10x_tim.o
    0x080030aa   0x080030aa   0x00000012   Code   RO         2516    i.TIM_ITConfig      stm32f10x_tim.o
    0x080030bc   0x080030bc   0x00000098   Code   RO         2520    i.TIM_OC1Init       stm32f10x_tim.o
    0x08003154   0x08003154   0x00000012   Code   RO         2523    i.TIM_OC1PreloadConfig  stm32f10x_tim.o
    0x08003166   0x08003166   0x00000002   PAD
    0x08003168   0x08003168   0x000000a4   Code   RO         2525    i.TIM_OC2Init       stm32f10x_tim.o
    0x0800320c   0x0800320c   0x0000001a   Code   RO         2528    i.TIM_OC2PreloadConfig  stm32f10x_tim.o
    0x08003226   0x08003226   0x00000052   Code   RO         2546    i.TIM_SelectOCxM    stm32f10x_tim.o
    0x08003278   0x08003278   0x000000a4   Code   RO         2562    i.TIM_TimeBaseInit  stm32f10x_tim.o
    0x0800331c   0x0800331c   0x000000f8   Code   RO         3275    i.UART4_IRQHandler  usart.o
    0x08003414   0x08003414   0x000000d0   Code   RO         3276    i.UART4_Init        usart.o
    0x080034e4   0x080034e4   0x00000068   Code   RO         3277    i.UART5_IRQHandler  usart.o
    0x0800354c   0x0800354c   0x000000b0   Code   RO         3278    i.UART5_Init        usart.o
    0x080035fc   0x080035fc   0x000000e4   Code   RO         3279    i.USART1_IRQHandler  usart.o
    0x080036e0   0x080036e0   0x000000a0   Code   RO         3280    i.USART1_Init       usart.o
    0x08003780   0x08003780   0x000000f8   Code   RO         3281    i.USART2_IRQHandler  usart.o
    0x08003878   0x08003878   0x000000c8   Code   RO         3282    i.USART2_Init       usart.o
    0x08003940   0x08003940   0x000000f8   Code   RO         3283    i.USART3_IRQHandler  usart.o
    0x08003a38   0x08003a38   0x000000cc   Code   RO         3284    i.USART3_Init       usart.o
    0x08003b04   0x08003b04   0x0000001e   Code   RO         3024    i.USART_ClearITPendingBit  stm32f10x_usart.o
    0x08003b22   0x08003b22   0x00000018   Code   RO         3027    i.USART_Cmd         stm32f10x_usart.o
    0x08003b3a   0x08003b3a   0x00000002   PAD
    0x08003b3c   0x08003b3c   0x0000009c   Code   RO         3029    i.USART_DeInit      stm32f10x_usart.o
    0x08003bd8   0x08003bd8   0x0000001a   Code   RO         3030    i.USART_GetFlagStatus  stm32f10x_usart.o
    0x08003bf2   0x08003bf2   0x00000054   Code   RO         3031    i.USART_GetITStatus  stm32f10x_usart.o
    0x08003c46   0x08003c46   0x0000004a   Code   RO         3033    i.USART_ITConfig    stm32f10x_usart.o
    0x08003c90   0x08003c90   0x000000d8   Code   RO         3034    i.USART_Init        stm32f10x_usart.o
    0x08003d68   0x08003d68   0x0000000a   Code   RO         3041    i.USART_ReceiveData  stm32f10x_usart.o
    0x08003d72   0x08003d72   0x00000008   Code   RO         3044    i.USART_SendData    stm32f10x_usart.o
    0x08003d7a   0x08003d7a   0x00000022   Code   RO         3287    i.USARTx_SendArray  usart.o
    0x08003d9c   0x08003d9c   0x0000001e   Code   RO         3288    i.USARTx_SendByte   usart.o
    0x08003dba   0x08003dba   0x00000004   Code   RO          157    i.UsageFault_Handler  stm32f10x_it.o
    0x08003dbe   0x08003dbe   0x00000002   PAD
    0x08003dc0   0x08003dc0   0x0000002c   Code   RO         3421    i.W5500_GPIO_Configuration  w5500.o
    0x08003dec   0x08003dec   0x00000024   Code   RO         3422    i.W5500_Hardware_Reset  w5500.o
    0x08003e10   0x08003e10   0x00000080   Code   RO         3423    i.W5500_Init        w5500.o
    0x08003e90   0x08003e90   0x000000a4   Code   RO         3424    i.W5500_Interrupt_Process  w5500.o
    0x08003f34   0x08003f34   0x0000006c   Code   RO         3425    i.W5500_Socket_Set  w5500.o
    0x08003fa0   0x08003fa0   0x0000010c   Code   RO         3426    i.Write_SOCK_Data_Buffer  w5500.o
    0x080040ac   0x080040ac   0x00000030   Code   RO         3427    i.Write_W5500_1Byte  w5500.o
    0x080040dc   0x080040dc   0x00000030   Code   RO         3428    i.Write_W5500_2Byte  w5500.o
    0x0800410c   0x0800410c   0x0000003c   Code   RO         3429    i.Write_W5500_SOCK_1Byte  w5500.o
    0x08004148   0x08004148   0x0000003c   Code   RO         3430    i.Write_W5500_SOCK_2Byte  w5500.o
    0x08004184   0x08004184   0x00000054   Code   RO         3431    i.Write_W5500_SOCK_4Byte  w5500.o
    0x080041d8   0x080041d8   0x00000044   Code   RO         3432    i.Write_W5500_nByte  w5500.o
    0x0800421c   0x0800421c   0x0000000e   Code   RO         3980    i._is_digit         c_w.l(__printf_wp.o)
    0x0800422a   0x0800422a   0x00000002   PAD
    0x0800422c   0x0800422c   0x0000010c   Code   RO         3836    i.funcNet_OCEPCtrl  datapackage.o
    0x08004338   0x08004338   0x000000f4   Code   RO         3581    i.funcNet_StarSend  remote.o
    0x0800442c   0x0800442c   0x00000038   Code   RO         3582    i.funcNet_StartLearn  remote.o
    0x08004464   0x08004464   0x00000094   Code   RO         3837    i.funcRS_OCEPCtrl   datapackage.o
    0x080044f8   0x080044f8   0x000000ec   Code   RO         3583    i.funcRS_StarSend   remote.o
    0x080045e4   0x080045e4   0x0000013c   Code   RO         3584    i.funcRS_StartLearn  remote.o
    0x08004720   0x08004720   0x0000012c   Code   RO            1    i.main              main.o
    0x0800484c   0x0800484c   0x0000002c   Code   RO         4136    locale$$code        c_w.l(lc_ctype_c.o)
    0x08004878   0x08004878   0x00000028   Data   RO         3968    .constdata          c_w.l(_printf_hex_int_ll_ptr.o)
    0x080048a0   0x080048a0   0x00000011   Data   RO         3988    .constdata          c_w.l(__printf_flags_ss_wp.o)
    0x080048b1   0x080048b1   0x00000003   PAD
    0x080048b4   0x080048b4   0x00000063   Data   RO         3780    .conststring        key.o
    0x08004917   0x08004917   0x00000001   PAD
    0x08004918   0x08004918   0x00000020   Data   RO         4282    Region$$Table       anon$$obj.o
    0x08004938   0x08004938   0x00000110   Data   RO         4135    locale$$data        c_w.l(lc_ctype_c.o)


    Execution Region RW_IRAM1 (Exec base: 0x20000000, Load base: 0x08004a48, Size: 0x00002be8, Max: 0x00010000, ABSOLUTE)

    Exec Addr    Load Addr    Size         Type   Attr      Idx    E Section Name        Object

    0x20000000   0x08004a48   0x0000000c   Data   RW            2    .data               main.o
    0x2000000c   0x08004a54   0x00000014   Data   RW          216    .data               system_stm32f10x.o
    0x20000020   0x08004a68   0x00000014   Data   RW         1887    .data               stm32f10x_rcc.o
    0x20000034   0x08004a7c   0x0000000b   Data   RW         3293    .data               usart.o
    0x2000003f   0x08004a87   0x0000003e   Data   RW         3434    .data               w5500.o
    0x2000007d   0x08004ac5   0x00000003   PAD
    0x20000080   0x08004ac8   0x00000029   Data   RW         3586    .data               remote.o
    0x200000a9   0x08004af1   0x00000001   Data   RW         3781    .data               key.o
    0x200000aa   0x08004af2   0x00000004   Data   RW         3839    .data               datapackage.o
    0x200000ae   0x08004af6   0x00000004   Data   RW         3884    .data               delay.o
    0x200000b2   0x08004afa   0x00000002   PAD
    0x200000b4        -       0x0000010e   Zero   RW         3292    .bss                usart.o
    0x200001c2        -       0x00001000   Zero   RW         3433    .bss                w5500.o
    0x200011c2   0x08004afa   0x00000002   PAD
    0x200011c4        -       0x00000fc4   Zero   RW         3585    .bss                remote.o
    0x20002188        -       0x00000400   Zero   RW         3779    .bss                key.o
    0x20002588        -       0x00000060   Zero   RW         4066    .bss                c_w.l(libspace.o)
    0x200025e8        -       0x00000200   Zero   RW          258    HEAP                startup_stm32f10x_hd.o
    0x200027e8        -       0x00000400   Zero   RW          257    STACK               startup_stm32f10x_hd.o


==============================================================================

Image component sizes


      Code (inc. data)   RO Data    RW Data    ZI Data      Debug   Object Name

      1074        100          0          0          0       9639   24cxx.o
         0          0          0          0          0         32   core_cm3.o
      2216        358          0          4          0       5057   datapackage.o
       220         26          0          4          0       1703   delay.o
       956        160         99          1       1024      18421   key.o
       300         44          0         12          0     259642   main.o
       172         22          0          0          0     208853   misc.o
       372         40          0          0          0       1242   ocep.o
      2160        372          0         41       4036       7333   remote.o
       160         10          0          0          0        963   scio.o
        64         26        304          0       1536        788   startup_stm32f10x_hd.o
       160         12          0          0          0       1409   stm32f10x_exti.o
       494         10          0          0          0       4320   stm32f10x_gpio.o
        26          0          0          0          0       3662   stm32f10x_it.o
        12          6          0          0          0        483   stm32f10x_pwr.o
       340         44          0         20          0       5396   stm32f10x_rcc.o
       112          0          0          0          0       3666   stm32f10x_spi.o
      1250        136          0          0          0       9131   stm32f10x_tim.o
       628         28          0          0          0       7146   stm32f10x_usart.o
       328         28          0         20          0       2057   system_stm32f10x.o
      2088        338          0         11        270       9010   usart.o
      2736        254          0         62       4096      20985   w5500.o

    ----------------------------------------------------------------------
     15886       2014        436        180      10964     580938   Object Totals
         0          0         32          0          0          0   (incl. Generated)
        18          0          1          5          2          0   (incl. Padding)

    ----------------------------------------------------------------------

      Code (inc. data)   RO Data    RW Data    ZI Data      Debug   Library Member Name

        44          6          0          0          0         84   __2sprintf.o
         8          0          0          0          0         68   __main.o
       392          4         17          0          0         92   __printf_flags_ss_wp.o
        14          0          0          0          0         68   __printf_wp.o
         0          0          0          0          0          0   __rtentry.o
        12          0          0          0          0          0   __rtentry2.o
         6          0          0          0          0          0   __rtentry4.o
        52          8          0          0          0          0   __scatter.o
        26          0          0          0          0          0   __scatter_copy.o
        28          0          0          0          0          0   __scatter_zi.o
        28          0          0          0          0         68   _chval.o
        48          6          0          0          0         96   _printf_char_common.o
         6          0          0          0          0          0   _printf_d.o
       120         16          0          0          0         92   _printf_dec.o
       148          4         40          0          0        160   _printf_hex_int_ll_ptr.o
       178          0          0          0          0         88   _printf_intcommon.o
        78          0          0          0          0        108   _printf_pad.o
         0          0          0          0          0          0   _printf_percent.o
         4          0          0          0          0          0   _printf_percent_end.o
         6          0          0          0          0          0   _printf_x.o
        10          0          0          0          0         68   _sputc.o
       158          0          0          0          0         92   _strtoul.o
        26          0          0          0          0         80   atoi.o
        18          0          0          0          0         80   exit.o
         6          0          0          0          0        152   heapauxi.o
         0          0          0          0          0          0   indicate_semi.o
        44         10        272          0          0         76   lc_ctype_c.o
         2          0          0          0          0          0   libinit.o
        20          0          0          0          0          0   libinit2.o
         2          0          0          0          0          0   libshutdown.o
         2          0          0          0          0          0   libshutdown2.o
         8          4          0          0         96         68   libspace.o
        16          4          0          0          0         76   rt_ctype_table.o
         8          4          0          0          0         68   rt_errno_addr_intlibspace.o
         8          4          0          0          0         68   rt_locale_intlibspace.o
        68          0          0          0          0         68   rt_memclr.o
        78          0          0          0          0         80   rt_memclr_w.o
       138          0          0          0          0         68   rt_memcpy_v6.o
       100          0          0          0          0         80   rt_memcpy_w.o
         2          0          0          0          0          0   rtexit.o
        10          0          0          0          0          0   rtexit2.o
       128          0          0          0          0         68   strcmpv7m.o
        62          0          0          0          0         76   strlen.o
        36          0          0          0          0         80   strstr.o
       112          0          0          0          0         88   strtol.o
        12          4          0          0          0         68   sys_exit.o
        74          0          0          0          0         80   sys_stackheap_outer.o
         2          0          0          0          0         68   use_no_semi.o

    ----------------------------------------------------------------------
      2362         74        332          0         96       2576   Library Totals
        14          0          3          0          0          0   (incl. Padding)

    ----------------------------------------------------------------------

      Code (inc. data)   RO Data    RW Data    ZI Data      Debug   Library Name

      2348         74        329          0         96       2576   c_w.l

    ----------------------------------------------------------------------
      2362         74        332          0         96       2576   Library Totals

    ----------------------------------------------------------------------

==============================================================================


      Code (inc. data)   RO Data    RW Data    ZI Data      Debug   

     18248       2088        768        180      11060     575242   Grand Totals
     18248       2088        768        180      11060     575242   ELF Image Totals
     18248       2088        768        180          0          0   ROM Totals

==============================================================================

    Total RO  Size (Code + RO Data)                19016 (  18.57kB)
    Total RW  Size (RW Data + ZI Data)             11240 (  10.98kB)
    Total ROM Size (Code + RO Data + RW Data)      19196 (  18.75kB)

==============================================================================

