<html>
<body>
<pre>
<h1>礦ision Build Log</h1>
<h2>Tool Versions:</h2>
IDE-Version: μVision V5.36.0.0
Copyright (C) 2021 ARM Ltd and ARM Germany GmbH. All rights reserved.
License Information: Sirius Sirius, Sirius, LIC=BUURY-IHPBB-WFXI7-EEMLU-PZ1P5-INWTX
 
Tool Versions:
Toolchain:       MDK-ARM Plus  Version: 5.36.0.0
Toolchain Path:  D:\Software\KeilMDK\ARM\ARMCC\Bin
C Compiler:      Armcc.exe V5.06 update 7 (build 960)
Assembler:       Armasm.exe V5.06 update 7 (build 960)
Linker/Locator:  ArmLink.exe V5.06 update 7 (build 960)
Library Manager: ArmAr.exe V5.06 update 7 (build 960)
Hex Converter:   FromElf.exe V5.06 update 7 (build 960)
CPU DLL:         SARMCM3.DLL V5.36.0.0
Dialog DLL:      DCM.DLL V1.17.3.0
Target DLL:      STLink\ST-LINKIII-KEIL_SWO.dll V3.0.9.0
Dialog DLL:      TCM.DLL V1.53.0.0
 
<h2>Project:</h2>
E:\Electronics\老师项目\通信板卡\code\USER\Project.uvprojx
Project File Date:  12/06/2023

<h2>Output:</h2>
*** Using Compiler 'V5.06 update 7 (build 960)', folder: 'D:\Software\KeilMDK\ARM\ARMCC\Bin'
Build target 'complete'
compiling DataPackage.c...
..\HARDWARE\DataPackage\DataPackage.c(769): warning:  #186-D: pointless comparison of unsigned integer with zero
          if ((channel >= 1 && channel <= 3) && (wordlength >= 0 && wordlength <= 1)&&
..\HARDWARE\DataPackage\DataPackage.c(770): warning:  #186-D: pointless comparison of unsigned integer with zero
              (stopbits >= 0 && stopbits <= 3) && (Parity >= 0 && Parity <= 2) &&
..\HARDWARE\DataPackage\DataPackage.c(771): warning:  #186-D: pointless comparison of unsigned integer with zero
              (HardwareFlowControl >= 0 && HardwareFlowControl <= 3))
..\HARDWARE\DataPackage\DataPackage.c(913): warning:  #1-D: last line of file ends without a newline
  }
..\HARDWARE\DataPackage\DataPackage.c: 4 warnings, 0 errors
linking...
Program Size: Code=32282 RO-data=1378 RW-data=256 ZI-data=13112  
"..\OBJ\project.axf" - 0 Error(s), 4 Warning(s).

<h2>Software Packages used:</h2>

Package Vendor: Keil
                https://www.keil.com/pack/Keil.STM32F1xx_DFP.2.4.1.pack
                Keil.STM32F1xx_DFP.2.4.1
                STMicroelectronics STM32F1 Series Device Support, Drivers and Examples

<h2>Collection of Component include folders:</h2>
  D:\Software\KeilMDK\Keil\STM32F1xx_DFP\2.4.1\Device\Include

<h2>Collection of Component Files used:</h2>
Build Time Elapsed:  00:00:01
</pre>
</body>
</html>
